Archive member included to satisfy reference by file (symbol)

/home/ls/Desktop/OLSONET/PICOS/PicOS/CC13XX/CC13XXWARE/driverlib/bin/gcc/driverlib.lib(adi.o)
                              KTMP/analog_sensor.o (SafeHapiAuxAdiSelect)
/home/ls/Desktop/OLSONET/PICOS/PicOS/CC13XX/CC13XXWARE/driverlib/bin/gcc/driverlib.lib(aon_batmon.o)
                              KTMP/main.o (NOROM_AONBatMonTemperatureGetDegC)
/home/ls/Desktop/OLSONET/PICOS/PicOS/CC13XX/CC13XXWARE/driverlib/bin/gcc/driverlib.lib(aon_rtc.o)
                              KTMP/main.o (NOROM_AONRTCCurrent64BitValueGet)
/home/ls/Desktop/OLSONET/PICOS/PicOS/CC13XX/CC13XXWARE/driverlib/bin/gcc/driverlib.lib(aux_adc.o)
                              KTMP/analog_sensor.o (NOROM_AUXADCDisable)
/home/ls/Desktop/OLSONET/PICOS/PicOS/CC13XX/CC13XXWARE/driverlib/bin/gcc/driverlib.lib(cpu.o)
                              KTMP/main.o (NOROM_CPUcpsid)
/home/ls/Desktop/OLSONET/PICOS/PicOS/CC13XX/CC13XXWARE/driverlib/bin/gcc/driverlib.lib(osc.o)
                              KTMP/rfprop.o (NOROM_OSCHF_TurnOnXosc)
/home/ls/Desktop/OLSONET/PICOS/PicOS/CC13XX/CC13XXWARE/driverlib/bin/gcc/driverlib.lib(rfc.o)
                              KTMP/rfprop.o (NOROM_RFCDoorbellSendTo)
/home/ls/Desktop/OLSONET/PICOS/PicOS/CC13XX/CC13XXWARE/driverlib/bin/gcc/driverlib.lib(setup.o)
                              KTMP/startup_gcc.o (NOROM_SetupTrimDevice)
/home/ls/Desktop/OLSONET/PICOS/PicOS/CC13XX/CC13XXWARE/driverlib/bin/gcc/driverlib.lib(setup_rom.o)
                              /home/ls/Desktop/OLSONET/PICOS/PicOS/CC13XX/CC13XXWARE/driverlib/bin/gcc/driverlib.lib(setup.o) (NOROM_SetupAfterColdResetWakeupFromShutDownCfg1)
/home/ls/Desktop/OLSONET/PICOS/PicOS/CC13XX/CC13XXWARE/driverlib/bin/gcc/driverlib.lib(sys_ctrl.o)
                              KTMP/main.o (NOROM_SysCtrlSetRechargeBeforePowerDown)
/home/ls/Desktop/OLSONET/PICOS/PicOS/CC13XX/CC13XXWARE/driverlib/bin/gcc/driverlib.lib(chipinfo.o)
                              /home/ls/Desktop/OLSONET/PICOS/PicOS/CC13XX/CC13XXWARE/driverlib/bin/gcc/driverlib.lib(setup.o) (NOROM_ThisCodeIsBuiltForCC13xxHwRev20AndLater_HaltIfViolated)
/home/ls/Desktop/OLSONET/PICOS/PicOS/CC13XX/CC13XXWARE/driverlib/bin/gcc/driverlib.lib(ddi.o)
                              /home/ls/Desktop/OLSONET/PICOS/PicOS/CC13XX/CC13XXWARE/driverlib/bin/gcc/driverlib.lib(setup_rom.o) (NOROM_DDI32RegWrite)
/usr/lib/gcc/arm-none-eabi/10.3.1/../../../arm-none-eabi/lib/thumb/nofp/libg.a(lib_a-memcpy-stub.o)
                              KTMP/startup_gcc.o (memcpy)
/usr/lib/gcc/arm-none-eabi/10.3.1/../../../arm-none-eabi/lib/thumb/nofp/libg.a(lib_a-memset.o)
                              KTMP/kernel.o (memset)

Discarded input sections

 .text          0x0000000000000000        0x0 KTMP/app.o
 .data          0x0000000000000000        0x0 KTMP/app.o
 .bss           0x0000000000000000        0x0 KTMP/app.o
 .bss.delete_destination_id
                0x0000000000000000        0x1 KTMP/app.o
 .bss.delete_request_num
                0x0000000000000000        0x1 KTMP/app.o
 .bss.delete_response_status
                0x0000000000000000        0x1 KTMP/app.o
 .bss.destination_id
                0x0000000000000000        0x4 KTMP/app.o
 .bss.read_byte_tracker
                0x0000000000000000        0x4 KTMP/app.o
 .text          0x0000000000000000        0x0 KTMP/main.o
 .data          0x0000000000000000        0x0 KTMP/main.o
 .bss           0x0000000000000000        0x0 KTMP/main.o
 .text.reset    0x0000000000000000       0x24 KTMP/main.o
 .text.__pi_uart_getrate
                0x0000000000000000        0xc KTMP/main.o
 .text.__pi_stackfree
                0x0000000000000000       0x28 KTMP/main.o
 .text.__pi_batmon
                0x0000000000000000       0x54 KTMP/main.o
 .bss.where.0   0x0000000000000000        0x1 KTMP/main.o
 .text          0x0000000000000000        0x0 KTMP/kernel.o
 .data          0x0000000000000000        0x0 KTMP/kernel.o
 .bss           0x0000000000000000        0x0 KTMP/kernel.o
 .rodata.pidver.str1.1
                0x0000000000000000        0x4 KTMP/kernel.o
 .text.pidver   0x0000000000000000       0x24 KTMP/kernel.o
 .rodata.utimer_delete.str1.1
                0x0000000000000000        0x5 KTMP/kernel.o
 .text.utimer_delete
                0x0000000000000000       0x54 KTMP/kernel.o
 .text.__pi_ptrigger
                0x0000000000000000       0x2c KTMP/kernel.o
 .text.unwait   0x0000000000000000       0x14 KTMP/kernel.o
 .text.dleft    0x0000000000000000       0x40 KTMP/kernel.o
 .text.getcode  0x0000000000000000       0x18 KTMP/kernel.o
 .text.crunning
                0x0000000000000000       0x20 KTMP/kernel.o
 .text.__pi_strncpy
                0x0000000000000000       0x1c KTMP/kernel.o
 .text.__pi_strcat
                0x0000000000000000       0x10 KTMP/kernel.o
 .text.__pi_strncat
                0x0000000000000000        0x6 KTMP/kernel.o
 .text.killall  0x0000000000000000       0x58 KTMP/kernel.o
 .text.__pi_memfree
[...]
Memory Configuration

Name             Origin             Length             Attributes
FLASH            0x0000000000000000 0x000000000001ffa8 xr
FLASH_CCFG       0x000000000001ffa8 0x0000000000000058 xr
SRAM             0x0000000020000000 0x0000000000005000 xrw
GPRAM            0x0000000011000000 0x0000000000002000 xrw
*default*        0x0000000000000000 0xffffffffffffffff

Linker script and memory map

                0x0000000020005000                _estack = (ORIGIN (SRAM) + LENGTH (SRAM))
                0x0000000000000000                _Min_Heap_Size = 0x0
                0x0000000000000100                _Min_Stack_Size = 0x100

.text           0x0000000000000000     0x5e00
                0x0000000000000000                _text = .
 *(.vectors)
 .vectors       0x0000000000000000       0xc8 KTMP/startup_gcc.o
                0x0000000000000000                g_pfnVectors
 *(.text*)
 .text.Create   0x00000000000000c8      0x204 KTMP/app.o
                0x00000000000000c8                Create
 .text.Retrieve
                0x00000000000002cc      0x1cc KTMP/app.o
                0x00000000000002cc                Retrieve
 .text.Find     0x0000000000000498      0x124 KTMP/app.o
                0x0000000000000498                Find
 .text.Delete   0x00000000000005bc      0x1dc KTMP/app.o
                0x00000000000005bc                Delete
 .text.Receiver
                0x0000000000000798      0x608 KTMP/app.o
                0x0000000000000798                Receiver
 .text.root     0x0000000000000da0      0x350 KTMP/app.o
                0x0000000000000da0                root
 .text.devinit_uart
                0x00000000000010f0        0xc KTMP/main.o
 .text.udelay   0x00000000000010fc       0x2c KTMP/main.o
                0x00000000000010fc                udelay
 .text.mdelay   0x0000000000001128       0x2a KTMP/main.o
                0x0000000000001128                mdelay
 *fill*         0x0000000000001152        0x2 00000000
 .text.__pi_ondomain
                0x0000000000001154       0x40 KTMP/main.o
                0x0000000000001154                __pi_ondomain
 .text.__pi_offdomain
                0x0000000000001194       0x44 KTMP/main.o
                0x0000000000001194                __pi_offdomain
 .text.__pi_syserror
                0x00000000000011d8       0x54 KTMP/main.o
                0x00000000000011d8                __pi_syserror
 .text.tci_run_delay_timer
                0x000000000000122c       0x44 KTMP/main.o
                0x000000000000122c                tci_run_delay_timer
 .text.tci_run_auxiliary_timer
                0x0000000000001270       0x2c KTMP/main.o
                0x0000000000001270                tci_run_auxiliary_timer
 .text.AONRTCIntHandler
                0x000000000000129c      0x118 KTMP/main.o
                0x000000000000129c                AONRTCIntHandler
 .text.tci_update_delay_ticks
                0x00000000000013b4       0x54 KTMP/main.o
                0x00000000000013b4                tci_update_delay_ticks
 .text.__pi_uart_setrate
                0x0000000000001408       0x50 KTMP/main.o
                0x0000000000001408                __pi_uart_setrate
 .text.reinit_uart
                0x0000000000001458       0x2c KTMP/main.o
 .text.ioreq_uart_a
                0x0000000000001484      0x100 KTMP/main.o
 .text.UART0IntHandler
                0x0000000000001584       0xbc KTMP/main.o
                0x0000000000001584                UART0IntHandler
 .text.__buttons_setirq
                0x0000000000001640       0x48 KTMP/main.o
                0x0000000000001640                __buttons_setirq
 .text.__pinlist_setirq
                0x0000000000001688       0x3c KTMP/main.o
                0x0000000000001688                __pinlist_setirq
 .text.GPIOIntHandler
                0x00000000000016c4       0xac KTMP/main.o
                0x00000000000016c4                GPIOIntHandler
 .text.system_init
                0x0000000000001770      0x1b8 KTMP/main.o
                0x0000000000001770                system_init
 .text.setpowermode
                0x0000000000001928       0x24 KTMP/main.o
                0x0000000000001928                setpowermode
 .text.__pi_release
                0x000000000000194c      0x268 KTMP/main.o
                0x000000000000194c                __pi_release
 .text.halt     0x0000000000001bb4       0x34 KTMP/main.o
                0x0000000000001bb4                halt
 .text.startup.main
                0x0000000000001be8       0x64 KTMP/main.o
                0x0000000000001be8                main
 .text.killev   0x0000000000001c4c       0x3c KTMP/kernel.o
 .text.qfree    0x0000000000001c88       0x80 KTMP/kernel.o
 .text.dgout    0x0000000000001d08       0x14 KTMP/kernel.o
 .text.__pi_badstate
                0x0000000000001d1c       0x10 KTMP/kernel.o
                0x0000000000001d1c                __pi_badstate
 .text.utimer_add
                0x0000000000001d2c       0x2c KTMP/kernel.o
                0x0000000000001d2c                utimer_add
 .text.__pi_utimer_set
                0x0000000000001d58        0x6 KTMP/kernel.o
                0x0000000000001d58                __pi_utimer_set
 *fill*         0x0000000000001d5e        0x2 00000000
 .text.update_n_wake
                0x0000000000001d60       0xcc KTMP/kernel.o
                0x0000000000001d60                update_n_wake
 .text.proceed  0x0000000000001e2c       0x14 KTMP/kernel.o
                0x0000000000001e2c                proceed
 .text.__pi_wait
                0x0000000000001e40       0x34 KTMP/kernel.o
                0x0000000000001e40                __pi_wait
 .text.__pi_trigger
                0x0000000000001e74       0x34 KTMP/kernel.o
                0x0000000000001e74                __pi_trigger
 .text.__pi_join
                0x0000000000001ea8       0x24 KTMP/kernel.o
                0x0000000000001ea8                __pi_join
 .text.delay    0x0000000000001ecc       0x38 KTMP/kernel.o
                0x0000000000001ecc                delay
 .text.running  0x0000000000001f04       0x24 KTMP/kernel.o
                0x0000000000001f04                running
 .text.__pi_strlen
                0x0000000000001f28        0xe KTMP/kernel.o
                0x0000000000001f28                __pi_strlen
 .text.__pi_strcpy
                0x0000000000001f36       0x10 KTMP/kernel.o
                0x0000000000001f36                __pi_strcpy
 .text.__pi_memcpy
                0x0000000000001f46       0x14 KTMP/kernel.o
                0x0000000000001f46                __pi_memcpy
 .text.__pi_memset
                0x0000000000001f5a        0x4 KTMP/kernel.o
                0x0000000000001f5a                __pi_memset
 *fill*         0x0000000000001f5e        0x2 00000000
 .text.adddevfunc
                0x0000000000001f60       0x24 KTMP/kernel.o
                0x0000000000001f60                adddevfunc
 .text.io       0x0000000000001f84       0x9c KTMP/kernel.o
                0x0000000000001f84                io
 .text.__pi_malloc_init
                0x0000000000002020       0x50 KTMP/kernel.o
                0x0000000000002020                __pi_malloc_init
 .text.__pi_free
                0x0000000000002070       0x48 KTMP/kernel.o
                0x0000000000002070                __pi_free
 .text.kill     0x00000000000020b8       0x50 KTMP/kernel.o
                0x00000000000020b8                kill
 .text.__pi_malloc
                0x0000000000002108       0xa8 KTMP/kernel.o
                0x0000000000002108                __pi_malloc
 .text.__pi_fork
                0x00000000000021b0       0x34 KTMP/kernel.o
                0x00000000000021b0                __pi_fork
 .text.__pi_waitmem
                0x00000000000021e4       0x18 KTMP/kernel.o
                0x00000000000021e4                __pi_waitmem
 .text.diag     0x00000000000021fc      0x144 KTMP/kernel.o
                0x00000000000021fc                diag
 .text.lrnd     0x0000000000002340       0x24 KTMP/kernel.o
                0x0000000000002340                lrnd
 .text.enq      0x0000000000002364       0x4c KTMP/tcv.o
 .text.apb      0x00000000000023b0       0x16 KTMP/tcv.o
 .text.deq      0x00000000000023c6       0x1a KTMP/tcv.o
 .text.rlp      0x00000000000023e0        0xe KTMP/tcv.o
 *fill*         0x00000000000023ee        0x2 00000000
 .text.dispose  0x00000000000023f0       0x8c KTMP/tcv.o
 .text.tcv_endp
                0x000000000000247c       0x70 KTMP/tcv.o
                0x000000000000247c                tcv_endp
 .text.tcv_open
                0x00000000000024ec       0xc0 KTMP/tcv.o
                0x00000000000024ec                tcv_open
 .text.tcv_plug
                0x00000000000025ac       0x24 KTMP/tcv.o
                0x00000000000025ac                tcv_plug
 .text.tcv_rnp  0x00000000000025d0       0x80 KTMP/tcv.o
                0x00000000000025d0                tcv_rnp
 .text.tcv_wnps
                0x0000000000002650       0xbc KTMP/tcv.o
                0x0000000000002650                tcv_wnps
 .text.tcvp_control
                0x000000000000270c       0x2c KTMP/tcv.o
                0x000000000000270c                tcvp_control
 .text.tcv_control
                0x0000000000002738       0x60 KTMP/tcv.o
                0x0000000000002738                tcv_control
 .text.tcvp_new
                0x0000000000002798       0x68 KTMP/tcv.o
                0x0000000000002798                tcvp_new
 .text.tcvphy_reg
                0x0000000000002800       0x50 KTMP/tcv.o
                0x0000000000002800                tcvphy_reg
 .text.tcvphy_rcv
                0x0000000000002850       0xa0 KTMP/tcv.o
                0x0000000000002850                tcvphy_rcv
 .text.tcvphy_get
                0x00000000000028f0       0x40 KTMP/tcv.o
                0x00000000000028f0                tcvphy_get
 .text.tcvphy_top
                0x0000000000002930       0x34 KTMP/tcv.o
                0x0000000000002930                tcvphy_top
 .text.tcvphy_end
                0x0000000000002964       0x3c KTMP/tcv.o
                0x0000000000002964                tcvphy_end
 .text.tcv_init
                0x00000000000029a0        0x2 KTMP/tcv.o
                0x00000000000029a0                tcv_init
 .text.NmiSRHandler
                0x00000000000029a2        0x2 KTMP/startup_gcc.o
                0x00000000000029a2                NmiSR
 .text.FaultISRHandler
                0x00000000000029a4        0x2 KTMP/startup_gcc.o
                0x00000000000029a4                FaultISR
 .text.IntDefaultHandler
                0x00000000000029a6        0x2 KTMP/startup_gcc.o
                0x00000000000029a6                TRNGIntHandler
                0x00000000000029a6                SSI0IntHandler
                0x00000000000029a6                SWEvent0IntHandler
                0x00000000000029a6                uDMAIntHandler
                0x00000000000029a6                WatchdogIntHandler
                0x00000000000029a6                RFCHardwareIntHandler
                0x00000000000029a6                Timer1BIntHandler
                0x00000000000029a6                I2SIntHandler
                0x00000000000029a6                Timer2BIntHandler
                0x00000000000029a6                Timer2AIntHandler
                0x00000000000029a6                Timer1AIntHandler
                0x00000000000029a6                AONIntHandler
                0x00000000000029a6                AUXSWEvent0IntHandler
                0x00000000000029a6                AUXADCIntHandler
                0x00000000000029a6                PendSVIntHandler
                0x00000000000029a6                RFCCPE1IntHandler
                0x00000000000029a6                AUXSWEvent1IntHandler
                0x00000000000029a6                SVCallIntHandler
                0x00000000000029a6                MPUFaultIntHandler
                0x00000000000029a6                SysTickIntHandler
                0x00000000000029a6                BusFaultIntHandler
                0x00000000000029a6                AONProgIntHandler
                0x00000000000029a6                AUXCompAIntHandler
                0x00000000000029a6                SSI1IntHandler
                0x00000000000029a6                FlashIntHandler
                0x00000000000029a6                uDMAErrIntHandler
                0x00000000000029a6                UsageFaultIntHandler
                0x00000000000029a6                RFCCmdAckIntHandler
                0x00000000000029a6                CryptoIntHandler
                0x00000000000029a6                Timer0AIntHandler
                0x00000000000029a6                I2CIntHandler
                0x00000000000029a6                DebugMonIntHandler
                0x00000000000029a6                Timer0BIntHandler
                0x00000000000029a6                AUXCombEventIntHandler
                0x00000000000029a6                Timer3AIntHandler
                0x00000000000029a6                DynProgIntHandler
                0x00000000000029a6                Timer3BIntHandler
 .text.ResetISR
                0x00000000000029a8       0x50 KTMP/startup_gcc.o
                0x00000000000029a8                ResetISR
 .text.get_byte
                0x00000000000029f8       0x30 KTMP/storage_mx25r8035.o
 .text.put_byte
                0x0000000000002a28       0x34 KTMP/storage_mx25r8035.o
 .text.cmd_0    0x0000000000002a5c       0x1c KTMP/storage_mx25r8035.o
 .text.wwait    0x0000000000002a78       0x58 KTMP/storage_mx25r8035.o
 .text.ready    0x0000000000002ad0       0x44 KTMP/storage_mx25r8035.o
 .text.cclose   0x0000000000002b14       0x24 KTMP/storage_mx25r8035.o
 .text.ee_open  0x0000000000002b38       0x14 KTMP/storage_mx25r8035.o
                0x0000000000002b38                ee_open
 .text.ee_close
                0x0000000000002b4c       0x14 KTMP/storage_mx25r8035.o
                0x0000000000002b4c                ee_close
 .text.ser_out  0x0000000000002b60       0x6c KTMP/ser_out.o
                0x0000000000002b60                ser_out
 .text.ser_in   0x0000000000002bcc       0x78 KTMP/ser_in.o
                0x0000000000002bcc                ser_in
 .text.ser_outf
                0x0000000000002c44       0x54 KTMP/ser_outf.o
                0x0000000000002c44                ser_outf
 .text.ser_inf  0x0000000000002c98       0x60 KTMP/ser_inf.o
                0x0000000000002c98                ser_inf
 .text.plugch   0x0000000000002cf8       0x20 KTMP/rfprop.o
 .text.option   0x0000000000002d18      0x190 KTMP/rfprop.o
 .text.issue_cmd
                0x0000000000002ea8       0x48 KTMP/rfprop.o
 .text.rx_de    0x0000000000002ef0       0x24 KTMP/rfprop.o
 .text.rf_off   0x0000000000002f14       0x60 KTMP/rfprop.o
 .text.wait_cmd.constprop.0
                0x0000000000002f74       0x38 KTMP/rfprop.o
 .text.rf_on    0x0000000000002fac      0x1a8 KTMP/rfprop.o
 .text.rx_int_enable
                0x0000000000003154       0xc4 KTMP/rfprop.o
 .text.cc1350_driver
                0x0000000000003218      0x1e0 KTMP/rfprop.o
                0x0000000000003218                cc1350_driver
 .text.RFCCPE0IntHandler
                0x00000000000033f8       0x6c KTMP/rfprop.o
                0x00000000000033f8                RFCCPE0IntHandler
 .text.phys_cc1350
                0x0000000000003464      0x174 KTMP/rfprop.o
                0x0000000000003464                phys_cc1350
 .text.tcv_clo_null
                0x00000000000035d8       0x24 KTMP/plug_null.o
 .text.tcv_rcv_null
                0x00000000000035fc       0x24 KTMP/plug_null.o
 .text.tcv_frm_null
                0x0000000000003620        0x8 KTMP/plug_null.o
 .text.tcv_out_null
                0x0000000000003628        0x4 KTMP/plug_null.o
 .text.tcv_xmt_null
                0x000000000000362c        0x4 KTMP/plug_null.o
 .text.tcv_ope_null
                0x0000000000003630       0x48 KTMP/plug_null.o
 .text.__outserial
                0x0000000000003678       0x70 KTMP/__outserial.o
                0x0000000000003678                __outserial
 .text.__inserial
                0x00000000000036e8      0x11c KTMP/__inserial.o
                0x00000000000036e8                __inserial
 .text.outc.0   0x0000000000003804       0x20 KTMP/vform.o
 .text.__pi_vfparse
                0x0000000000003824      0x224 KTMP/vform.o
                0x0000000000003824                __pi_vfparse
 .text.vform    0x0000000000003a48       0x50 KTMP/vform.o
                0x0000000000003a48                vform
 .text.vscan    0x0000000000003a98      0x394 KTMP/vscan.o
                0x0000000000003a98                vscan
 .text.SafeHapiVoid
                0x0000000000003e2c       0x28 /home/ls/Desktop/OLSONET/PICOS/PicOS/CC13XX/CC13XXWARE/driverlib/bin/gcc/driverlib.lib(adi.o)
                0x0000000000003e2c                SafeHapiVoid
 .text.NOROM_AONBatMonTemperatureGetDegC
                0x0000000000003e54       0x30 /home/ls/Desktop/OLSONET/PICOS/PicOS/CC13XX/CC13XXWARE/driverlib/bin/gcc/driverlib.lib(aon_batmon.o)
                0x0000000000003e54                NOROM_AONBatMonTemperatureGetDegC
 .text.NOROM_AONRTCCurrentCompareValueGet
                0x0000000000003e84       0x20 /home/ls/Desktop/OLSONET/PICOS/PicOS/CC13XX/CC13XXWARE/driverlib/bin/gcc/driverlib.lib(aon_rtc.o)
                0x0000000000003e84                NOROM_AONRTCCurrentCompareValueGet
 .text.NOROM_AONRTCCurrent64BitValueGet
                0x0000000000003ea4       0x18 /home/ls/Desktop/OLSONET/PICOS/PicOS/CC13XX/CC13XXWARE/driverlib/bin/gcc/driverlib.lib(aon_rtc.o)
                0x0000000000003ea4                NOROM_AONRTCCurrent64BitValueGet
 .text.NOROM_CPUcpsid
                0x0000000000003ebc        0x8 /home/ls/Desktop/OLSONET/PICOS/PicOS/CC13XX/CC13XXWARE/driverlib/bin/gcc/driverlib.lib(cpu.o)
                0x0000000000003ebc                NOROM_CPUcpsid
 .text.NOROM_CPUcpsie
                0x0000000000003ec4        0x8 /home/ls/Desktop/OLSONET/PICOS/PicOS/CC13XX/CC13XXWARE/driverlib/bin/gcc/driverlib.lib(cpu.o)
                0x0000000000003ec4                NOROM_CPUcpsie
 .text.NOROM_OSCClockSourceSet
                0x0000000000003ecc       0x5c /home/ls/Desktop/OLSONET/PICOS/PicOS/CC13XX/CC13XXWARE/driverlib/bin/gcc/driverlib.lib(osc.o)
                0x0000000000003ecc                NOROM_OSCClockSourceSet
 .text.NOROM_OSCClockSourceGet
                0x0000000000003f28       0x2c /home/ls/Desktop/OLSONET/PICOS/PicOS/CC13XX/CC13XXWARE/driverlib/bin/gcc/driverlib.lib(osc.o)
                0x0000000000003f28                NOROM_OSCClockSourceGet
 .text.NOROM_OSCHF_TurnOnXosc
                0x0000000000003f54       0x18 /home/ls/Desktop/OLSONET/PICOS/PicOS/CC13XX/CC13XXWARE/driverlib/bin/gcc/driverlib.lib(osc.o)
                0x0000000000003f54                NOROM_OSCHF_TurnOnXosc
 .text.NOROM_OSCHF_AttemptToSwitchToXosc
                0x0000000000003f6c       0x60 /home/ls/Desktop/OLSONET/PICOS/PicOS/CC13XX/CC13XXWARE/driverlib/bin/gcc/driverlib.lib(osc.o)
                0x0000000000003f6c                NOROM_OSCHF_AttemptToSwitchToXosc
 .text.NOROM_OSCHF_SwitchToRcOscTurnOffXosc
                0x0000000000003fcc       0x34 /home/ls/Desktop/OLSONET/PICOS/PicOS/CC13XX/CC13XXWARE/driverlib/bin/gcc/driverlib.lib(osc.o)
                0x0000000000003fcc                NOROM_OSCHF_SwitchToRcOscTurnOffXosc
 .text.NOROM_RFCDoorbellSendTo
                0x0000000000004000       0x28 /home/ls/Desktop/OLSONET/PICOS/PicOS/CC13XX/CC13XXWARE/driverlib/bin/gcc/driverlib.lib(rfc.o)
                0x0000000000004000                NOROM_RFCDoorbellSendTo
 .text.NOROM_RFCSynthPowerDown
                0x0000000000004028       0x4c /home/ls/Desktop/OLSONET/PICOS/PicOS/CC13XX/CC13XXWARE/driverlib/bin/gcc/driverlib.lib(rfc.o)
                0x0000000000004028                NOROM_RFCSynthPowerDown
 .text.NOROM_RFCRfTrimRead
                0x0000000000004074      0x150 /home/ls/Desktop/OLSONET/PICOS/PicOS/CC13XX/CC13XXWARE/driverlib/bin/gcc/driverlib.lib(rfc.o)
                0x0000000000004074                NOROM_RFCRfTrimRead
 .text.NOROM_RFCRTrim
                0x00000000000041c4      0x118 /home/ls/Desktop/OLSONET/PICOS/PicOS/CC13XX/CC13XXWARE/driverlib/bin/gcc/driverlib.lib(rfc.o)
                0x00000000000041c4                NOROM_RFCRTrim
 .text.NOROM_RFCRfTrimSet
                0x00000000000042dc       0x20 /home/ls/Desktop/OLSONET/PICOS/PicOS/CC13XX/CC13XXWARE/driverlib/bin/gcc/driverlib.lib(rfc.o)
                0x00000000000042dc                NOROM_RFCRfTrimSet
 .text.NOROM_RFCAdi3VcoLdoVoltageMode
                0x00000000000042fc       0x1c /home/ls/Desktop/OLSONET/PICOS/PicOS/CC13XX/CC13XXWARE/driverlib/bin/gcc/driverlib.lib(rfc.o)
                0x00000000000042fc                NOROM_RFCAdi3VcoLdoVoltageMode
 .text.TrimAfterColdResetWakeupFromShutDown
                0x0000000000004318       0xd4 /home/ls/Desktop/OLSONET/PICOS/PicOS/CC13XX/CC13XXWARE/driverlib/bin/gcc/driverlib.lib(setup.o)
 .text.NOROM_SetupTrimDevice
                0x00000000000043ec       0xa4 /home/ls/Desktop/OLSONET/PICOS/PicOS/CC13XX/CC13XXWARE/driverlib/bin/gcc/driverlib.lib(setup.o)
                0x00000000000043ec                NOROM_SetupTrimDevice
 .text.NOROM_SetupSetVddrLevel
                0x0000000000004490       0x7c /home/ls/Desktop/OLSONET/PICOS/PicOS/CC13XX/CC13XXWARE/driverlib/bin/gcc/driverlib.lib(setup_rom.o)
                0x0000000000004490                NOROM_SetupSetVddrLevel
 .text.NOROM_SetupAfterColdResetWakeupFromShutDownCfg1
                0x000000000000450c       0xac /home/ls/Desktop/OLSONET/PICOS/PicOS/CC13XX/CC13XXWARE/driverlib/bin/gcc/driverlib.lib(setup_rom.o)
                0x000000000000450c                NOROM_SetupAfterColdResetWakeupFromShutDownCfg1
 .text.NOROM_SetupGetTrimForAnabypassValue1
                0x00000000000045b8       0x5c /home/ls/Desktop/OLSONET/PICOS/PicOS/CC13XX/CC13XXWARE/driverlib/bin/gcc/driverlib.lib(setup_rom.o)
                0x00000000000045b8                NOROM_SetupGetTrimForAnabypassValue1
 .text.NOROM_SetupGetTrimForRcOscLfRtuneCtuneTrim
                0x0000000000004614       0x18 /home/ls/Desktop/OLSONET/PICOS/PicOS/CC13XX/CC13XXWARE/driverlib/bin/gcc/driverlib.lib(setup_rom.o)
                0x0000000000004614                NOROM_SetupGetTrimForRcOscLfRtuneCtuneTrim
 .text.NOROM_SetupGetTrimForAmpcompTh2
                0x000000000000462c       0x10 /home/ls/Desktop/OLSONET/PICOS/PicOS/CC13XX/CC13XXWARE/driverlib/bin/gcc/driverlib.lib(setup_rom.o)
                0x000000000000462c                NOROM_SetupGetTrimForAmpcompTh2
 .text.NOROM_SetupGetTrimForAmpcompTh1
                0x000000000000463c       0x14 /home/ls/Desktop/OLSONET/PICOS/PicOS/CC13XX/CC13XXWARE/driverlib/bin/gcc/driverlib.lib(setup_rom.o)
                0x000000000000463c                NOROM_SetupGetTrimForAmpcompTh1
 .text.NOROM_SetupGetTrimForAmpcompCtrl
                0x0000000000004650       0x64 /home/ls/Desktop/OLSONET/PICOS/PicOS/CC13XX/CC13XXWARE/driverlib/bin/gcc/driverlib.lib(setup_rom.o)
                0x0000000000004650                NOROM_SetupGetTrimForAmpcompCtrl
 .text.NOROM_SetupGetTrimForDblrLoopFilterResetVoltage
                0x00000000000046b4       0x14 /home/ls/Desktop/OLSONET/PICOS/PicOS/CC13XX/CC13XXWARE/driverlib/bin/gcc/driverlib.lib(setup_rom.o)
                0x00000000000046b4                NOROM_SetupGetTrimForDblrLoopFilterResetVoltage
 .text.NOROM_SetupGetTrimForAdcShModeEn
                0x00000000000046c8       0x14 /home/ls/Desktop/OLSONET/PICOS/PicOS/CC13XX/CC13XXWARE/driverlib/bin/gcc/driverlib.lib(setup_rom.o)
                0x00000000000046c8                NOROM_SetupGetTrimForAdcShModeEn
 .text.NOROM_SetupGetTrimForAdcShVbufEn
                0x00000000000046dc       0x14 /home/ls/Desktop/OLSONET/PICOS/PicOS/CC13XX/CC13XXWARE/driverlib/bin/gcc/driverlib.lib(setup_rom.o)
                0x00000000000046dc                NOROM_SetupGetTrimForAdcShVbufEn
 .text.NOROM_SetupGetTrimForXoscHfCtl
                0x00000000000046f0       0x28 /home/ls/Desktop/OLSONET/PICOS/PicOS/CC13XX/CC13XXWARE/driverlib/bin/gcc/driverlib.lib(setup_rom.o)
                0x00000000000046f0                NOROM_SetupGetTrimForXoscHfCtl
 .text.NOROM_SetupGetTrimForXoscHfFastStart
                0x0000000000004718       0x10 /home/ls/Desktop/OLSONET/PICOS/PicOS/CC13XX/CC13XXWARE/driverlib/bin/gcc/driverlib.lib(setup_rom.o)
                0x0000000000004718                NOROM_SetupGetTrimForXoscHfFastStart
 .text.NOROM_SetupGetTrimForRadcExtCfg
                0x0000000000004728       0x2c /home/ls/Desktop/OLSONET/PICOS/PicOS/CC13XX/CC13XXWARE/driverlib/bin/gcc/driverlib.lib(setup_rom.o)
                0x0000000000004728                NOROM_SetupGetTrimForRadcExtCfg
 .text.NOROM_SetupGetTrimForRcOscLfIBiasTrim
                0x0000000000004754       0x14 /home/ls/Desktop/OLSONET/PICOS/PicOS/CC13XX/CC13XXWARE/driverlib/bin/gcc/driverlib.lib(setup_rom.o)
                0x0000000000004754                NOROM_SetupGetTrimForRcOscLfIBiasTrim
 .text.NOROM_SetupGetTrimForXoscLfRegulatorAndCmirrwrRatio
                0x0000000000004768       0x14 /home/ls/Desktop/OLSONET/PICOS/PicOS/CC13XX/CC13XXWARE/driverlib/bin/gcc/driverlib.lib(setup_rom.o)
                0x0000000000004768                NOROM_SetupGetTrimForXoscLfRegulatorAndCmirrwrRatio
 .text.NOROM_SetupAfterColdResetWakeupFromShutDownCfg2
                0x000000000000477c      0x110 /home/ls/Desktop/OLSONET/PICOS/PicOS/CC13XX/CC13XXWARE/driverlib/bin/gcc/driverlib.lib(setup_rom.o)
                0x000000000000477c                NOROM_SetupAfterColdResetWakeupFromShutDownCfg2
 .text.NOROM_SetupSetCacheModeAccordingToCcfgSetting
                0x000000000000488c       0x64 /home/ls/Desktop/OLSONET/PICOS/PicOS/CC13XX/CC13XXWARE/driverlib/bin/gcc/driverlib.lib(setup_rom.o)
                0x000000000000488c                NOROM_SetupSetCacheModeAccordingToCcfgSetting
 .text.NOROM_SetupSetAonRtcSubSecInc
                0x00000000000048f0       0x28 /home/ls/Desktop/OLSONET/PICOS/PicOS/CC13XX/CC13XXWARE/driverlib/bin/gcc/driverlib.lib(setup_rom.o)
                0x00000000000048f0                NOROM_SetupSetAonRtcSubSecInc
 .text.NOROM_SetupAfterColdResetWakeupFromShutDownCfg3
                0x0000000000004918      0x150 /home/ls/Desktop/OLSONET/PICOS/PicOS/CC13XX/CC13XXWARE/driverlib/bin/gcc/driverlib.lib(setup_rom.o)
                0x0000000000004918                NOROM_SetupAfterColdResetWakeupFromShutDownCfg3
 .text.NOROM_SysCtrlSetRechargeBeforePowerDown
                0x0000000000004a68      0x220 /home/ls/Desktop/OLSONET/PICOS/PicOS/CC13XX/CC13XXWARE/driverlib/bin/gcc/driverlib.lib(sys_ctrl.o)
                0x0000000000004a68                NOROM_SysCtrlSetRechargeBeforePowerDown
 .text.NOROM_SysCtrlAdjustRechargeAfterPowerDown
                0x0000000000004c88       0x60 /home/ls/Desktop/OLSONET/PICOS/PicOS/CC13XX/CC13XXWARE/driverlib/bin/gcc/driverlib.lib(sys_ctrl.o)
                0x0000000000004c88                NOROM_SysCtrlAdjustRechargeAfterPowerDown
 .text.NOROM_SysCtrlResetSourceGet
                0x0000000000004ce8       0x18 /home/ls/Desktop/OLSONET/PICOS/PicOS/CC13XX/CC13XXWARE/driverlib/bin/gcc/driverlib.lib(sys_ctrl.o)
                0x0000000000004ce8                NOROM_SysCtrlResetSourceGet
 .text.NOROM_ChipInfo_GetChipFamily
                0x0000000000004d00       0x4c /home/ls/Desktop/OLSONET/PICOS/PicOS/CC13XX/CC13XXWARE/driverlib/bin/gcc/driverlib.lib(chipinfo.o)
                0x0000000000004d00                NOROM_ChipInfo_GetChipFamily
 .text.NOROM_ChipInfo_GetHwRevision
                0x0000000000004d4c       0x6c /home/ls/Desktop/OLSONET/PICOS/PicOS/CC13XX/CC13XXWARE/driverlib/bin/gcc/driverlib.lib(chipinfo.o)
                0x0000000000004d4c                NOROM_ChipInfo_GetHwRevision
 .text.NOROM_ThisCodeIsBuiltForCC13xxHwRev20AndLater_HaltIfViolated
                0x0000000000004db8       0x16 /home/ls/Desktop/OLSONET/PICOS/PicOS/CC13XX/CC13XXWARE/driverlib/bin/gcc/driverlib.lib(chipinfo.o)
                0x0000000000004db8                NOROM_ThisCodeIsBuiltForCC13xxHwRev20AndLater_HaltIfViolated
 *fill*         0x0000000000004dce        0x2 00000000
 .text.AuxAdiDdiSafeWrite.constprop.1
                0x0000000000004dd0       0x28 /home/ls/Desktop/OLSONET/PICOS/PicOS/CC13XX/CC13XXWARE/driverlib/bin/gcc/driverlib.lib(ddi.o)
 .text.NOROM_DDI32RegWrite
                0x0000000000004df8        0x8 /home/ls/Desktop/OLSONET/PICOS/PicOS/CC13XX/CC13XXWARE/driverlib/bin/gcc/driverlib.lib(ddi.o)
                0x0000000000004df8                NOROM_DDI32RegWrite
 .text          0x0000000000004e00       0xa8 /usr/lib/gcc/arm-none-eabi/10.3.1/../../../arm-none-eabi/lib/thumb/nofp/libg.a(lib_a-memcpy-stub.o)
                0x0000000000004e00                memcpy
 .text          0x0000000000004ea8       0xb0 /usr/lib/gcc/arm-none-eabi/10.3.1/../../../arm-none-eabi/lib/thumb/nofp/libg.a(lib_a-memset.o)
                0x0000000000004ea8                memset
 *(.rodata*)
 .rodata.Create.str1.1
                0x0000000000004f58       0xa0 KTMP/app.o
                                         0xa8 (size before relaxing)
 .rodata.Retrieve.str1.1
                0x0000000000004ff8       0x76 KTMP/app.o
 .rodata.Find.str1.1
                0x000000000000506e       0x13 KTMP/app.o
 .rodata.Delete.str1.1
                0x0000000000005081       0x51 KTMP/app.o
 .rodata.root.str1.1
                0x00000000000050d2      0x185 KTMP/app.o
                                        0x188 (size before relaxing)
 .rodata.__pi_syserror.str1.1
                0x0000000000005257        0xf KTMP/main.o
 .rodata.ioreq_uart_a.str1.1
                0x0000000000005266        0x8 KTMP/main.o
 .rodata.system_init.str1.1
                0x000000000000526e       0x63 KTMP/main.o
                                         0x64 (size before relaxing)
 .rodata.__pi_release.str1.1
                0x00000000000052d1        0x3 KTMP/main.o
 .rodata.halt.str1.1
                0x00000000000052d4        0xd KTMP/main.o
 *fill*         0x00000000000052e1        0x3 00000000
 .rodata.port_confs
                0x00000000000052e4       0x44 KTMP/main.o
                0x00000000000052e4                port_confs
 .rodata.__pi_badstate.str1.1
                0x0000000000005328        0x6 KTMP/kernel.o
 .rodata.utimer_add.str1.1
                0x000000000000532e        0x5 KTMP/kernel.o
 .rodata.__pi_wait.str1.1
                0x0000000000005333        0x3 KTMP/kernel.o
 .rodata.adddevfunc.str1.1
                0x0000000000005336        0x5 KTMP/kernel.o
 .rodata.io.str1.1
                0x000000000000533b        0x3 KTMP/kernel.o
 .rodata.__pi_malloc_init.str1.1
                0x000000000000533e        0x5 KTMP/kernel.o
 .rodata.__pi_free.str1.1
                0x0000000000005343        0x5 KTMP/kernel.o
 .rodata.kill.str1.1
                0x0000000000005348        0x4 KTMP/kernel.o
 .rodata.__pi_malloc.str1.1
                0x000000000000534c        0x5 KTMP/kernel.o
 .rodata.__pi_hex_enc_table
                0x0000000000005351       0x10 KTMP/kernel.o
                0x0000000000005351                __pi_hex_enc_table
 .rodata.enq.str1.1
                0x0000000000005361        0x6 KTMP/tcv.o
 .rodata.dispose.str1.1
                0x0000000000005367       0x18 KTMP/tcv.o
 .rodata.tcv_endp.str1.1
                0x000000000000537f        0xc KTMP/tcv.o
 .rodata.tcv_open.str1.1
                0x000000000000538b       0x12 KTMP/tcv.o
 .rodata.tcv_rnp.str1.1
                0x000000000000539d        0xc KTMP/tcv.o
 .rodata.tcv_wnps.str1.1
                0x00000000000053a9       0x12 KTMP/tcv.o
 .rodata.tcvp_control.str1.1
                0x00000000000053bb        0x6 KTMP/tcv.o
 .rodata.tcv_control.str1.1
                0x00000000000053c1        0x6 KTMP/tcv.o
 .rodata.tcvp_new.str1.1
                0x00000000000053c7        0xc KTMP/tcv.o
 .rodata.tcvphy_reg.str1.1
                0x00000000000053d3        0xc KTMP/tcv.o
 .rodata.tcvphy_rcv.str1.1
                0x00000000000053df        0xc KTMP/tcv.o
 .rodata.tcvphy_get.str1.1
                0x00000000000053eb        0x6 KTMP/tcv.o
 .rodata.tcvphy_top.str1.1
                0x00000000000053f1        0x6 KTMP/tcv.o
 .rodata.tcvphy_end.str1.1
                0x00000000000053f7        0x6 KTMP/tcv.o
 .rodata.__input_pins
                0x00000000000053fd        0x4 KTMP/pin_sensor.o
                0x00000000000053fd                __input_pins
 *fill*         0x0000000000005401        0x1 00000000
 .rodata.__button_list
                0x0000000000005402        0x4 KTMP/buttons.o
                0x0000000000005402                __button_list
 .rodata.option.str1.1
                0x0000000000005406        0x8 KTMP/rfprop.o
 .rodata.issue_cmd.str1.1
                0x000000000000540e       0x19 KTMP/rfprop.o
 .rodata.wait_cmd.constprop.0.str1.1
                0x0000000000005427       0x14 KTMP/rfprop.o
 .rodata.rx_int_enable.str1.1
                0x000000000000543b        0x7 KTMP/rfprop.o
 .rodata.cc1350_driver.str1.1
                0x0000000000005442        0x8 KTMP/rfprop.o
 .rodata.phys_cc1350.str1.1
                0x000000000000544a       0x20 KTMP/rfprop.o
 .rodata.patable
                0x000000000000546a       0x10 KTMP/rfprop.o
 *fill*         0x000000000000547a        0x2 00000000
 .rodata.patchGenfskRfe
                0x000000000000547c      0x6b4 KTMP/rfprop.o
 .rodata.patchImageGenfsk
                0x0000000000005b30      0x28c KTMP/rfprop.o
 .rodata.ratable
                0x0000000000005dbc        0xc KTMP/rfprop.o
 .rodata.tcv_ope_null.str1.1
                0x0000000000005dc8       0x17 KTMP/plug_null.o
 *fill*         0x0000000000005ddf        0x1 00000000
 .rodata.plug_null
                0x0000000000005de0       0x20 KTMP/plug_null.o
                0x0000000000005de0                plug_null
 *(.init)
 *(.fini*)
 *(.eh_frame*)
                0x0000000000005e00                _etext = .

.glue_7         0x0000000000005e00        0x0
 .glue_7        0x0000000000005e00        0x0 linker stubs

.glue_7t        0x0000000000005e00        0x0
 .glue_7t       0x0000000000005e00        0x0 linker stubs

.vfp11_veneer   0x0000000000005e00        0x0
 .vfp11_veneer  0x0000000000005e00        0x0 linker stubs

.v4_bx          0x0000000000005e00        0x0
 .v4_bx         0x0000000000005e00        0x0 linker stubs

.iplt           0x0000000000005e00        0x0
 .iplt          0x0000000000005e00        0x0 KTMP/app.o

.ARM.exidx      0x0000000000005e00        0x0
                0x0000000000005e00                __exidx_start = .
 *(.ARM.exidx* .gnu.linkonce.armexidx.*)
                0x0000000000005e00                __exidx_end = .

.ARM.extab
 *(.ARM.extab* .gnu.linkonce.armextab.*)

.data           0x0000000020000000      0x10c load address 0x0000000000005e00
                0x0000000020000000                _data = .
 *(vtable)
 *(.data*)
 .data.sfd      0x0000000020000000        0x4 KTMP/app.o
                0x0000000020000000                sfd
 .data.__pi_seed
                0x0000000020000004        0x4 KTMP/kernel.o
                0x0000000020000004                __pi_seed
 .data.cmd_cs   0x0000000020000008       0x1c KTMP/rfprop.o
 .data.cmd_srt  0x0000000020000024       0x14 KTMP/rfprop.o
 .data.offdelay
                0x0000000020000038        0x2 KTMP/rfprop.o
 .data.vrate    0x000000002000003a        0x1 KTMP/rfprop.o
 *fill*         0x000000002000003b        0x1 
 .data.RF_cmdFs
                0x000000002000003c       0x18 KTMP/smartrf_settings_lp_hr.o
                0x000000002000003c                RF_cmdFs
 .data.RF_cmdPropRadioDivSetup
                0x0000000020000054       0x28 KTMP/smartrf_settings_lp_hr.o
                0x0000000020000054                RF_cmdPropRadioDivSetup
 .data.RF_cmdPropRx
                0x000000002000007c       0x24 KTMP/smartrf_settings_lp_hr.o
                0x000000002000007c                RF_cmdPropRx
 .data.RF_cmdPropTx
                0x00000000200000a0       0x18 KTMP/smartrf_settings_lp_hr.o
                0x00000000200000a0                RF_cmdPropTx
 .data.pOverrides
                0x00000000200000b8       0x54 KTMP/smartrf_settings_lp_hr.o
                0x000000002000010c                _edata = .

.igot.plt       0x000000002000010c        0x0 load address 0x0000000000005f0c
 .igot.plt      0x000000002000010c        0x0 KTMP/app.o

.bss            0x000000002000010c      0x648 load address 0x0000000000005f0c
                0x000000002000010c                __bss_start__ = .
                0x000000002000010c                _bss = .
 *(.bss*)
 .bss.arg.10    0x000000002000010c        0x1 KTMP/app.o
 .bss.choice.2  0x000000002000010d        0x1 KTMP/app.o
 *fill*         0x000000002000010e        0x2 
 .bss.create_finished
                0x0000000020000110        0x4 KTMP/app.o
                0x0000000020000110                create_finished
 .bss.database  0x0000000020000114      0x460 KTMP/app.o
                0x0000000020000114                database
 .bss.db_print_index.0
                0x0000000020000574        0x4 KTMP/app.o
 .bss.delete_finished
                0x0000000020000578        0x4 KTMP/app.o
                0x0000000020000578                delete_finished
 .bss.delete_response_received
                0x000000002000057c        0x1 KTMP/app.o
                0x000000002000057c                delete_response_received
 *fill*         0x000000002000057d        0x3 
 .bss.dest_id.27
                0x0000000020000580        0x4 KTMP/app.o
 .bss.dest_id.32
                0x0000000020000584        0x4 KTMP/app.o
 .bss.destination_id.6
                0x0000000020000588        0x4 KTMP/app.o
 .bss.find_active
                0x000000002000058c        0x1 KTMP/app.o
                0x000000002000058c                find_active
 *fill*         0x000000002000058d        0x3 
 .bss.find_complete
                0x0000000020000590        0x4 KTMP/app.o
                0x0000000020000590                find_complete
 .bss.find_iteration
                0x0000000020000594        0x4 KTMP/app.o
                0x0000000020000594                find_iteration
 .bss.find_neighbor_count
                0x0000000020000598        0x4 KTMP/app.o
                0x0000000020000598                find_neighbor_count
 .bss.find_neighbors
                0x000000002000059c       0x19 KTMP/app.o
                0x000000002000059c                find_neighbors
 .bss.find_req_num
                0x00000000200005b5        0x1 KTMP/app.o
                0x00000000200005b5                find_req_num
 *fill*         0x00000000200005b6        0x2 
 .bss.found.12  0x00000000200005b8        0x4 KTMP/app.o
 .bss.group_ID  0x00000000200005bc        0x2 KTMP/app.o
                0x00000000200005bc                group_ID
 *fill*         0x00000000200005be        0x2 
 .bss.i.15      0x00000000200005c0        0x4 KTMP/app.o
 .bss.i.31      0x00000000200005c4        0x4 KTMP/app.o
 .bss.max_records
                0x00000000200005c8        0x4 KTMP/app.o
                0x00000000200005c8                max_records
 .bss.msg_type.20
                0x00000000200005cc        0x1 KTMP/app.o
 *fill*         0x00000000200005cd        0x3 
 .bss.neighbor_print_index.7
                0x00000000200005d0        0x4 KTMP/app.o
 .bss.node_ID   0x00000000200005d4        0x4 KTMP/app.o
                0x00000000200005d4                node_ID
 .bss.p.22      0x00000000200005d8        0x4 KTMP/app.o
 .bss.p.28      0x00000000200005dc        0x4 KTMP/app.o
 .bss.packet.23
                0x00000000200005e0        0x4 KTMP/app.o
 .bss.packet_group.21
                0x00000000200005e4        0x4 KTMP/app.o
 .bss.pending_active
                0x00000000200005e8        0x1 KTMP/app.o
                0x00000000200005e8                pending_active
 .bss.pending_destination_id
                0x00000000200005e9        0x1 KTMP/app.o
                0x00000000200005e9                pending_destination_id
 .bss.pending_request_num
                0x00000000200005ea        0x1 KTMP/app.o
                0x00000000200005ea                pending_request_num
 .bss.pending_type
                0x00000000200005eb        0x1 KTMP/app.o
                0x00000000200005eb                pending_type
 .bss.q.13      0x00000000200005ec        0x4 KTMP/app.o
 .bss.receiver_id.17
                0x00000000200005f0        0x1 KTMP/app.o
 .bss.record_data.30
                0x00000000200005f1       0x14 KTMP/app.o
 *fill*         0x0000000020000605        0x3 
 .bss.record_index.26
                0x0000000020000608        0x4 KTMP/app.o
 .bss.record_index.5
                0x000000002000060c        0x4 KTMP/app.o
 .bss.reply_received
                0x0000000020000610        0x1 KTMP/app.o
                0x0000000020000610                reply_received
 .bss.reply_record
                0x0000000020000611       0x14 KTMP/app.o
                0x0000000020000611                reply_record
 .bss.reply_status
                0x0000000020000625        0x1 KTMP/app.o
                0x0000000020000625                reply_status
 .bss.request_num.19
                0x0000000020000626        0x1 KTMP/app.o
 *fill*         0x0000000020000627        0x1 
 .bss.retrieve_finished
                0x0000000020000628        0x4 KTMP/app.o
                0x0000000020000628                retrieve_finished
 .bss.sender_id.18
                0x000000002000062c        0x1 KTMP/app.o
 .bss.status.16
                0x000000002000062d        0x1 KTMP/app.o
 *fill*         0x000000002000062e        0x2 
 .bss.stored_records
                0x0000000020000630        0x4 KTMP/app.o
                0x0000000020000630                stored_records
 .bss.temp.1    0x0000000020000634        0x4 KTMP/app.o
 .bss.temp_create.11
                0x0000000020000638        0x4 KTMP/app.o
 .bss.__pi_uart
                0x000000002000063c        0x8 KTMP/main.o
                0x000000002000063c                __pi_uart
 .bss.setdel    0x0000000020000644        0x2 KTMP/main.o
 *fill*         0x0000000020000646        0x2 
 .bss.system_event_count
                0x0000000020000648        0x4 KTMP/main.o
                0x0000000020000648                system_event_count
 .bss.urates    0x000000002000064c        0x2 KTMP/main.o
 *fill*         0x000000002000064e        0x2 
 .bss.__PCB     0x0000000020000650        0x4 KTMP/kernel.o
                0x0000000020000650                __PCB
 .bss.__pi_curr
                0x0000000020000654        0x4 KTMP/kernel.o
                0x0000000020000654                __pi_curr
 .bss.__pi_mintk
                0x0000000020000658        0x2 KTMP/kernel.o
                0x0000000020000658                __pi_mintk
 .bss.__pi_new  0x000000002000065a        0x2 KTMP/kernel.o
                0x000000002000065a                __pi_new
 .bss.__pi_old  0x000000002000065c        0x2 KTMP/kernel.o
                0x000000002000065c                __pi_old
 *fill*         0x000000002000065e        0x2 
 .bss.__pi_systat
                0x0000000020000660        0x8 KTMP/kernel.o
                0x0000000020000660                __pi_systat
 .bss.__pi_utims
                0x0000000020000668       0x10 KTMP/kernel.o
                0x0000000020000668                __pi_utims
 .bss.entropy   0x0000000020000678        0x4 KTMP/kernel.o
                0x0000000020000678                entropy
 .bss.ioreq     0x000000002000067c        0x4 KTMP/kernel.o
 .bss.mcfree    0x0000000020000680        0x4 KTMP/kernel.o
 .bss.mevent    0x0000000020000684        0x2 KTMP/kernel.o
 *fill*         0x0000000020000686        0x2 
 .bss.mnfree    0x0000000020000688        0x4 KTMP/kernel.o
 .bss.mpools    0x000000002000068c        0x4 KTMP/kernel.o
 .bss.descriptors
                0x0000000020000690       0x20 KTMP/tcv.o
 .bss.oqueues   0x00000000200006b0        0xc KTMP/tcv.o
 .bss.physical  0x00000000200006bc        0xc KTMP/tcv.o
 .bss.physinfo  0x00000000200006c8        0xc KTMP/tcv.o
 .bss.plugins   0x00000000200006d4        0xc KTMP/tcv.o
 .bss.dopen     0x00000000200006e0        0x1 KTMP/storage_mx25r8035.o
 .bss.dstat     0x00000000200006e1        0x1 KTMP/storage_mx25r8035.o
 .bss.bckf_timer
                0x00000000200006e2        0x2 KTMP/rfprop.o
 .bss.channel   0x00000000200006e4        0x1 KTMP/rfprop.o
 *fill*         0x00000000200006e5        0x3 
 .bss.drvprcs   0x00000000200006e8        0x4 KTMP/rfprop.o
 .bss.dstate    0x00000000200006ec        0x1 KTMP/rfprop.o
 *fill*         0x00000000200006ed        0x3 
 .bss.paylen    0x00000000200006f0        0x4 KTMP/rfprop.o
 .bss.physid    0x00000000200006f4        0x2 KTMP/rfprop.o
 *fill*         0x00000000200006f6        0x2 
 .bss.qevent    0x00000000200006f8        0x4 KTMP/rfprop.o
 .bss.rbuffl    0x00000000200006fc        0x1 KTMP/rfprop.o
 *fill*         0x00000000200006fd        0x3 
 .bss.rfTrim    0x0000000020000700       0x10 KTMP/rfprop.o
 .bss.rxstat    0x0000000020000710        0xc KTMP/rfprop.o
 .bss.statid    0x000000002000071c        0x2 KTMP/rfprop.o
 .bss.txtries   0x000000002000071e        0x1 KTMP/rfprop.o
 *fill*         0x000000002000071f        0x1 
 .bss.ndsc_null
                0x0000000020000720        0x4 KTMP/plug_null.o
 .bss.len.0     0x0000000020000724        0x4 KTMP/__outserial.o
 .bss.ptr.1     0x0000000020000728        0x4 KTMP/__outserial.o
 .bss.__inpline
                0x000000002000072c        0x4 KTMP/__inserial.o
                0x000000002000072c                __inpline
 .bss.len.0     0x0000000020000730        0x4 KTMP/__inserial.o
 .bss.ptr.1     0x0000000020000734        0x4 KTMP/__inserial.o
 .bss.oscHfGlobals
                0x0000000020000738       0x14 /home/ls/Desktop/OLSONET/PICOS/PicOS/CC13XX/CC13XXWARE/driverlib/bin/gcc/driverlib.lib(osc.o)
 .bss.powerQualGlobals
                0x000000002000074c        0x8 /home/ls/Desktop/OLSONET/PICOS/PicOS/CC13XX/CC13XXWARE/driverlib/bin/gcc/driverlib.lib(sys_ctrl.o)
 *(COMMON)
                0x0000000020000754                . = ALIGN (0x4)
                0x0000000020000754                _ebss = .
                0x0000000020000754                __bss_end__ = .

.ccfg           0x000000000001ffa8       0x58
 *(.ccfg)
 .ccfg          0x000000000001ffa8       0x58 KTMP/ccfg.o
                0x000000000001ffa8                __ccfg

.rel.dyn        0x0000000000020000        0x0
 .rel.iplt      0x0000000000020000        0x0 KTMP/app.o

._user_heap_stack
                0x0000000020000754      0x100
                0x0000000020000754                . = ALIGN (0x4)
                0x0000000020000754                . = (. + _Min_Heap_Size)
                0x0000000020000854                . = (. + _Min_Stack_Size)
 *fill*         0x0000000020000754      0x100 
                0x0000000020000854                . = ALIGN (0x4)

.gpram
LOAD KTMP/app.o
LOAD KTMP/main.o
LOAD KTMP/kernel.o
LOAD KTMP/tcv.o
LOAD KTMP/startup_gcc.o
LOAD KTMP/ccfg.o
LOAD KTMP/sensors.o
LOAD KTMP/analog_sensor.o
LOAD KTMP/pin_sensor.o
LOAD KTMP/pins_sys.o
LOAD KTMP/buttons.o
LOAD KTMP/storage_mx25r8035.o
LOAD KTMP/ser_out.o
LOAD KTMP/ser_outb.o
LOAD KTMP/ser_in.o
LOAD KTMP/ser_select.o
LOAD KTMP/form.o
LOAD KTMP/scan.o
LOAD KTMP/ser_outf.o
LOAD KTMP/ser_inf.o
LOAD KTMP/rfprop.o
LOAD KTMP/plug_null.o
LOAD KTMP/__outserial.o
LOAD KTMP/__inserial.o
LOAD KTMP/vform.o
LOAD KTMP/vscan.o
LOAD KTMP/smartrf_settings_lp_hr.o
LOAD /home/ls/Desktop/OLSONET/PICOS/PicOS/CC13XX/CC13XXWARE/driverlib/bin/gcc/driverlib.lib
START GROUP
LOAD /usr/lib/gcc/arm-none-eabi/10.3.1/thumb/nofp/libgcc.a
LOAD /usr/lib/gcc/arm-none-eabi/10.3.1/../../../arm-none-eabi/lib/thumb/nofp/libg.a
LOAD /usr/lib/gcc/arm-none-eabi/10.3.1/../../../arm-none-eabi/lib/thumb/nofp/libc.a
END GROUP
START GROUP
LOAD /usr/lib/gcc/arm-none-eabi/10.3.1/thumb/nofp/libgcc.a
LOAD /usr/lib/gcc/arm-none-eabi/10.3.1/../../../arm-none-eabi/lib/thumb/nofp/libc.a
LOAD /usr/lib/gcc/arm-none-eabi/10.3.1/../../../arm-none-eabi/lib/thumb/nofp/libnosys.a
END GROUP
OUTPUT(Image elf32-littlearm)
LOAD linker stubs

.debug_info     0x0000000000000000     0xcb9e
 .debug_info    0x0000000000000000      0xbf4 KTMP/app.o
 .debug_info    0x0000000000000bf4     0x1459 KTMP/main.o
 .debug_info    0x000000000000204d     0x114b KTMP/kernel.o
 .debug_info    0x0000000000003198      0xfa7 KTMP/tcv.o
 .debug_info    0x000000000000413f      0x154 KTMP/startup_gcc.o
 .debug_info    0x0000000000004293      0x1cd KTMP/ccfg.o
 .debug_info    0x0000000000004460      0x244 KTMP/pin_sensor.o
 .debug_info    0x00000000000046a4      0x1fe KTMP/buttons.o
 .debug_info    0x00000000000048a2      0x779 KTMP/storage_mx25r8035.o
 .debug_info    0x000000000000501b      0x120 KTMP/ser_out.o
 .debug_info    0x000000000000513b      0x10f KTMP/ser_in.o
 .debug_info    0x000000000000524a      0x14e KTMP/ser_outf.o
 .debug_info    0x0000000000005398      0x14e KTMP/ser_inf.o
 .debug_info    0x00000000000054e6     0x1a29 KTMP/rfprop.o
 .debug_info    0x0000000000006f0f      0x3c8 KTMP/plug_null.o
 .debug_info    0x00000000000072d7      0x217 KTMP/__outserial.o
 .debug_info    0x00000000000074ee      0x22b KTMP/__inserial.o
 .debug_info    0x0000000000007719      0x31d KTMP/vform.o
 .debug_info    0x0000000000007a36      0x29d KTMP/vscan.o
 .debug_info    0x0000000000007cd3     0x1407 KTMP/smartrf_settings_lp_hr.o
 .debug_info    0x00000000000090da      0x18e /home/ls/Desktop/OLSONET/PICOS/PicOS/CC13XX/CC13XXWARE/driverlib/bin/gcc/driverlib.lib(adi.o)
 .debug_info    0x0000000000009268       0xd9 /home/ls/Desktop/OLSONET/PICOS/PicOS/CC13XX/CC13XXWARE/driverlib/bin/gcc/driverlib.lib(aon_batmon.o)
 .debug_info    0x0000000000009341      0x147 /home/ls/Desktop/OLSONET/PICOS/PicOS/CC13XX/CC13XXWARE/driverlib/bin/gcc/driverlib.lib(aon_rtc.o)
 .debug_info    0x0000000000009488      0x13a /home/ls/Desktop/OLSONET/PICOS/PicOS/CC13XX/CC13XXWARE/driverlib/bin/gcc/driverlib.lib(cpu.o)
 .debug_info    0x00000000000095c2      0x8c3 /home/ls/Desktop/OLSONET/PICOS/PicOS/CC13XX/CC13XXWARE/driverlib/bin/gcc/driverlib.lib(osc.o)
 .debug_info    0x0000000000009e85      0xab8 /home/ls/Desktop/OLSONET/PICOS/PicOS/CC13XX/CC13XXWARE/driverlib/bin/gcc/driverlib.lib(rfc.o)
 .debug_info    0x000000000000a93d      0x20b /home/ls/Desktop/OLSONET/PICOS/PicOS/CC13XX/CC13XXWARE/driverlib/bin/gcc/driverlib.lib(setup.o)
 .debug_info    0x000000000000ab48      0xb1b /home/ls/Desktop/OLSONET/PICOS/PicOS/CC13XX/CC13XXWARE/driverlib/bin/gcc/driverlib.lib(setup_rom.o)
 .debug_info    0x000000000000b663      0x927 /home/ls/Desktop/OLSONET/PICOS/PicOS/CC13XX/CC13XXWARE/driverlib/bin/gcc/driverlib.lib(sys_ctrl.o)
 .debug_info    0x000000000000bf8a      0x3d0 /home/ls/Desktop/OLSONET/PICOS/PicOS/CC13XX/CC13XXWARE/driverlib/bin/gcc/driverlib.lib(chipinfo.o)
 .debug_info    0x000000000000c35a      0x5ab /home/ls/Desktop/OLSONET/PICOS/PicOS/CC13XX/CC13XXWARE/driverlib/bin/gcc/driverlib.lib(ddi.o)
 .debug_info    0x000000000000c905      0x15c /usr/lib/gcc/arm-none-eabi/10.3.1/../../../arm-none-eabi/lib/thumb/nofp/libg.a(lib_a-memcpy-stub.o)
 .debug_info    0x000000000000ca61      0x13d /usr/lib/gcc/arm-none-eabi/10.3.1/../../../arm-none-eabi/lib/thumb/nofp/libg.a(lib_a-memset.o)

.debug_abbrev   0x0000000000000000     0x3609
 .debug_abbrev  0x0000000000000000      0x228 KTMP/app.o
 .debug_abbrev  0x0000000000000228      0x55b KTMP/main.o
 .debug_abbrev  0x0000000000000783      0x480 KTMP/kernel.o
 .debug_abbrev  0x0000000000000c03      0x375 KTMP/tcv.o
 .debug_abbrev  0x0000000000000f78       0xc3 KTMP/startup_gcc.o
 .debug_abbrev  0x000000000000103b       0x7e KTMP/ccfg.o
 .debug_abbrev  0x00000000000010b9      0x178 KTMP/pin_sensor.o
 .debug_abbrev  0x0000000000001231      0x13c KTMP/buttons.o
 .debug_abbrev  0x000000000000136d      0x2db KTMP/storage_mx25r8035.o
 .debug_abbrev  0x0000000000001648       0x97 KTMP/ser_out.o
 .debug_abbrev  0x00000000000016df       0x90 KTMP/ser_in.o
 .debug_abbrev  0x000000000000176f       0xe1 KTMP/ser_outf.o
 .debug_abbrev  0x0000000000001850       0xe3 KTMP/ser_inf.o
 .debug_abbrev  0x0000000000001933      0x39f KTMP/rfprop.o
 .debug_abbrev  0x0000000000001cd2      0x145 KTMP/plug_null.o
 .debug_abbrev  0x0000000000001e17      0x11e KTMP/__outserial.o
 .debug_abbrev  0x0000000000001f35      0x11b KTMP/__inserial.o
 .debug_abbrev  0x0000000000002050      0x168 KTMP/vform.o
 .debug_abbrev  0x00000000000021b8       0xf1 KTMP/vscan.o
 .debug_abbrev  0x00000000000022a9      0x134 KTMP/smartrf_settings_lp_hr.o
 .debug_abbrev  0x00000000000023dd       0xec /home/ls/Desktop/OLSONET/PICOS/PicOS/CC13XX/CC13XXWARE/driverlib/bin/gcc/driverlib.lib(adi.o)
 .debug_abbrev  0x00000000000024c9       0x6f /home/ls/Desktop/OLSONET/PICOS/PicOS/CC13XX/CC13XXWARE/driverlib/bin/gcc/driverlib.lib(aon_batmon.o)
 .debug_abbrev  0x0000000000002538       0xaa /home/ls/Desktop/OLSONET/PICOS/PicOS/CC13XX/CC13XXWARE/driverlib/bin/gcc/driverlib.lib(aon_rtc.o)
 .debug_abbrev  0x00000000000025e2       0xb0 /home/ls/Desktop/OLSONET/PICOS/PicOS/CC13XX/CC13XXWARE/driverlib/bin/gcc/driverlib.lib(cpu.o)
 .debug_abbrev  0x0000000000002692      0x25d /home/ls/Desktop/OLSONET/PICOS/PicOS/CC13XX/CC13XXWARE/driverlib/bin/gcc/driverlib.lib(osc.o)
 .debug_abbrev  0x00000000000028ef      0x220 /home/ls/Desktop/OLSONET/PICOS/PicOS/CC13XX/CC13XXWARE/driverlib/bin/gcc/driverlib.lib(rfc.o)
 .debug_abbrev  0x0000000000002b0f      0x142 /home/ls/Desktop/OLSONET/PICOS/PicOS/CC13XX/CC13XXWARE/driverlib/bin/gcc/driverlib.lib(setup.o)
 .debug_abbrev  0x0000000000002c51      0x261 /home/ls/Desktop/OLSONET/PICOS/PicOS/CC13XX/CC13XXWARE/driverlib/bin/gcc/driverlib.lib(setup_rom.o)
 .debug_abbrev  0x0000000000002eb2      0x2ba /home/ls/Desktop/OLSONET/PICOS/PicOS/CC13XX/CC13XXWARE/driverlib/bin/gcc/driverlib.lib(sys_ctrl.o)
 .debug_abbrev  0x000000000000316c      0x1ce /home/ls/Desktop/OLSONET/PICOS/PicOS/CC13XX/CC13XXWARE/driverlib/bin/gcc/driverlib.lib(chipinfo.o)
 .debug_abbrev  0x000000000000333a      0x154 /home/ls/Desktop/OLSONET/PICOS/PicOS/CC13XX/CC13XXWARE/driverlib/bin/gcc/driverlib.lib(ddi.o)
 .debug_abbrev  0x000000000000348e       0xc7 /usr/lib/gcc/arm-none-eabi/10.3.1/../../../arm-none-eabi/lib/thumb/nofp/libg.a(lib_a-memcpy-stub.o)
 .debug_abbrev  0x0000000000003555       0xb4 /usr/lib/gcc/arm-none-eabi/10.3.1/../../../arm-none-eabi/lib/thumb/nofp/libg.a(lib_a-memset.o)

.debug_loc      0x0000000000000000     0x5a7c
 .debug_loc     0x0000000000000000      0x135 KTMP/app.o
 .debug_loc     0x0000000000000135      0x46b KTMP/main.o
 .debug_loc     0x00000000000005a0      0xb7d KTMP/kernel.o
 .debug_loc     0x000000000000111d      0xeb1 KTMP/tcv.o
 .debug_loc     0x0000000000001fce       0x80 KTMP/pin_sensor.o
 .debug_loc     0x000000000000204e       0x70 KTMP/buttons.o
 .debug_loc     0x00000000000020be      0x234 KTMP/storage_mx25r8035.o
 .debug_loc     0x00000000000022f2       0xba KTMP/ser_out.o
 .debug_loc     0x00000000000023ac      0x112 KTMP/ser_in.o
 .debug_loc     0x00000000000024be       0x86 KTMP/ser_outf.o
 .debug_loc     0x0000000000002544       0x68 KTMP/ser_inf.o
 .debug_loc     0x00000000000025ac      0x4a7 KTMP/rfprop.o
 .debug_loc     0x0000000000002a53      0x108 KTMP/plug_null.o
 .debug_loc     0x0000000000002b5b       0x66 KTMP/__outserial.o
 .debug_loc     0x0000000000002bc1       0x86 KTMP/__inserial.o
 .debug_loc     0x0000000000002c47      0x3ac KTMP/vform.o
 .debug_loc     0x0000000000002ff3      0x3f0 KTMP/vscan.o
 .debug_loc     0x00000000000033e3      0x115 /home/ls/Desktop/OLSONET/PICOS/PicOS/CC13XX/CC13XXWARE/driverlib/bin/gcc/driverlib.lib(adi.o)
 .debug_loc     0x00000000000034f8       0x4e /home/ls/Desktop/OLSONET/PICOS/PicOS/CC13XX/CC13XXWARE/driverlib/bin/gcc/driverlib.lib(aon_batmon.o)
 .debug_loc     0x0000000000003546       0x26 /home/ls/Desktop/OLSONET/PICOS/PicOS/CC13XX/CC13XXWARE/driverlib/bin/gcc/driverlib.lib(aon_rtc.o)
 .debug_loc     0x000000000000356c      0x3b9 /home/ls/Desktop/OLSONET/PICOS/PicOS/CC13XX/CC13XXWARE/driverlib/bin/gcc/driverlib.lib(osc.o)
 .debug_loc     0x0000000000003925      0x29c /home/ls/Desktop/OLSONET/PICOS/PicOS/CC13XX/CC13XXWARE/driverlib/bin/gcc/driverlib.lib(rfc.o)
 .debug_loc     0x0000000000003bc1       0xbc /home/ls/Desktop/OLSONET/PICOS/PicOS/CC13XX/CC13XXWARE/driverlib/bin/gcc/driverlib.lib(setup.o)
 .debug_loc     0x0000000000003c7d      0x9e8 /home/ls/Desktop/OLSONET/PICOS/PicOS/CC13XX/CC13XXWARE/driverlib/bin/gcc/driverlib.lib(setup_rom.o)
 .debug_loc     0x0000000000004665      0x44d /home/ls/Desktop/OLSONET/PICOS/PicOS/CC13XX/CC13XXWARE/driverlib/bin/gcc/driverlib.lib(sys_ctrl.o)
 .debug_loc     0x0000000000004ab2      0x11f /home/ls/Desktop/OLSONET/PICOS/PicOS/CC13XX/CC13XXWARE/driverlib/bin/gcc/driverlib.lib(chipinfo.o)
 .debug_loc     0x0000000000004bd1      0x79c /home/ls/Desktop/OLSONET/PICOS/PicOS/CC13XX/CC13XXWARE/driverlib/bin/gcc/driverlib.lib(ddi.o)
 .debug_loc     0x000000000000536d      0x46c /usr/lib/gcc/arm-none-eabi/10.3.1/../../../arm-none-eabi/lib/thumb/nofp/libg.a(lib_a-memcpy-stub.o)
 .debug_loc     0x00000000000057d9      0x2a3 /usr/lib/gcc/arm-none-eabi/10.3.1/../../../arm-none-eabi/lib/thumb/nofp/libg.a(lib_a-memset.o)

.debug_aranges  0x0000000000000000      0xa00
 .debug_aranges
                0x0000000000000000       0x48 KTMP/app.o
 .debug_aranges
                0x0000000000000048       0xe8 KTMP/main.o
 .debug_aranges
                0x0000000000000130      0x158 KTMP/kernel.o
 .debug_aranges
                0x0000000000000288      0x108 KTMP/tcv.o
 .debug_aranges
                0x0000000000000390       0x38 KTMP/startup_gcc.o
 .debug_aranges
                0x00000000000003c8       0x18 KTMP/ccfg.o
 .debug_aranges
                0x00000000000003e0       0x28 KTMP/pin_sensor.o
 .debug_aranges
                0x0000000000000408       0x28 KTMP/buttons.o
 .debug_aranges
                0x0000000000000430       0x90 KTMP/storage_mx25r8035.o
 .debug_aranges
                0x00000000000004c0       0x20 KTMP/ser_out.o
 .debug_aranges
                0x00000000000004e0       0x20 KTMP/ser_in.o
 .debug_aranges
                0x0000000000000500       0x20 KTMP/ser_outf.o
 .debug_aranges
                0x0000000000000520       0x20 KTMP/ser_inf.o
 .debug_aranges
                0x0000000000000540       0x70 KTMP/rfprop.o
 .debug_aranges
                0x00000000000005b0       0x48 KTMP/plug_null.o
 .debug_aranges
                0x00000000000005f8       0x20 KTMP/__outserial.o
 .debug_aranges
                0x0000000000000618       0x20 KTMP/__inserial.o
 .debug_aranges
                0x0000000000000638       0x30 KTMP/vform.o
 .debug_aranges
                0x0000000000000668       0x20 KTMP/vscan.o
 .debug_aranges
                0x0000000000000688       0x18 KTMP/smartrf_settings_lp_hr.o
 .debug_aranges
                0x00000000000006a0       0x28 /home/ls/Desktop/OLSONET/PICOS/PicOS/CC13XX/CC13XXWARE/driverlib/bin/gcc/driverlib.lib(adi.o)
 .debug_aranges
                0x00000000000006c8       0x20 /home/ls/Desktop/OLSONET/PICOS/PicOS/CC13XX/CC13XXWARE/driverlib/bin/gcc/driverlib.lib(aon_batmon.o)
 .debug_aranges
                0x00000000000006e8       0x28 /home/ls/Desktop/OLSONET/PICOS/PicOS/CC13XX/CC13XXWARE/driverlib/bin/gcc/driverlib.lib(aon_rtc.o)
 .debug_aranges
                0x0000000000000710       0x40 /home/ls/Desktop/OLSONET/PICOS/PicOS/CC13XX/CC13XXWARE/driverlib/bin/gcc/driverlib.lib(cpu.o)
 .debug_aranges
                0x0000000000000750       0x68 /home/ls/Desktop/OLSONET/PICOS/PicOS/CC13XX/CC13XXWARE/driverlib/bin/gcc/driverlib.lib(osc.o)
 .debug_aranges
                0x00000000000007b8       0x58 /home/ls/Desktop/OLSONET/PICOS/PicOS/CC13XX/CC13XXWARE/driverlib/bin/gcc/driverlib.lib(rfc.o)
 .debug_aranges
                0x0000000000000810       0x28 /home/ls/Desktop/OLSONET/PICOS/PicOS/CC13XX/CC13XXWARE/driverlib/bin/gcc/driverlib.lib(setup.o)
 .debug_aranges
                0x0000000000000838       0xb8 /home/ls/Desktop/OLSONET/PICOS/PicOS/CC13XX/CC13XXWARE/driverlib/bin/gcc/driverlib.lib(setup_rom.o)
 .debug_aranges
                0x00000000000008f0       0x40 /home/ls/Desktop/OLSONET/PICOS/PicOS/CC13XX/CC13XXWARE/driverlib/bin/gcc/driverlib.lib(sys_ctrl.o)
 .debug_aranges
                0x0000000000000930       0x48 /home/ls/Desktop/OLSONET/PICOS/PicOS/CC13XX/CC13XXWARE/driverlib/bin/gcc/driverlib.lib(chipinfo.o)
 .debug_aranges
                0x0000000000000978       0x48 /home/ls/Desktop/OLSONET/PICOS/PicOS/CC13XX/CC13XXWARE/driverlib/bin/gcc/driverlib.lib(ddi.o)
 .debug_aranges
                0x00000000000009c0       0x20 /usr/lib/gcc/arm-none-eabi/10.3.1/../../../arm-none-eabi/lib/thumb/nofp/libg.a(lib_a-memcpy-stub.o)
 .debug_aranges
                0x00000000000009e0       0x20 /usr/lib/gcc/arm-none-eabi/10.3.1/../../../arm-none-eabi/lib/thumb/nofp/libg.a(lib_a-memset.o)

.debug_ranges   0x0000000000000000     0x1210
 .debug_ranges  0x0000000000000000      0x110 KTMP/app.o
 .debug_ranges  0x0000000000000110      0x498 KTMP/main.o
 .debug_ranges  0x00000000000005a8      0x1e0 KTMP/kernel.o
 .debug_ranges  0x0000000000000788      0x128 KTMP/tcv.o
 .debug_ranges  0x00000000000008b0       0x28 KTMP/startup_gcc.o
 .debug_ranges  0x00000000000008d8       0x40 KTMP/pin_sensor.o
 .debug_ranges  0x0000000000000918       0x78 KTMP/buttons.o
 .debug_ranges  0x0000000000000990      0x1e8 KTMP/storage_mx25r8035.o
 .debug_ranges  0x0000000000000b78       0x10 KTMP/ser_out.o
 .debug_ranges  0x0000000000000b88       0x10 KTMP/ser_in.o
 .debug_ranges  0x0000000000000b98       0x10 KTMP/ser_outf.o
 .debug_ranges  0x0000000000000ba8       0x10 KTMP/ser_inf.o
 .debug_ranges  0x0000000000000bb8      0x180 KTMP/rfprop.o
 .debug_ranges  0x0000000000000d38       0x38 KTMP/plug_null.o
 .debug_ranges  0x0000000000000d70       0x28 KTMP/__outserial.o
 .debug_ranges  0x0000000000000d98       0x30 KTMP/__inserial.o
 .debug_ranges  0x0000000000000dc8       0x98 KTMP/vform.o
 .debug_ranges  0x0000000000000e60       0x98 KTMP/vscan.o
 .debug_ranges  0x0000000000000ef8       0x18 /home/ls/Desktop/OLSONET/PICOS/PicOS/CC13XX/CC13XXWARE/driverlib/bin/gcc/driverlib.lib(adi.o)
 .debug_ranges  0x0000000000000f10       0x10 /home/ls/Desktop/OLSONET/PICOS/PicOS/CC13XX/CC13XXWARE/driverlib/bin/gcc/driverlib.lib(aon_batmon.o)
 .debug_ranges  0x0000000000000f20       0x18 /home/ls/Desktop/OLSONET/PICOS/PicOS/CC13XX/CC13XXWARE/driverlib/bin/gcc/driverlib.lib(aon_rtc.o)
 .debug_ranges  0x0000000000000f38       0x30 /home/ls/Desktop/OLSONET/PICOS/PicOS/CC13XX/CC13XXWARE/driverlib/bin/gcc/driverlib.lib(cpu.o)
 .debug_ranges  0x0000000000000f68       0x70 /home/ls/Desktop/OLSONET/PICOS/PicOS/CC13XX/CC13XXWARE/driverlib/bin/gcc/driverlib.lib(osc.o)
 .debug_ranges  0x0000000000000fd8       0x48 /home/ls/Desktop/OLSONET/PICOS/PicOS/CC13XX/CC13XXWARE/driverlib/bin/gcc/driverlib.lib(rfc.o)
 .debug_ranges  0x0000000000001020       0x18 /home/ls/Desktop/OLSONET/PICOS/PicOS/CC13XX/CC13XXWARE/driverlib/bin/gcc/driverlib.lib(setup.o)
 .debug_ranges  0x0000000000001038       0xd8 /home/ls/Desktop/OLSONET/PICOS/PicOS/CC13XX/CC13XXWARE/driverlib/bin/gcc/driverlib.lib(setup_rom.o)
 .debug_ranges  0x0000000000001110       0x60 /home/ls/Desktop/OLSONET/PICOS/PicOS/CC13XX/CC13XXWARE/driverlib/bin/gcc/driverlib.lib(sys_ctrl.o)
 .debug_ranges  0x0000000000001170       0x68 /home/ls/Desktop/OLSONET/PICOS/PicOS/CC13XX/CC13XXWARE/driverlib/bin/gcc/driverlib.lib(chipinfo.o)
 .debug_ranges  0x00000000000011d8       0x38 /home/ls/Desktop/OLSONET/PICOS/PicOS/CC13XX/CC13XXWARE/driverlib/bin/gcc/driverlib.lib(ddi.o)

.debug_line     0x0000000000000000     0x8af8
 .debug_line    0x0000000000000000      0xf5e KTMP/app.o
 .debug_line    0x0000000000000f5e     0x14df KTMP/main.o
 .debug_line    0x000000000000243d      0xebe KTMP/kernel.o
 .debug_line    0x00000000000032fb      0xc32 KTMP/tcv.o
 .debug_line    0x0000000000003f2d      0x111 KTMP/startup_gcc.o
 .debug_line    0x000000000000403e       0xdf KTMP/ccfg.o
 .debug_line    0x000000000000411d      0x20a KTMP/pin_sensor.o
 .debug_line    0x0000000000004327      0x2ad KTMP/buttons.o
 .debug_line    0x00000000000045d4      0x886 KTMP/storage_mx25r8035.o
 .debug_line    0x0000000000004e5a      0x14d KTMP/ser_out.o
 .debug_line    0x0000000000004fa7      0x161 KTMP/ser_in.o
 .debug_line    0x0000000000005108      0x13e KTMP/ser_outf.o
 .debug_line    0x0000000000005246      0x14f KTMP/ser_inf.o
 .debug_line    0x0000000000005395      0xbaa KTMP/rfprop.o
 .debug_line    0x0000000000005f3f      0x24b KTMP/plug_null.o
 .debug_line    0x000000000000618a      0x171 KTMP/__outserial.o
 .debug_line    0x00000000000062fb      0x21b KTMP/__inserial.o
 .debug_line    0x0000000000006516      0x388 KTMP/vform.o
 .debug_line    0x000000000000689e      0x266 KTMP/vscan.o
 .debug_line    0x0000000000006b04      0x19a KTMP/smartrf_settings_lp_hr.o
 .debug_line    0x0000000000006c9e      0x1a0 /home/ls/Desktop/OLSONET/PICOS/PicOS/CC13XX/CC13XXWARE/driverlib/bin/gcc/driverlib.lib(adi.o)
 .debug_line    0x0000000000006e3e      0x16b /home/ls/Desktop/OLSONET/PICOS/PicOS/CC13XX/CC13XXWARE/driverlib/bin/gcc/driverlib.lib(aon_batmon.o)
 .debug_line    0x0000000000006fa9      0x1ad /home/ls/Desktop/OLSONET/PICOS/PicOS/CC13XX/CC13XXWARE/driverlib/bin/gcc/driverlib.lib(aon_rtc.o)
 .debug_line    0x0000000000007156      0x1a0 /home/ls/Desktop/OLSONET/PICOS/PicOS/CC13XX/CC13XXWARE/driverlib/bin/gcc/driverlib.lib(cpu.o)
 .debug_line    0x00000000000072f6      0x2da /home/ls/Desktop/OLSONET/PICOS/PicOS/CC13XX/CC13XXWARE/driverlib/bin/gcc/driverlib.lib(osc.o)
 .debug_line    0x00000000000075d0      0x3ab /home/ls/Desktop/OLSONET/PICOS/PicOS/CC13XX/CC13XXWARE/driverlib/bin/gcc/driverlib.lib(rfc.o)
 .debug_line    0x000000000000797b      0x1ed /home/ls/Desktop/OLSONET/PICOS/PicOS/CC13XX/CC13XXWARE/driverlib/bin/gcc/driverlib.lib(setup.o)
 .debug_line    0x0000000000007b68      0x45b /home/ls/Desktop/OLSONET/PICOS/PicOS/CC13XX/CC13XXWARE/driverlib/bin/gcc/driverlib.lib(setup_rom.o)
 .debug_line    0x0000000000007fc3      0x369 /home/ls/Desktop/OLSONET/PICOS/PicOS/CC13XX/CC13XXWARE/driverlib/bin/gcc/driverlib.lib(sys_ctrl.o)
 .debug_line    0x000000000000832c      0x22f /home/ls/Desktop/OLSONET/PICOS/PicOS/CC13XX/CC13XXWARE/driverlib/bin/gcc/driverlib.lib(chipinfo.o)
 .debug_line    0x000000000000855b      0x222 /home/ls/Desktop/OLSONET/PICOS/PicOS/CC13XX/CC13XXWARE/driverlib/bin/gcc/driverlib.lib(ddi.o)
 .debug_line    0x000000000000877d      0x1ad /usr/lib/gcc/arm-none-eabi/10.3.1/../../../arm-none-eabi/lib/thumb/nofp/libg.a(lib_a-memcpy-stub.o)
 .debug_line    0x000000000000892a      0x1ce /usr/lib/gcc/arm-none-eabi/10.3.1/../../../arm-none-eabi/lib/thumb/nofp/libg.a(lib_a-memset.o)

.debug_str      0x0000000000000000     0x4048
 .debug_str     0x0000000000000000      0xa1d KTMP/app.o
                                        0xace (size before relaxing)
 .debug_str     0x0000000000000a1d      0x67c KTMP/main.o
                                        0x897 (size before relaxing)
 .debug_str     0x0000000000001099      0x264 KTMP/kernel.o
                                        0x5b1 (size before relaxing)
 .debug_str     0x00000000000012fd      0x263 KTMP/tcv.o
                                        0x4de (size before relaxing)
 .debug_str     0x0000000000001560       0xa8 KTMP/startup_gcc.o
                                        0x251 (size before relaxing)
 .debug_str     0x0000000000001608      0x1d2 KTMP/ccfg.o
                                        0x37a (size before relaxing)
 .debug_str     0x00000000000017da       0x72 KTMP/pin_sensor.o
                                        0x288 (size before relaxing)
 .debug_str     0x000000000000184c       0x72 KTMP/buttons.o
                                        0x260 (size before relaxing)
 .debug_str     0x00000000000018be      0x10d KTMP/storage_mx25r8035.o
                                        0x343 (size before relaxing)
 .debug_str     0x00000000000019cb       0x44 KTMP/ser_out.o
                                        0x20d (size before relaxing)
 .debug_str     0x0000000000001a0f       0x4c KTMP/ser_in.o
                                        0x20d (size before relaxing)
 .debug_str     0x0000000000001a5b       0x46 KTMP/ser_outf.o
                                        0x22d (size before relaxing)
 .debug_str     0x0000000000001aa1       0x44 KTMP/ser_inf.o
                                        0x235 (size before relaxing)
 .debug_str     0x0000000000001ae5      0x87a KTMP/rfprop.o
                                        0xb65 (size before relaxing)
 .debug_str     0x000000000000235f       0x70 KTMP/plug_null.o
                                        0x2b8 (size before relaxing)
 .debug_str     0x00000000000023cf       0x5d KTMP/__outserial.o
                                        0x285 (size before relaxing)
 .debug_str     0x000000000000242c       0x4a KTMP/__inserial.o
                                        0x28a (size before relaxing)
 .debug_str     0x0000000000002476       0x58 KTMP/vform.o
                                        0x25b (size before relaxing)
 .debug_str     0x00000000000024ce       0x5b KTMP/vscan.o
                                        0x24d (size before relaxing)
 .debug_str     0x0000000000002529       0x5a KTMP/smartrf_settings_lp_hr.o
                                        0x631 (size before relaxing)
 .debug_str     0x0000000000002583      0x1be /home/ls/Desktop/OLSONET/PICOS/PicOS/CC13XX/CC13XXWARE/driverlib/bin/gcc/driverlib.lib(adi.o)
                                        0x259 (size before relaxing)
 .debug_str     0x0000000000002741       0x7e /home/ls/Desktop/OLSONET/PICOS/PicOS/CC13XX/CC13XXWARE/driverlib/bin/gcc/driverlib.lib(aon_batmon.o)
                                        0x221 (size before relaxing)
 .debug_str     0x00000000000027bf       0xce /home/ls/Desktop/OLSONET/PICOS/PicOS/CC13XX/CC13XXWARE/driverlib/bin/gcc/driverlib.lib(aon_rtc.o)
                                        0x27f (size before relaxing)
 .debug_str     0x000000000000288d       0x61 /home/ls/Desktop/OLSONET/PICOS/PicOS/CC13XX/CC13XXWARE/driverlib/bin/gcc/driverlib.lib(cpu.o)
                                        0x227 (size before relaxing)
 .debug_str     0x00000000000028ee      0x5d2 /home/ls/Desktop/OLSONET/PICOS/PicOS/CC13XX/CC13XXWARE/driverlib/bin/gcc/driverlib.lib(osc.o)
                                        0x822 (size before relaxing)
 .debug_str     0x0000000000002ec0      0x1c9 /home/ls/Desktop/OLSONET/PICOS/PicOS/CC13XX/CC13XXWARE/driverlib/bin/gcc/driverlib.lib(rfc.o)
                                        0x603 (size before relaxing)
 .debug_str     0x0000000000003089      0x203 /home/ls/Desktop/OLSONET/PICOS/PicOS/CC13XX/CC13XXWARE/driverlib/bin/gcc/driverlib.lib(setup.o)
                                        0x3ab (size before relaxing)
 .debug_str     0x000000000000328c      0x4b8 /home/ls/Desktop/OLSONET/PICOS/PicOS/CC13XX/CC13XXWARE/driverlib/bin/gcc/driverlib.lib(setup_rom.o)
                                        0x792 (size before relaxing)
 .debug_str     0x0000000000003744      0x26f /home/ls/Desktop/OLSONET/PICOS/PicOS/CC13XX/CC13XXWARE/driverlib/bin/gcc/driverlib.lib(sys_ctrl.o)
                                        0x7e2 (size before relaxing)
 .debug_str     0x00000000000039b3      0x3c3 /home/ls/Desktop/OLSONET/PICOS/PicOS/CC13XX/CC13XXWARE/driverlib/bin/gcc/driverlib.lib(chipinfo.o)
                                        0x5ae (size before relaxing)
 .debug_str     0x0000000000003d76       0xf2 /home/ls/Desktop/OLSONET/PICOS/PicOS/CC13XX/CC13XXWARE/driverlib/bin/gcc/driverlib.lib(ddi.o)
                                        0x316 (size before relaxing)
 .debug_str     0x0000000000003e68      0x147 /usr/lib/gcc/arm-none-eabi/10.3.1/../../../arm-none-eabi/lib/thumb/nofp/libg.a(lib_a-memcpy-stub.o)
                                        0x1de (size before relaxing)
 .debug_str     0x0000000000003faf       0x99 /usr/lib/gcc/arm-none-eabi/10.3.1/../../../arm-none-eabi/lib/thumb/nofp/libg.a(lib_a-memset.o)
                                        0x1b9 (size before relaxing)

.comment        0x0000000000000000       0xa3
 .comment       0x0000000000000000       0x33 KTMP/app.o
                                         0x34 (size before relaxing)
 .comment       0x0000000000000033       0x34 KTMP/main.o
 .comment       0x0000000000000033       0x34 KTMP/kernel.o
 .comment       0x0000000000000033       0x34 KTMP/tcv.o
 .comment       0x0000000000000033       0x34 KTMP/startup_gcc.o
 .comment       0x0000000000000033       0x34 KTMP/ccfg.o
 .comment       0x0000000000000033       0x34 KTMP/pin_sensor.o
 .comment       0x0000000000000033       0x34 KTMP/buttons.o
 .comment       0x0000000000000033       0x34 KTMP/storage_mx25r8035.o
 .comment       0x0000000000000033       0x34 KTMP/ser_out.o
 .comment       0x0000000000000033       0x34 KTMP/ser_in.o
 .comment       0x0000000000000033       0x34 KTMP/ser_outf.o
 .comment       0x0000000000000033       0x34 KTMP/ser_inf.o
 .comment       0x0000000000000033       0x34 KTMP/rfprop.o
 .comment       0x0000000000000033       0x34 KTMP/plug_null.o
 .comment       0x0000000000000033       0x34 KTMP/__outserial.o
 .comment       0x0000000000000033       0x34 KTMP/__inserial.o
 .comment       0x0000000000000033       0x34 KTMP/vform.o
 .comment       0x0000000000000033       0x34 KTMP/vscan.o
 .comment       0x0000000000000033       0x34 KTMP/smartrf_settings_lp_hr.o
 .comment       0x0000000000000033       0x70 /home/ls/Desktop/OLSONET/PICOS/PicOS/CC13XX/CC13XXWARE/driverlib/bin/gcc/driverlib.lib(adi.o)
                                         0x71 (size before relaxing)
 .comment       0x00000000000000a3       0x71 /home/ls/Desktop/OLSONET/PICOS/PicOS/CC13XX/CC13XXWARE/driverlib/bin/gcc/driverlib.lib(aon_batmon.o)
 .comment       0x00000000000000a3       0x71 /home/ls/Desktop/OLSONET/PICOS/PicOS/CC13XX/CC13XXWARE/driverlib/bin/gcc/driverlib.lib(aon_rtc.o)
 .comment       0x00000000000000a3       0x71 /home/ls/Desktop/OLSONET/PICOS/PicOS/CC13XX/CC13XXWARE/driverlib/bin/gcc/driverlib.lib(cpu.o)
 .comment       0x00000000000000a3       0x71 /home/ls/Desktop/OLSONET/PICOS/PicOS/CC13XX/CC13XXWARE/driverlib/bin/gcc/driverlib.lib(osc.o)
 .comment       0x00000000000000a3       0x71 /home/ls/Desktop/OLSONET/PICOS/PicOS/CC13XX/CC13XXWARE/driverlib/bin/gcc/driverlib.lib(rfc.o)
 .comment       0x00000000000000a3       0x71 /home/ls/Desktop/OLSONET/PICOS/PicOS/CC13XX/CC13XXWARE/driverlib/bin/gcc/driverlib.lib(setup.o)
 .comment       0x00000000000000a3       0x71 /home/ls/Desktop/OLSONET/PICOS/PicOS/CC13XX/CC13XXWARE/driverlib/bin/gcc/driverlib.lib(setup_rom.o)
 .comment       0x00000000000000a3       0x71 /home/ls/Desktop/OLSONET/PICOS/PicOS/CC13XX/CC13XXWARE/driverlib/bin/gcc/driverlib.lib(sys_ctrl.o)
 .comment       0x00000000000000a3       0x71 /home/ls/Desktop/OLSONET/PICOS/PicOS/CC13XX/CC13XXWARE/driverlib/bin/gcc/driverlib.lib(chipinfo.o)
 .comment       0x00000000000000a3       0x71 /home/ls/Desktop/OLSONET/PICOS/PicOS/CC13XX/CC13XXWARE/driverlib/bin/gcc/driverlib.lib(ddi.o)
 .comment       0x00000000000000a3       0x34 /usr/lib/gcc/arm-none-eabi/10.3.1/../../../arm-none-eabi/lib/thumb/nofp/libg.a(lib_a-memcpy-stub.o)
 .comment       0x00000000000000a3       0x34 /usr/lib/gcc/arm-none-eabi/10.3.1/../../../arm-none-eabi/lib/thumb/nofp/libg.a(lib_a-memset.o)

.ARM.attributes
                0x0000000000000000       0x2f
 .ARM.attributes
                0x0000000000000000       0x2d KTMP/app.o
 .ARM.attributes
                0x000000000000002d       0x2d KTMP/main.o
 .ARM.attributes
                0x000000000000005a       0x2d KTMP/kernel.o
 .ARM.attributes
                0x0000000000000087       0x2d KTMP/tcv.o
 .ARM.attributes
                0x00000000000000b4       0x2d KTMP/startup_gcc.o
 .ARM.attributes
                0x00000000000000e1       0x33 KTMP/ccfg.o
 .ARM.attributes
                0x0000000000000114       0x2d KTMP/pin_sensor.o
 .ARM.attributes
                0x0000000000000141       0x2d KTMP/buttons.o
 .ARM.attributes
                0x000000000000016e       0x2d KTMP/storage_mx25r8035.o
 .ARM.attributes
                0x000000000000019b       0x2d KTMP/ser_out.o
 .ARM.attributes
                0x00000000000001c8       0x2d KTMP/ser_in.o
 .ARM.attributes
                0x00000000000001f5       0x2d KTMP/ser_outf.o
 .ARM.attributes
                0x0000000000000222       0x2d KTMP/ser_inf.o
 .ARM.attributes
                0x000000000000024f       0x2d KTMP/rfprop.o
 .ARM.attributes
                0x000000000000027c       0x2d KTMP/plug_null.o
 .ARM.attributes
                0x00000000000002a9       0x2d KTMP/__outserial.o
 .ARM.attributes
                0x00000000000002d6       0x2d KTMP/__inserial.o
 .ARM.attributes
                0x0000000000000303       0x2d KTMP/vform.o
 .ARM.attributes
                0x0000000000000330       0x2d KTMP/vscan.o
 .ARM.attributes
                0x000000000000035d       0x33 KTMP/smartrf_settings_lp_hr.o
 .ARM.attributes
                0x0000000000000390       0x33 /home/ls/Desktop/OLSONET/PICOS/PicOS/CC13XX/CC13XXWARE/driverlib/bin/gcc/driverlib.lib(adi.o)
 .ARM.attributes
                0x00000000000003c3       0x33 /home/ls/Desktop/OLSONET/PICOS/PicOS/CC13XX/CC13XXWARE/driverlib/bin/gcc/driverlib.lib(aon_batmon.o)
 .ARM.attributes
                0x00000000000003f6       0x33 /home/ls/Desktop/OLSONET/PICOS/PicOS/CC13XX/CC13XXWARE/driverlib/bin/gcc/driverlib.lib(aon_rtc.o)
 .ARM.attributes
                0x0000000000000429       0x33 /home/ls/Desktop/OLSONET/PICOS/PicOS/CC13XX/CC13XXWARE/driverlib/bin/gcc/driverlib.lib(cpu.o)
 .ARM.attributes
                0x000000000000045c       0x33 /home/ls/Desktop/OLSONET/PICOS/PicOS/CC13XX/CC13XXWARE/driverlib/bin/gcc/driverlib.lib(osc.o)
 .ARM.attributes
                0x000000000000048f       0x33 /home/ls/Desktop/OLSONET/PICOS/PicOS/CC13XX/CC13XXWARE/driverlib/bin/gcc/driverlib.lib(rfc.o)
 .ARM.attributes
                0x00000000000004c2       0x33 /home/ls/Desktop/OLSONET/PICOS/PicOS/CC13XX/CC13XXWARE/driverlib/bin/gcc/driverlib.lib(setup.o)
 .ARM.attributes
                0x00000000000004f5       0x33 /home/ls/Desktop/OLSONET/PICOS/PicOS/CC13XX/CC13XXWARE/driverlib/bin/gcc/driverlib.lib(setup_rom.o)
 .ARM.attributes
                0x0000000000000528       0x33 /home/ls/Desktop/OLSONET/PICOS/PicOS/CC13XX/CC13XXWARE/driverlib/bin/gcc/driverlib.lib(sys_ctrl.o)
 .ARM.attributes
                0x000000000000055b       0x33 /home/ls/Desktop/OLSONET/PICOS/PicOS/CC13XX/CC13XXWARE/driverlib/bin/gcc/driverlib.lib(chipinfo.o)
 .ARM.attributes
                0x000000000000058e       0x33 /home/ls/Desktop/OLSONET/PICOS/PicOS/CC13XX/CC13XXWARE/driverlib/bin/gcc/driverlib.lib(ddi.o)
 .ARM.attributes
                0x00000000000005c1       0x2a /usr/lib/gcc/arm-none-eabi/10.3.1/../../../arm-none-eabi/lib/thumb/nofp/libg.a(lib_a-memcpy-stub.o)
 .ARM.attributes
                0x00000000000005eb       0x2a /usr/lib/gcc/arm-none-eabi/10.3.1/../../../arm-none-eabi/lib/thumb/nofp/libg.a(lib_a-memset.o)

.debug_frame    0x0000000000000000     0x18bc
 .debug_frame   0x0000000000000000      0x160 KTMP/app.o
 .debug_frame   0x0000000000000160      0x2b0 KTMP/main.o
 .debug_frame   0x0000000000000410      0x3d4 KTMP/kernel.o
 .debug_frame   0x00000000000007e4      0x364 KTMP/tcv.o
 .debug_frame   0x0000000000000b48       0x58 KTMP/startup_gcc.o
 .debug_frame   0x0000000000000ba0       0x3c KTMP/pin_sensor.o
 .debug_frame   0x0000000000000bdc       0x68 KTMP/buttons.o
 .debug_frame   0x0000000000000c44      0x190 KTMP/storage_mx25r8035.o
 .debug_frame   0x0000000000000dd4       0x30 KTMP/ser_out.o
 .debug_frame   0x0000000000000e04       0x30 KTMP/ser_in.o
 .debug_frame   0x0000000000000e34       0x44 KTMP/ser_outf.o
 .debug_frame   0x0000000000000e78       0x44 KTMP/ser_inf.o
 .debug_frame   0x0000000000000ebc      0x180 KTMP/rfprop.o
 .debug_frame   0x000000000000103c       0x84 KTMP/plug_null.o
 .debug_frame   0x00000000000010c0       0x3c KTMP/__outserial.o
 .debug_frame   0x00000000000010fc       0x48 KTMP/__inserial.o
 .debug_frame   0x0000000000001144       0x6c KTMP/vform.o
 .debug_frame   0x00000000000011b0       0x34 KTMP/vscan.o
 .debug_frame   0x00000000000011e4       0x64 /home/ls/Desktop/OLSONET/PICOS/PicOS/CC13XX/CC13XXWARE/driverlib/bin/gcc/driverlib.lib(adi.o)
 .debug_frame   0x0000000000001248       0x20 /home/ls/Desktop/OLSONET/PICOS/PicOS/CC13XX/CC13XXWARE/driverlib/bin/gcc/driverlib.lib(aon_batmon.o)
 .debug_frame   0x0000000000001268       0x30 /home/ls/Desktop/OLSONET/PICOS/PicOS/CC13XX/CC13XXWARE/driverlib/bin/gcc/driverlib.lib(aon_rtc.o)
 .debug_frame   0x0000000000001298       0x60 /home/ls/Desktop/OLSONET/PICOS/PicOS/CC13XX/CC13XXWARE/driverlib/bin/gcc/driverlib.lib(cpu.o)
 .debug_frame   0x00000000000012f8      0x104 /home/ls/Desktop/OLSONET/PICOS/PicOS/CC13XX/CC13XXWARE/driverlib/bin/gcc/driverlib.lib(osc.o)
 .debug_frame   0x00000000000013fc       0xb0 /home/ls/Desktop/OLSONET/PICOS/PicOS/CC13XX/CC13XXWARE/driverlib/bin/gcc/driverlib.lib(rfc.o)
 .debug_frame   0x00000000000014ac       0x44 /home/ls/Desktop/OLSONET/PICOS/PicOS/CC13XX/CC13XXWARE/driverlib/bin/gcc/driverlib.lib(setup.o)
 .debug_frame   0x00000000000014f0      0x194 /home/ls/Desktop/OLSONET/PICOS/PicOS/CC13XX/CC13XXWARE/driverlib/bin/gcc/driverlib.lib(setup_rom.o)
 .debug_frame   0x0000000000001684       0x9c /home/ls/Desktop/OLSONET/PICOS/PicOS/CC13XX/CC13XXWARE/driverlib/bin/gcc/driverlib.lib(sys_ctrl.o)
 .debug_frame   0x0000000000001720       0x8c /home/ls/Desktop/OLSONET/PICOS/PicOS/CC13XX/CC13XXWARE/driverlib/bin/gcc/driverlib.lib(chipinfo.o)
 .debug_frame   0x00000000000017ac       0xac /home/ls/Desktop/OLSONET/PICOS/PicOS/CC13XX/CC13XXWARE/driverlib/bin/gcc/driverlib.lib(ddi.o)
 .debug_frame   0x0000000000001858       0x34 /usr/lib/gcc/arm-none-eabi/10.3.1/../../../arm-none-eabi/lib/thumb/nofp/libg.a(lib_a-memcpy-stub.o)
 .debug_frame   0x000000000000188c       0x30 /usr/lib/gcc/arm-none-eabi/10.3.1/../../../arm-none-eabi/lib/thumb/nofp/libg.a(lib_a-memset.o)
