Archive member included to satisfy reference by file (symbol)

/home/weavers5/Desktop/OLSONET/PICOS/PicOS/CC13XX/CC13XXWARE/driverlib/bin/gcc/driverlib.lib(adi.o)
                              KTMP/analog_sensor.o (SafeHapiAuxAdiSelect)
/home/weavers5/Desktop/OLSONET/PICOS/PicOS/CC13XX/CC13XXWARE/driverlib/bin/gcc/driverlib.lib(aon_batmon.o)
                              KTMP/main.o (NOROM_AONBatMonTemperatureGetDegC)
/home/weavers5/Desktop/OLSONET/PICOS/PicOS/CC13XX/CC13XXWARE/driverlib/bin/gcc/driverlib.lib(aon_rtc.o)
                              KTMP/main.o (NOROM_AONRTCCurrent64BitValueGet)
/home/weavers5/Desktop/OLSONET/PICOS/PicOS/CC13XX/CC13XXWARE/driverlib/bin/gcc/driverlib.lib(aux_adc.o)
                              KTMP/analog_sensor.o (NOROM_AUXADCDisable)
/home/weavers5/Desktop/OLSONET/PICOS/PicOS/CC13XX/CC13XXWARE/driverlib/bin/gcc/driverlib.lib(cpu.o)
                              KTMP/main.o (NOROM_CPUcpsid)
/home/weavers5/Desktop/OLSONET/PICOS/PicOS/CC13XX/CC13XXWARE/driverlib/bin/gcc/driverlib.lib(osc.o)
                              KTMP/rfprop.o (NOROM_OSCHF_TurnOnXosc)
/home/weavers5/Desktop/OLSONET/PICOS/PicOS/CC13XX/CC13XXWARE/driverlib/bin/gcc/driverlib.lib(rfc.o)
                              KTMP/rfprop.o (NOROM_RFCDoorbellSendTo)
/home/weavers5/Desktop/OLSONET/PICOS/PicOS/CC13XX/CC13XXWARE/driverlib/bin/gcc/driverlib.lib(setup.o)
                              KTMP/startup_gcc.o (NOROM_SetupTrimDevice)
/home/weavers5/Desktop/OLSONET/PICOS/PicOS/CC13XX/CC13XXWARE/driverlib/bin/gcc/driverlib.lib(setup_rom.o)
                              /home/weavers5/Desktop/OLSONET/PICOS/PicOS/CC13XX/CC13XXWARE/driverlib/bin/gcc/driverlib.lib(setup.o) (NOROM_SetupAfterColdResetWakeupFromShutDownCfg1)
/home/weavers5/Desktop/OLSONET/PICOS/PicOS/CC13XX/CC13XXWARE/driverlib/bin/gcc/driverlib.lib(sys_ctrl.o)
                              KTMP/main.o (NOROM_SysCtrlSetRechargeBeforePowerDown)
/home/weavers5/Desktop/OLSONET/PICOS/PicOS/CC13XX/CC13XXWARE/driverlib/bin/gcc/driverlib.lib(chipinfo.o)
                              /home/weavers5/Desktop/OLSONET/PICOS/PicOS/CC13XX/CC13XXWARE/driverlib/bin/gcc/driverlib.lib(setup.o) (NOROM_ThisCodeIsBuiltForCC13xxHwRev20AndLater_HaltIfViolated)
/home/weavers5/Desktop/OLSONET/PICOS/PicOS/CC13XX/CC13XXWARE/driverlib/bin/gcc/driverlib.lib(ddi.o)
                              /home/weavers5/Desktop/OLSONET/PICOS/PicOS/CC13XX/CC13XXWARE/driverlib/bin/gcc/driverlib.lib(setup_rom.o) (NOROM_DDI32RegWrite)
/usr/lib/gcc/arm-none-eabi/10.3.1/../../../arm-none-eabi/lib/thumb/nofp/libg.a(lib_a-memcpy-stub.o)
                              KTMP/startup_gcc.o (memcpy)
/usr/lib/gcc/arm-none-eabi/10.3.1/../../../arm-none-eabi/lib/thumb/nofp/libg.a(lib_a-memset.o)
                              KTMP/kernel.o (memset)

Discarded input sections

 .text          0x0000000000000000        0x0 KTMP/app.o
 .data          0x0000000000000000        0x0 KTMP/app.o
 .bss           0x0000000000000000        0x0 KTMP/app.o
 .bss.pending_dest
                0x0000000000000000        0x1 KTMP/app.o
 .text          0x0000000000000000        0x0 KTMP/main.o
 .data          0x0000000000000000        0x0 KTMP/main.o
 .bss           0x0000000000000000        0x0 KTMP/main.o
 .text.reset    0x0000000000000000       0x24 KTMP/main.o
 .text.__pi_uart_getrate
                0x0000000000000000        0xc KTMP/main.o
 .text.__pi_stackfree
                0x0000000000000000       0x28 KTMP/main.o
 .text.__pi_batmon
                0x0000000000000000       0x54 KTMP/main.o
 .bss.where.0   0x0000000000000000        0x1 KTMP/main.o
 .text          0x0000000000000000        0x0 KTMP/kernel.o
 .data          0x0000000000000000        0x0 KTMP/kernel.o
 .bss           0x0000000000000000        0x0 KTMP/kernel.o
 .rodata.pidver.str1.1
                0x0000000000000000        0x4 KTMP/kernel.o
 .text.pidver   0x0000000000000000       0x24 KTMP/kernel.o
 .rodata.utimer_delete.str1.1
                0x0000000000000000        0x5 KTMP/kernel.o
 .text.utimer_delete
                0x0000000000000000       0x54 KTMP/kernel.o
 .text.__pi_ptrigger
                0x0000000000000000       0x2c KTMP/kernel.o
 .text.unwait   0x0000000000000000       0x14 KTMP/kernel.o
 .text.dleft    0x0000000000000000       0x40 KTMP/kernel.o
 .text.getcode  0x0000000000000000       0x18 KTMP/kernel.o
 .text.crunning
                0x0000000000000000       0x20 KTMP/kernel.o
 .text.__pi_strncpy
                0x0000000000000000       0x1c KTMP/kernel.o
 .text.__pi_strcat
                0x0000000000000000       0x10 KTMP/kernel.o
 .text.__pi_strncat
                0x0000000000000000        0x6 KTMP/kernel.o
 .text.killall  0x0000000000000000       0x58 KTMP/kernel.o
 .text.__pi_memfree
                0x0000000000000000       0x30 KTMP/kernel.o
 .text.__pi_maxfree
                0x0000000000000000       0x38 KTMP/kernel.o
 .rodata.host_id
                0x0000000000000000        0x4 KTMP/kernel.o
[...]
Memory Configuration

Name             Origin             Length             Attributes
FLASH            0x0000000000000000 0x000000000001ffa8 xr
FLASH_CCFG       0x000000000001ffa8 0x0000000000000058 xr
SRAM             0x0000000020000000 0x0000000000005000 xrw
GPRAM            0x0000000011000000 0x0000000000002000 xrw
*default*        0x0000000000000000 0xffffffffffffffff

Linker script and memory map

                0x0000000020005000                _estack = (ORIGIN (SRAM) + LENGTH (SRAM))
                0x0000000000000000                _Min_Heap_Size = 0x0
                0x0000000000000100                _Min_Stack_Size = 0x100

.text           0x0000000000000000     0x5ca0
                0x0000000000000000                _text = .
 *(.vectors)
 .vectors       0x0000000000000000       0xc8 KTMP/startup_gcc.o
                0x0000000000000000                g_pfnVectors
 *(.text*)
 .text.Create   0x00000000000000c8      0x1f8 KTMP/app.o
                0x00000000000000c8                Create
 .text.Retrieve
                0x00000000000002c0      0x1bc KTMP/app.o
                0x00000000000002c0                Retrieve
 .text.Find     0x000000000000047c      0x120 KTMP/app.o
                0x000000000000047c                Find
 .text.Delete   0x000000000000059c      0x158 KTMP/app.o
                0x000000000000059c                Delete
 .text.Receiver
                0x00000000000006f4      0x598 KTMP/app.o
                0x00000000000006f4                Receiver
 .text.root     0x0000000000000c8c      0x334 KTMP/app.o
                0x0000000000000c8c                root
 .text.devinit_uart
                0x0000000000000fc0        0xc KTMP/main.o
 .text.udelay   0x0000000000000fcc       0x2c KTMP/main.o
                0x0000000000000fcc                udelay
 .text.mdelay   0x0000000000000ff8       0x2a KTMP/main.o
                0x0000000000000ff8                mdelay
 *fill*         0x0000000000001022        0x2 00000000
 .text.__pi_ondomain
                0x0000000000001024       0x40 KTMP/main.o
                0x0000000000001024                __pi_ondomain
 .text.__pi_offdomain
                0x0000000000001064       0x44 KTMP/main.o
                0x0000000000001064                __pi_offdomain
 .text.__pi_syserror
                0x00000000000010a8       0x54 KTMP/main.o
                0x00000000000010a8                __pi_syserror
 .text.tci_run_delay_timer
                0x00000000000010fc       0x44 KTMP/main.o
                0x00000000000010fc                tci_run_delay_timer
 .text.tci_run_auxiliary_timer
                0x0000000000001140       0x2c KTMP/main.o
                0x0000000000001140                tci_run_auxiliary_timer
 .text.AONRTCIntHandler
                0x000000000000116c      0x118 KTMP/main.o
                0x000000000000116c                AONRTCIntHandler
 .text.tci_update_delay_ticks
                0x0000000000001284       0x54 KTMP/main.o
                0x0000000000001284                tci_update_delay_ticks
 .text.__pi_uart_setrate
                0x00000000000012d8       0x50 KTMP/main.o
                0x00000000000012d8                __pi_uart_setrate
 .text.reinit_uart
                0x0000000000001328       0x2c KTMP/main.o
 .text.ioreq_uart_a
                0x0000000000001354      0x100 KTMP/main.o
 .text.UART0IntHandler
                0x0000000000001454       0xbc KTMP/main.o
                0x0000000000001454                UART0IntHandler
 .text.__buttons_setirq
                0x0000000000001510       0x48 KTMP/main.o
                0x0000000000001510                __buttons_setirq
 .text.__pinlist_setirq
                0x0000000000001558       0x3c KTMP/main.o
                0x0000000000001558                __pinlist_setirq
 .text.GPIOIntHandler
                0x0000000000001594       0xac KTMP/main.o
                0x0000000000001594                GPIOIntHandler
 .text.system_init
                0x0000000000001640      0x1b8 KTMP/main.o
                0x0000000000001640                system_init
 .text.setpowermode
                0x00000000000017f8       0x24 KTMP/main.o
                0x00000000000017f8                setpowermode
 .text.__pi_release
                0x000000000000181c      0x268 KTMP/main.o
                0x000000000000181c                __pi_release
 .text.halt     0x0000000000001a84       0x34 KTMP/main.o
                0x0000000000001a84                halt
 .text.startup.main
                0x0000000000001ab8       0x64 KTMP/main.o
                0x0000000000001ab8                main
 .text.killev   0x0000000000001b1c       0x3c KTMP/kernel.o
 .text.qfree    0x0000000000001b58       0x80 KTMP/kernel.o
 .text.dgout    0x0000000000001bd8       0x14 KTMP/kernel.o
 .text.__pi_badstate
                0x0000000000001bec       0x10 KTMP/kernel.o
                0x0000000000001bec                __pi_badstate
 .text.utimer_add
                0x0000000000001bfc       0x2c KTMP/kernel.o
                0x0000000000001bfc                utimer_add
 .text.__pi_utimer_set
                0x0000000000001c28        0x6 KTMP/kernel.o
                0x0000000000001c28                __pi_utimer_set
 *fill*         0x0000000000001c2e        0x2 00000000
 .text.update_n_wake
                0x0000000000001c30       0xcc KTMP/kernel.o
                0x0000000000001c30                update_n_wake
 .text.proceed  0x0000000000001cfc       0x14 KTMP/kernel.o
                0x0000000000001cfc                proceed
 .text.__pi_wait
                0x0000000000001d10       0x34 KTMP/kernel.o
                0x0000000000001d10                __pi_wait
 .text.__pi_trigger
                0x0000000000001d44       0x34 KTMP/kernel.o
                0x0000000000001d44                __pi_trigger
 .text.__pi_join
                0x0000000000001d78       0x24 KTMP/kernel.o
                0x0000000000001d78                __pi_join
 .text.delay    0x0000000000001d9c       0x38 KTMP/kernel.o
                0x0000000000001d9c                delay
 .text.running  0x0000000000001dd4       0x24 KTMP/kernel.o
                0x0000000000001dd4                running
 .text.__pi_strlen
                0x0000000000001df8        0xe KTMP/kernel.o
                0x0000000000001df8                __pi_strlen
 .text.__pi_strcpy
                0x0000000000001e06       0x10 KTMP/kernel.o
                0x0000000000001e06                __pi_strcpy
 .text.__pi_memcpy
                0x0000000000001e16       0x14 KTMP/kernel.o
                0x0000000000001e16                __pi_memcpy
 .text.__pi_memset
                0x0000000000001e2a        0x4 KTMP/kernel.o
                0x0000000000001e2a                __pi_memset
 *fill*         0x0000000000001e2e        0x2 00000000
 .text.adddevfunc
                0x0000000000001e30       0x24 KTMP/kernel.o
                0x0000000000001e30                adddevfunc
 .text.io       0x0000000000001e54       0x9c KTMP/kernel.o
                0x0000000000001e54                io
 .text.__pi_malloc_init
                0x0000000000001ef0       0x50 KTMP/kernel.o
                0x0000000000001ef0                __pi_malloc_init
 .text.__pi_free
                0x0000000000001f40       0x48 KTMP/kernel.o
                0x0000000000001f40                __pi_free
 .text.kill     0x0000000000001f88       0x50 KTMP/kernel.o
                0x0000000000001f88                kill
 .text.__pi_malloc
                0x0000000000001fd8       0xa8 KTMP/kernel.o
                0x0000000000001fd8                __pi_malloc
 .text.__pi_fork
                0x0000000000002080       0x34 KTMP/kernel.o
                0x0000000000002080                __pi_fork
 .text.__pi_waitmem
                0x00000000000020b4       0x18 KTMP/kernel.o
                0x00000000000020b4                __pi_waitmem
 .text.diag     0x00000000000020cc      0x144 KTMP/kernel.o
                0x00000000000020cc                diag
 .text.lrnd     0x0000000000002210       0x24 KTMP/kernel.o
                0x0000000000002210                lrnd
 .text.enq      0x0000000000002234       0x4c KTMP/tcv.o
 .text.apb      0x0000000000002280       0x16 KTMP/tcv.o
 .text.deq      0x0000000000002296       0x1a KTMP/tcv.o
 .text.rlp      0x00000000000022b0        0xe KTMP/tcv.o
 *fill*         0x00000000000022be        0x2 00000000
 .text.dispose  0x00000000000022c0       0x8c KTMP/tcv.o
 .text.tcv_endp
                0x000000000000234c       0x70 KTMP/tcv.o
                0x000000000000234c                tcv_endp
 .text.tcv_open
                0x00000000000023bc       0xc0 KTMP/tcv.o
                0x00000000000023bc                tcv_open
 .text.tcv_plug
                0x000000000000247c       0x24 KTMP/tcv.o
                0x000000000000247c                tcv_plug
 .text.tcv_rnp  0x00000000000024a0       0x80 KTMP/tcv.o
                0x00000000000024a0                tcv_rnp
 .text.tcv_wnps
                0x0000000000002520       0xbc KTMP/tcv.o
                0x0000000000002520                tcv_wnps
 .text.tcvp_control
                0x00000000000025dc       0x2c KTMP/tcv.o
                0x00000000000025dc                tcvp_control
 .text.tcv_control
                0x0000000000002608       0x60 KTMP/tcv.o
                0x0000000000002608                tcv_control
 .text.tcvp_new
                0x0000000000002668       0x68 KTMP/tcv.o
                0x0000000000002668                tcvp_new
 .text.tcvphy_reg
                0x00000000000026d0       0x50 KTMP/tcv.o
                0x00000000000026d0                tcvphy_reg
 .text.tcvphy_rcv
                0x0000000000002720       0xa0 KTMP/tcv.o
                0x0000000000002720                tcvphy_rcv
 .text.tcvphy_get
                0x00000000000027c0       0x40 KTMP/tcv.o
                0x00000000000027c0                tcvphy_get
 .text.tcvphy_top
                0x0000000000002800       0x34 KTMP/tcv.o
                0x0000000000002800                tcvphy_top
 .text.tcvphy_end
                0x0000000000002834       0x3c KTMP/tcv.o
                0x0000000000002834                tcvphy_end
 .text.tcv_init
                0x0000000000002870        0x2 KTMP/tcv.o
                0x0000000000002870                tcv_init
 .text.NmiSRHandler
                0x0000000000002872        0x2 KTMP/startup_gcc.o
                0x0000000000002872                NmiSR
 .text.FaultISRHandler
                0x0000000000002874        0x2 KTMP/startup_gcc.o
                0x0000000000002874                FaultISR
 .text.IntDefaultHandler
                0x0000000000002876        0x2 KTMP/startup_gcc.o
                0x0000000000002876                TRNGIntHandler
                0x0000000000002876                SSI0IntHandler
                0x0000000000002876                SWEvent0IntHandler
                0x0000000000002876                uDMAIntHandler
                0x0000000000002876                WatchdogIntHandler
                0x0000000000002876                RFCHardwareIntHandler
                0x0000000000002876                Timer1BIntHandler
                0x0000000000002876                I2SIntHandler
                0x0000000000002876                Timer2BIntHandler
                0x0000000000002876                Timer2AIntHandler
                0x0000000000002876                Timer1AIntHandler
                0x0000000000002876                AONIntHandler
                0x0000000000002876                AUXSWEvent0IntHandler
                0x0000000000002876                AUXADCIntHandler
                0x0000000000002876                PendSVIntHandler
                0x0000000000002876                RFCCPE1IntHandler
                0x0000000000002876                AUXSWEvent1IntHandler
                0x0000000000002876                SVCallIntHandler
                0x0000000000002876                MPUFaultIntHandler
                0x0000000000002876                SysTickIntHandler
                0x0000000000002876                BusFaultIntHandler
                0x0000000000002876                AONProgIntHandler
                0x0000000000002876                AUXCompAIntHandler
                0x0000000000002876                SSI1IntHandler
                0x0000000000002876                FlashIntHandler
                0x0000000000002876                uDMAErrIntHandler
                0x0000000000002876                UsageFaultIntHandler
                0x0000000000002876                RFCCmdAckIntHandler
                0x0000000000002876                CryptoIntHandler
                0x0000000000002876                Timer0AIntHandler
                0x0000000000002876                I2CIntHandler
                0x0000000000002876                DebugMonIntHandler
                0x0000000000002876                Timer0BIntHandler
                0x0000000000002876                AUXCombEventIntHandler
                0x0000000000002876                Timer3AIntHandler
                0x0000000000002876                DynProgIntHandler
                0x0000000000002876                Timer3BIntHandler
 .text.ResetISR
                0x0000000000002878       0x50 KTMP/startup_gcc.o
                0x0000000000002878                ResetISR
 .text.get_byte
                0x00000000000028c8       0x30 KTMP/storage_mx25r8035.o
 .text.put_byte
                0x00000000000028f8       0x34 KTMP/storage_mx25r8035.o
 .text.cmd_0    0x000000000000292c       0x1c KTMP/storage_mx25r8035.o
 .text.wwait    0x0000000000002948       0x58 KTMP/storage_mx25r8035.o
 .text.ready    0x00000000000029a0       0x44 KTMP/storage_mx25r8035.o
 .text.cclose   0x00000000000029e4       0x24 KTMP/storage_mx25r8035.o
 .text.ee_open  0x0000000000002a08       0x14 KTMP/storage_mx25r8035.o
                0x0000000000002a08                ee_open
 .text.ee_close
                0x0000000000002a1c       0x14 KTMP/storage_mx25r8035.o
                0x0000000000002a1c                ee_close
 .text.ser_out  0x0000000000002a30       0x6c KTMP/ser_out.o
                0x0000000000002a30                ser_out
 .text.ser_in   0x0000000000002a9c       0x78 KTMP/ser_in.o
                0x0000000000002a9c                ser_in
 .text.ser_outf
                0x0000000000002b14       0x54 KTMP/ser_outf.o
                0x0000000000002b14                ser_outf
 .text.ser_inf  0x0000000000002b68       0x60 KTMP/ser_inf.o
                0x0000000000002b68                ser_inf
 .text.plugch   0x0000000000002bc8       0x20 KTMP/rfprop.o
 .text.option   0x0000000000002be8      0x190 KTMP/rfprop.o
 .text.issue_cmd
                0x0000000000002d78       0x48 KTMP/rfprop.o
 .text.rx_de    0x0000000000002dc0       0x24 KTMP/rfprop.o
 .text.rf_off   0x0000000000002de4       0x60 KTMP/rfprop.o
 .text.wait_cmd.constprop.0
                0x0000000000002e44       0x38 KTMP/rfprop.o
 .text.rf_on    0x0000000000002e7c      0x1a8 KTMP/rfprop.o
 .text.rx_int_enable
                0x0000000000003024       0xc4 KTMP/rfprop.o
 .text.cc1350_driver
                0x00000000000030e8      0x1e0 KTMP/rfprop.o
                0x00000000000030e8                cc1350_driver
 .text.RFCCPE0IntHandler
                0x00000000000032c8       0x6c KTMP/rfprop.o
                0x00000000000032c8                RFCCPE0IntHandler
 .text.phys_cc1350
                0x0000000000003334      0x174 KTMP/rfprop.o
                0x0000000000003334                phys_cc1350
 .text.tcv_clo_null
                0x00000000000034a8       0x24 KTMP/plug_null.o
 .text.tcv_rcv_null
                0x00000000000034cc       0x24 KTMP/plug_null.o
 .text.tcv_frm_null
                0x00000000000034f0        0x8 KTMP/plug_null.o
 .text.tcv_out_null
                0x00000000000034f8        0x4 KTMP/plug_null.o
 .text.tcv_xmt_null
                0x00000000000034fc        0x4 KTMP/plug_null.o
 .text.tcv_ope_null
                0x0000000000003500       0x48 KTMP/plug_null.o
 .text.__outserial
                0x0000000000003548       0x70 KTMP/__outserial.o
                0x0000000000003548                __outserial
 .text.__inserial
                0x00000000000035b8      0x11c KTMP/__inserial.o
                0x00000000000035b8                __inserial
 .text.outc.0   0x00000000000036d4       0x20 KTMP/vform.o
 .text.__pi_vfparse
                0x00000000000036f4      0x224 KTMP/vform.o
                0x00000000000036f4                __pi_vfparse
 .text.vform    0x0000000000003918       0x50 KTMP/vform.o
                0x0000000000003918                vform
 .text.vscan    0x0000000000003968      0x394 KTMP/vscan.o
                0x0000000000003968                vscan
 .text.SafeHapiVoid
                0x0000000000003cfc       0x28 /home/weavers5/Desktop/OLSONET/PICOS/PicOS/CC13XX/CC13XXWARE/driverlib/bin/gcc/driverlib.lib(adi.o)
                0x0000000000003cfc                SafeHapiVoid
 .text.NOROM_AONBatMonTemperatureGetDegC
                0x0000000000003d24       0x30 /home/weavers5/Desktop/OLSONET/PICOS/PicOS/CC13XX/CC13XXWARE/driverlib/bin/gcc/driverlib.lib(aon_batmon.o)
                0x0000000000003d24                NOROM_AONBatMonTemperatureGetDegC
 .text.NOROM_AONRTCCurrentCompareValueGet
                0x0000000000003d54       0x20 /home/weavers5/Desktop/OLSONET/PICOS/PicOS/CC13XX/CC13XXWARE/driverlib/bin/gcc/driverlib.lib(aon_rtc.o)
                0x0000000000003d54                NOROM_AONRTCCurrentCompareValueGet
 .text.NOROM_AONRTCCurrent64BitValueGet
                0x0000000000003d74       0x18 /home/weavers5/Desktop/OLSONET/PICOS/PicOS/CC13XX/CC13XXWARE/driverlib/bin/gcc/driverlib.lib(aon_rtc.o)
                0x0000000000003d74                NOROM_AONRTCCurrent64BitValueGet
 .text.NOROM_CPUcpsid
                0x0000000000003d8c        0x8 /home/weavers5/Desktop/OLSONET/PICOS/PicOS/CC13XX/CC13XXWARE/driverlib/bin/gcc/driverlib.lib(cpu.o)
                0x0000000000003d8c                NOROM_CPUcpsid
 .text.NOROM_CPUcpsie
                0x0000000000003d94        0x8 /home/weavers5/Desktop/OLSONET/PICOS/PicOS/CC13XX/CC13XXWARE/driverlib/bin/gcc/driverlib.lib(cpu.o)
                0x0000000000003d94                NOROM_CPUcpsie
 .text.NOROM_OSCClockSourceSet
                0x0000000000003d9c       0x5c /home/weavers5/Desktop/OLSONET/PICOS/PicOS/CC13XX/CC13XXWARE/driverlib/bin/gcc/driverlib.lib(osc.o)
                0x0000000000003d9c                NOROM_OSCClockSourceSet
 .text.NOROM_OSCClockSourceGet
                0x0000000000003df8       0x2c /home/weavers5/Desktop/OLSONET/PICOS/PicOS/CC13XX/CC13XXWARE/driverlib/bin/gcc/driverlib.lib(osc.o)
                0x0000000000003df8                NOROM_OSCClockSourceGet
 .text.NOROM_OSCHF_TurnOnXosc
                0x0000000000003e24       0x18 /home/weavers5/Desktop/OLSONET/PICOS/PicOS/CC13XX/CC13XXWARE/driverlib/bin/gcc/driverlib.lib(osc.o)
                0x0000000000003e24                NOROM_OSCHF_TurnOnXosc
 .text.NOROM_OSCHF_AttemptToSwitchToXosc
                0x0000000000003e3c       0x60 /home/weavers5/Desktop/OLSONET/PICOS/PicOS/CC13XX/CC13XXWARE/driverlib/bin/gcc/driverlib.lib(osc.o)
                0x0000000000003e3c                NOROM_OSCHF_AttemptToSwitchToXosc
 .text.NOROM_OSCHF_SwitchToRcOscTurnOffXosc
                0x0000000000003e9c       0x34 /home/weavers5/Desktop/OLSONET/PICOS/PicOS/CC13XX/CC13XXWARE/driverlib/bin/gcc/driverlib.lib(osc.o)
                0x0000000000003e9c                NOROM_OSCHF_SwitchToRcOscTurnOffXosc
 .text.NOROM_RFCDoorbellSendTo
                0x0000000000003ed0       0x28 /home/weavers5/Desktop/OLSONET/PICOS/PicOS/CC13XX/CC13XXWARE/driverlib/bin/gcc/driverlib.lib(rfc.o)
                0x0000000000003ed0                NOROM_RFCDoorbellSendTo
 .text.NOROM_RFCSynthPowerDown
                0x0000000000003ef8       0x4c /home/weavers5/Desktop/OLSONET/PICOS/PicOS/CC13XX/CC13XXWARE/driverlib/bin/gcc/driverlib.lib(rfc.o)
                0x0000000000003ef8                NOROM_RFCSynthPowerDown
 .text.NOROM_RFCRfTrimRead
                0x0000000000003f44      0x150 /home/weavers5/Desktop/OLSONET/PICOS/PicOS/CC13XX/CC13XXWARE/driverlib/bin/gcc/driverlib.lib(rfc.o)
                0x0000000000003f44                NOROM_RFCRfTrimRead
 .text.NOROM_RFCRTrim
                0x0000000000004094      0x118 /home/weavers5/Desktop/OLSONET/PICOS/PicOS/CC13XX/CC13XXWARE/driverlib/bin/gcc/driverlib.lib(rfc.o)
                0x0000000000004094                NOROM_RFCRTrim
 .text.NOROM_RFCRfTrimSet
                0x00000000000041ac       0x20 /home/weavers5/Desktop/OLSONET/PICOS/PicOS/CC13XX/CC13XXWARE/driverlib/bin/gcc/driverlib.lib(rfc.o)
                0x00000000000041ac                NOROM_RFCRfTrimSet
 .text.NOROM_RFCAdi3VcoLdoVoltageMode
                0x00000000000041cc       0x1c /home/weavers5/Desktop/OLSONET/PICOS/PicOS/CC13XX/CC13XXWARE/driverlib/bin/gcc/driverlib.lib(rfc.o)
                0x00000000000041cc                NOROM_RFCAdi3VcoLdoVoltageMode
 .text.TrimAfterColdResetWakeupFromShutDown
                0x00000000000041e8       0xd4 /home/weavers5/Desktop/OLSONET/PICOS/PicOS/CC13XX/CC13XXWARE/driverlib/bin/gcc/driverlib.lib(setup.o)
 .text.NOROM_SetupTrimDevice
                0x00000000000042bc       0xa4 /home/weavers5/Desktop/OLSONET/PICOS/PicOS/CC13XX/CC13XXWARE/driverlib/bin/gcc/driverlib.lib(setup.o)
                0x00000000000042bc                NOROM_SetupTrimDevice
 .text.NOROM_SetupSetVddrLevel
                0x0000000000004360       0x7c /home/weavers5/Desktop/OLSONET/PICOS/PicOS/CC13XX/CC13XXWARE/driverlib/bin/gcc/driverlib.lib(setup_rom.o)
                0x0000000000004360                NOROM_SetupSetVddrLevel
 .text.NOROM_SetupAfterColdResetWakeupFromShutDownCfg1
                0x00000000000043dc       0xac /home/weavers5/Desktop/OLSONET/PICOS/PicOS/CC13XX/CC13XXWARE/driverlib/bin/gcc/driverlib.lib(setup_rom.o)
                0x00000000000043dc                NOROM_SetupAfterColdResetWakeupFromShutDownCfg1
 .text.NOROM_SetupGetTrimForAnabypassValue1
                0x0000000000004488       0x5c /home/weavers5/Desktop/OLSONET/PICOS/PicOS/CC13XX/CC13XXWARE/driverlib/bin/gcc/driverlib.lib(setup_rom.o)
                0x0000000000004488                NOROM_SetupGetTrimForAnabypassValue1
 .text.NOROM_SetupGetTrimForRcOscLfRtuneCtuneTrim
                0x00000000000044e4       0x18 /home/weavers5/Desktop/OLSONET/PICOS/PicOS/CC13XX/CC13XXWARE/driverlib/bin/gcc/driverlib.lib(setup_rom.o)
                0x00000000000044e4                NOROM_SetupGetTrimForRcOscLfRtuneCtuneTrim
 .text.NOROM_SetupGetTrimForAmpcompTh2
                0x00000000000044fc       0x10 /home/weavers5/Desktop/OLSONET/PICOS/PicOS/CC13XX/CC13XXWARE/driverlib/bin/gcc/driverlib.lib(setup_rom.o)
                0x00000000000044fc                NOROM_SetupGetTrimForAmpcompTh2
 .text.NOROM_SetupGetTrimForAmpcompTh1
                0x000000000000450c       0x14 /home/weavers5/Desktop/OLSONET/PICOS/PicOS/CC13XX/CC13XXWARE/driverlib/bin/gcc/driverlib.lib(setup_rom.o)
                0x000000000000450c                NOROM_SetupGetTrimForAmpcompTh1
 .text.NOROM_SetupGetTrimForAmpcompCtrl
                0x0000000000004520       0x64 /home/weavers5/Desktop/OLSONET/PICOS/PicOS/CC13XX/CC13XXWARE/driverlib/bin/gcc/driverlib.lib(setup_rom.o)
                0x0000000000004520                NOROM_SetupGetTrimForAmpcompCtrl
 .text.NOROM_SetupGetTrimForDblrLoopFilterResetVoltage
                0x0000000000004584       0x14 /home/weavers5/Desktop/OLSONET/PICOS/PicOS/CC13XX/CC13XXWARE/driverlib/bin/gcc/driverlib.lib(setup_rom.o)
                0x0000000000004584                NOROM_SetupGetTrimForDblrLoopFilterResetVoltage
 .text.NOROM_SetupGetTrimForAdcShModeEn
                0x0000000000004598       0x14 /home/weavers5/Desktop/OLSONET/PICOS/PicOS/CC13XX/CC13XXWARE/driverlib/bin/gcc/driverlib.lib(setup_rom.o)
                0x0000000000004598                NOROM_SetupGetTrimForAdcShModeEn
 .text.NOROM_SetupGetTrimForAdcShVbufEn
                0x00000000000045ac       0x14 /home/weavers5/Desktop/OLSONET/PICOS/PicOS/CC13XX/CC13XXWARE/driverlib/bin/gcc/driverlib.lib(setup_rom.o)
                0x00000000000045ac                NOROM_SetupGetTrimForAdcShVbufEn
 .text.NOROM_SetupGetTrimForXoscHfCtl
                0x00000000000045c0       0x28 /home/weavers5/Desktop/OLSONET/PICOS/PicOS/CC13XX/CC13XXWARE/driverlib/bin/gcc/driverlib.lib(setup_rom.o)
                0x00000000000045c0                NOROM_SetupGetTrimForXoscHfCtl
 .text.NOROM_SetupGetTrimForXoscHfFastStart
                0x00000000000045e8       0x10 /home/weavers5/Desktop/OLSONET/PICOS/PicOS/CC13XX/CC13XXWARE/driverlib/bin/gcc/driverlib.lib(setup_rom.o)
                0x00000000000045e8                NOROM_SetupGetTrimForXoscHfFastStart
 .text.NOROM_SetupGetTrimForRadcExtCfg
                0x00000000000045f8       0x2c /home/weavers5/Desktop/OLSONET/PICOS/PicOS/CC13XX/CC13XXWARE/driverlib/bin/gcc/driverlib.lib(setup_rom.o)
                0x00000000000045f8                NOROM_SetupGetTrimForRadcExtCfg
 .text.NOROM_SetupGetTrimForRcOscLfIBiasTrim
                0x0000000000004624       0x14 /home/weavers5/Desktop/OLSONET/PICOS/PicOS/CC13XX/CC13XXWARE/driverlib/bin/gcc/driverlib.lib(setup_rom.o)
                0x0000000000004624                NOROM_SetupGetTrimForRcOscLfIBiasTrim
 .text.NOROM_SetupGetTrimForXoscLfRegulatorAndCmirrwrRatio
                0x0000000000004638       0x14 /home/weavers5/Desktop/OLSONET/PICOS/PicOS/CC13XX/CC13XXWARE/driverlib/bin/gcc/driverlib.lib(setup_rom.o)
                0x0000000000004638                NOROM_SetupGetTrimForXoscLfRegulatorAndCmirrwrRatio
 .text.NOROM_SetupAfterColdResetWakeupFromShutDownCfg2
                0x000000000000464c      0x110 /home/weavers5/Desktop/OLSONET/PICOS/PicOS/CC13XX/CC13XXWARE/driverlib/bin/gcc/driverlib.lib(setup_rom.o)
                0x000000000000464c                NOROM_SetupAfterColdResetWakeupFromShutDownCfg2
 .text.NOROM_SetupSetCacheModeAccordingToCcfgSetting
                0x000000000000475c       0x64 /home/weavers5/Desktop/OLSONET/PICOS/PicOS/CC13XX/CC13XXWARE/driverlib/bin/gcc/driverlib.lib(setup_rom.o)
                0x000000000000475c                NOROM_SetupSetCacheModeAccordingToCcfgSetting
 .text.NOROM_SetupSetAonRtcSubSecInc
                0x00000000000047c0       0x28 /home/weavers5/Desktop/OLSONET/PICOS/PicOS/CC13XX/CC13XXWARE/driverlib/bin/gcc/driverlib.lib(setup_rom.o)
                0x00000000000047c0                NOROM_SetupSetAonRtcSubSecInc
 .text.NOROM_SetupAfterColdResetWakeupFromShutDownCfg3
                0x00000000000047e8      0x150 /home/weavers5/Desktop/OLSONET/PICOS/PicOS/CC13XX/CC13XXWARE/driverlib/bin/gcc/driverlib.lib(setup_rom.o)
                0x00000000000047e8                NOROM_SetupAfterColdResetWakeupFromShutDownCfg3
 .text.NOROM_SysCtrlSetRechargeBeforePowerDown
                0x0000000000004938      0x220 /home/weavers5/Desktop/OLSONET/PICOS/PicOS/CC13XX/CC13XXWARE/driverlib/bin/gcc/driverlib.lib(sys_ctrl.o)
                0x0000000000004938                NOROM_SysCtrlSetRechargeBeforePowerDown
 .text.NOROM_SysCtrlAdjustRechargeAfterPowerDown
                0x0000000000004b58       0x60 /home/weavers5/Desktop/OLSONET/PICOS/PicOS/CC13XX/CC13XXWARE/driverlib/bin/gcc/driverlib.lib(sys_ctrl.o)
                0x0000000000004b58                NOROM_SysCtrlAdjustRechargeAfterPowerDown
 .text.NOROM_SysCtrlResetSourceGet
                0x0000000000004bb8       0x18 /home/weavers5/Desktop/OLSONET/PICOS/PicOS/CC13XX/CC13XXWARE/driverlib/bin/gcc/driverlib.lib(sys_ctrl.o)
                0x0000000000004bb8                NOROM_SysCtrlResetSourceGet
 .text.NOROM_ChipInfo_GetChipFamily
                0x0000000000004bd0       0x4c /home/weavers5/Desktop/OLSONET/PICOS/PicOS/CC13XX/CC13XXWARE/driverlib/bin/gcc/driverlib.lib(chipinfo.o)
                0x0000000000004bd0                NOROM_ChipInfo_GetChipFamily
 .text.NOROM_ChipInfo_GetHwRevision
                0x0000000000004c1c       0x6c /home/weavers5/Desktop/OLSONET/PICOS/PicOS/CC13XX/CC13XXWARE/driverlib/bin/gcc/driverlib.lib(chipinfo.o)
                0x0000000000004c1c                NOROM_ChipInfo_GetHwRevision
 .text.NOROM_ThisCodeIsBuiltForCC13xxHwRev20AndLater_HaltIfViolated
                0x0000000000004c88       0x16 /home/weavers5/Desktop/OLSONET/PICOS/PicOS/CC13XX/CC13XXWARE/driverlib/bin/gcc/driverlib.lib(chipinfo.o)
                0x0000000000004c88                NOROM_ThisCodeIsBuiltForCC13xxHwRev20AndLater_HaltIfViolated
 *fill*         0x0000000000004c9e        0x2 00000000
 .text.AuxAdiDdiSafeWrite.constprop.1
                0x0000000000004ca0       0x28 /home/weavers5/Desktop/OLSONET/PICOS/PicOS/CC13XX/CC13XXWARE/driverlib/bin/gcc/driverlib.lib(ddi.o)
 .text.NOROM_DDI32RegWrite
                0x0000000000004cc8        0x8 /home/weavers5/Desktop/OLSONET/PICOS/PicOS/CC13XX/CC13XXWARE/driverlib/bin/gcc/driverlib.lib(ddi.o)
                0x0000000000004cc8                NOROM_DDI32RegWrite
 .text          0x0000000000004cd0       0xa8 /usr/lib/gcc/arm-none-eabi/10.3.1/../../../arm-none-eabi/lib/thumb/nofp/libg.a(lib_a-memcpy-stub.o)
                0x0000000000004cd0                memcpy
 .text          0x0000000000004d78       0xb0 /usr/lib/gcc/arm-none-eabi/10.3.1/../../../arm-none-eabi/lib/thumb/nofp/libg.a(lib_a-memset.o)
                0x0000000000004d78                memset
 *(.rodata*)
 .rodata.Create.str1.1
                0x0000000000004e28       0xa3 KTMP/app.o
                                         0xa6 (size before relaxing)
 .rodata.Retrieve.str1.1
                0x0000000000004ecb       0x75 KTMP/app.o
 .rodata.Find.str1.1
                0x0000000000004f40       0x13 KTMP/app.o
 .rodata.Delete.str1.1
                0x0000000000004f53       0x37 KTMP/app.o
                                         0x62 (size before relaxing)
 .rodata.root.str1.1
                0x0000000000004f8a      0x16d KTMP/app.o
                                        0x170 (size before relaxing)
 .rodata.__pi_syserror.str1.1
                0x00000000000050f7        0xf KTMP/main.o
 .rodata.ioreq_uart_a.str1.1
                0x0000000000005106        0x8 KTMP/main.o
 .rodata.system_init.str1.1
                0x000000000000510e       0x63 KTMP/main.o
                                         0x64 (size before relaxing)
 .rodata.__pi_release.str1.1
                0x0000000000005171        0x3 KTMP/main.o
 .rodata.halt.str1.1
                0x0000000000005174        0xd KTMP/main.o
 *fill*         0x0000000000005181        0x3 00000000
 .rodata.port_confs
                0x0000000000005184       0x44 KTMP/main.o
                0x0000000000005184                port_confs
 .rodata.__pi_badstate.str1.1
                0x00000000000051c8        0x6 KTMP/kernel.o
 .rodata.utimer_add.str1.1
                0x00000000000051ce        0x5 KTMP/kernel.o
 .rodata.__pi_wait.str1.1
                0x00000000000051d3        0x3 KTMP/kernel.o
 .rodata.adddevfunc.str1.1
                0x00000000000051d6        0x5 KTMP/kernel.o
 .rodata.io.str1.1
                0x00000000000051db        0x3 KTMP/kernel.o
 .rodata.__pi_malloc_init.str1.1
                0x00000000000051de        0x5 KTMP/kernel.o
 .rodata.__pi_free.str1.1
                0x00000000000051e3        0x5 KTMP/kernel.o
 .rodata.kill.str1.1
                0x00000000000051e8        0x4 KTMP/kernel.o
 .rodata.__pi_malloc.str1.1
                0x00000000000051ec        0x5 KTMP/kernel.o
 .rodata.__pi_hex_enc_table
                0x00000000000051f1       0x10 KTMP/kernel.o
                0x00000000000051f1                __pi_hex_enc_table
 .rodata.enq.str1.1
                0x0000000000005201        0x6 KTMP/tcv.o
 .rodata.dispose.str1.1
                0x0000000000005207       0x18 KTMP/tcv.o
 .rodata.tcv_endp.str1.1
                0x000000000000521f        0xc KTMP/tcv.o
 .rodata.tcv_open.str1.1
                0x000000000000522b       0x12 KTMP/tcv.o
 .rodata.tcv_rnp.str1.1
                0x000000000000523d        0xc KTMP/tcv.o
 .rodata.tcv_wnps.str1.1
                0x0000000000005249       0x12 KTMP/tcv.o
 .rodata.tcvp_control.str1.1
                0x000000000000525b        0x6 KTMP/tcv.o
 .rodata.tcv_control.str1.1
                0x0000000000005261        0x6 KTMP/tcv.o
 .rodata.tcvp_new.str1.1
                0x0000000000005267        0xc KTMP/tcv.o
 .rodata.tcvphy_reg.str1.1
                0x0000000000005273        0xc KTMP/tcv.o
 .rodata.tcvphy_rcv.str1.1
                0x000000000000527f        0xc KTMP/tcv.o
 .rodata.tcvphy_get.str1.1
                0x000000000000528b        0x6 KTMP/tcv.o
 .rodata.tcvphy_top.str1.1
                0x0000000000005291        0x6 KTMP/tcv.o
 .rodata.tcvphy_end.str1.1
                0x0000000000005297        0x6 KTMP/tcv.o
 .rodata.__input_pins
                0x000000000000529d        0x4 KTMP/pin_sensor.o
                0x000000000000529d                __input_pins
 *fill*         0x00000000000052a1        0x1 00000000
 .rodata.__button_list
                0x00000000000052a2        0x4 KTMP/buttons.o
                0x00000000000052a2                __button_list
 .rodata.option.str1.1
                0x00000000000052a6        0x8 KTMP/rfprop.o
 .rodata.issue_cmd.str1.1
                0x00000000000052ae       0x19 KTMP/rfprop.o
 .rodata.wait_cmd.constprop.0.str1.1
                0x00000000000052c7       0x14 KTMP/rfprop.o
 .rodata.rx_int_enable.str1.1
                0x00000000000052db        0x7 KTMP/rfprop.o
 .rodata.cc1350_driver.str1.1
                0x00000000000052e2        0x8 KTMP/rfprop.o
 .rodata.phys_cc1350.str1.1
                0x00000000000052ea       0x20 KTMP/rfprop.o
 .rodata.patable
                0x000000000000530a       0x10 KTMP/rfprop.o
 *fill*         0x000000000000531a        0x2 00000000
 .rodata.patchGenfskRfe
                0x000000000000531c      0x6b4 KTMP/rfprop.o
 .rodata.patchImageGenfsk
                0x00000000000059d0      0x28c KTMP/rfprop.o
 .rodata.ratable
                0x0000000000005c5c        0xc KTMP/rfprop.o
 .rodata.tcv_ope_null.str1.1
                0x0000000000005c68       0x17 KTMP/plug_null.o
 *fill*         0x0000000000005c7f        0x1 00000000
 .rodata.plug_null
                0x0000000000005c80       0x20 KTMP/plug_null.o
                0x0000000000005c80                plug_null
 *(.init)
 *(.fini*)
 *(.eh_frame*)
                0x0000000000005ca0                _etext = .

.glue_7         0x0000000000005ca0        0x0
 .glue_7        0x0000000000005ca0        0x0 linker stubs

.glue_7t        0x0000000000005ca0        0x0
 .glue_7t       0x0000000000005ca0        0x0 linker stubs

.vfp11_veneer   0x0000000000005ca0        0x0
 .vfp11_veneer  0x0000000000005ca0        0x0 linker stubs

.v4_bx          0x0000000000005ca0        0x0
 .v4_bx         0x0000000000005ca0        0x0 linker stubs

.iplt           0x0000000000005ca0        0x0
 .iplt          0x0000000000005ca0        0x0 KTMP/app.o

.ARM.exidx      0x0000000000005ca0        0x0
                0x0000000000005ca0                __exidx_start = .
 *(.ARM.exidx* .gnu.linkonce.armexidx.*)
                0x0000000000005ca0                __exidx_end = .

.ARM.extab
 *(.ARM.extab* .gnu.linkonce.armextab.*)

.data           0x0000000020000000      0x10c load address 0x0000000000005ca0
                0x0000000020000000                _data = .
 *(vtable)
 *(.data*)
 .data.sfd      0x0000000020000000        0x4 KTMP/app.o
                0x0000000020000000                sfd
 .data.__pi_seed
                0x0000000020000004        0x4 KTMP/kernel.o
                0x0000000020000004                __pi_seed
 .data.cmd_cs   0x0000000020000008       0x1c KTMP/rfprop.o
 .data.cmd_srt  0x0000000020000024       0x14 KTMP/rfprop.o
 .data.offdelay
                0x0000000020000038        0x2 KTMP/rfprop.o
 .data.vrate    0x000000002000003a        0x1 KTMP/rfprop.o
 *fill*         0x000000002000003b        0x1 
 .data.RF_cmdFs
                0x000000002000003c       0x18 KTMP/smartrf_settings_lp_hr.o
                0x000000002000003c                RF_cmdFs
 .data.RF_cmdPropRadioDivSetup
                0x0000000020000054       0x28 KTMP/smartrf_settings_lp_hr.o
                0x0000000020000054                RF_cmdPropRadioDivSetup
 .data.RF_cmdPropRx
                0x000000002000007c       0x24 KTMP/smartrf_settings_lp_hr.o
                0x000000002000007c                RF_cmdPropRx
 .data.RF_cmdPropTx
                0x00000000200000a0       0x18 KTMP/smartrf_settings_lp_hr.o
                0x00000000200000a0                RF_cmdPropTx
 .data.pOverrides
                0x00000000200000b8       0x54 KTMP/smartrf_settings_lp_hr.o
                0x000000002000010c                _edata = .

.igot.plt       0x000000002000010c        0x0 load address 0x0000000000005dac
 .igot.plt      0x000000002000010c        0x0 KTMP/app.o

.bss            0x000000002000010c      0x654 load address 0x0000000000005dac
                0x000000002000010c                __bss_start__ = .
                0x000000002000010c                _bss = .
 *(.bss*)
 .bss.arg.9     0x000000002000010c        0x1 KTMP/app.o
 .bss.choice.1  0x000000002000010d        0x1 KTMP/app.o
 *fill*         0x000000002000010e        0x2 
 .bss.create_finished
                0x0000000020000110        0x4 KTMP/app.o
                0x0000000020000110                create_finished
 .bss.database  0x0000000020000114      0x460 KTMP/app.o
                0x0000000020000114                database
 .bss.db_print_index.0
                0x0000000020000574        0x4 KTMP/app.o
 .bss.delete_destination_id
                0x0000000020000578        0x1 KTMP/app.o
                0x0000000020000578                delete_destination_id
 *fill*         0x0000000020000579        0x3 
 .bss.delete_finished
                0x000000002000057c        0x4 KTMP/app.o
                0x000000002000057c                delete_finished
 .bss.delete_request_num
                0x0000000020000580        0x1 KTMP/app.o
                0x0000000020000580                delete_request_num
 .bss.delete_response_received
                0x0000000020000581        0x1 KTMP/app.o
                0x0000000020000581                delete_response_received
 .bss.delete_response_status
                0x0000000020000582        0x1 KTMP/app.o
                0x0000000020000582                delete_response_status
 *fill*         0x0000000020000583        0x1 
 .bss.dest_id.26
                0x0000000020000584        0x4 KTMP/app.o
 .bss.dest_id.31
                0x0000000020000588        0x4 KTMP/app.o
 .bss.destination_id
                0x000000002000058c        0x4 KTMP/app.o
                0x000000002000058c                destination_id
 .bss.destination_id.5
                0x0000000020000590        0x4 KTMP/app.o
 .bss.find_active
                0x0000000020000594        0x1 KTMP/app.o
                0x0000000020000594                find_active
 *fill*         0x0000000020000595        0x3 
 .bss.find_complete
                0x0000000020000598        0x4 KTMP/app.o
                0x0000000020000598                find_complete
 .bss.find_iteration
                0x000000002000059c        0x4 KTMP/app.o
                0x000000002000059c                find_iteration
 .bss.find_neighbor_count
                0x00000000200005a0        0x4 KTMP/app.o
                0x00000000200005a0                find_neighbor_count
 .bss.find_neighbors
                0x00000000200005a4       0x14 KTMP/app.o
                0x00000000200005a4                find_neighbors
 .bss.find_req_num
                0x00000000200005b8        0x1 KTMP/app.o
                0x00000000200005b8                find_req_num
 *fill*         0x00000000200005b9        0x3 
 .bss.found.12  0x00000000200005bc        0x4 KTMP/app.o
 .bss.group_ID  0x00000000200005c0        0x2 KTMP/app.o
                0x00000000200005c0                group_ID
 *fill*         0x00000000200005c2        0x2 
 .bss.i.11      0x00000000200005c4        0x4 KTMP/app.o
 .bss.i.30      0x00000000200005c8        0x4 KTMP/app.o
 .bss.max_records
                0x00000000200005cc        0x4 KTMP/app.o
                0x00000000200005cc                max_records
 .bss.msg_type.19
                0x00000000200005d0        0x1 KTMP/app.o
 *fill*         0x00000000200005d1        0x3 
 .bss.neighbor_print_index.6
                0x00000000200005d4        0x4 KTMP/app.o
 .bss.node_ID   0x00000000200005d8        0x4 KTMP/app.o
                0x00000000200005d8                node_ID
 .bss.p.21      0x00000000200005dc        0x4 KTMP/app.o
 .bss.p.27      0x00000000200005e0        0x4 KTMP/app.o
 .bss.packet.22
                0x00000000200005e4        0x4 KTMP/app.o
 .bss.packet.8  0x00000000200005e8        0x4 KTMP/app.o
 .bss.packet_group.20
                0x00000000200005ec        0x4 KTMP/app.o
 .bss.pending_active
                0x00000000200005f0        0x1 KTMP/app.o
                0x00000000200005f0                pending_active
 .bss.pending_destination_id
                0x00000000200005f1        0x1 KTMP/app.o
                0x00000000200005f1                pending_destination_id
 .bss.pending_req
                0x00000000200005f2        0x1 KTMP/app.o
                0x00000000200005f2                pending_req
 .bss.pending_request_num
                0x00000000200005f3        0x1 KTMP/app.o
                0x00000000200005f3                pending_request_num
 .bss.pending_type
                0x00000000200005f4        0x1 KTMP/app.o
                0x00000000200005f4                pending_type
 *fill*         0x00000000200005f5        0x3 
 .bss.q.13      0x00000000200005f8        0x4 KTMP/app.o
 .bss.read_packet.7
                0x00000000200005fc        0x4 KTMP/app.o
 .bss.receiver_id.16
                0x0000000020000600        0x1 KTMP/app.o
 .bss.record_data.29
                0x0000000020000601       0x14 KTMP/app.o
 *fill*         0x0000000020000615        0x3 
 .bss.record_index.25
                0x0000000020000618        0x4 KTMP/app.o
 .bss.record_index.4
                0x000000002000061c        0x4 KTMP/app.o
 .bss.reply_received
                0x0000000020000620        0x1 KTMP/app.o
                0x0000000020000620                reply_received
 .bss.reply_record
                0x0000000020000621       0x14 KTMP/app.o
                0x0000000020000621                reply_record
 .bss.reply_status
                0x0000000020000635        0x1 KTMP/app.o
                0x0000000020000635                reply_status
 .bss.request_num.18
                0x0000000020000636        0x1 KTMP/app.o
 *fill*         0x0000000020000637        0x1 
 .bss.retrieve_finished
                0x0000000020000638        0x4 KTMP/app.o
                0x0000000020000638                retrieve_finished
 .bss.sender_id.17
                0x000000002000063c        0x1 KTMP/app.o
 .bss.status.15
                0x000000002000063d        0x1 KTMP/app.o
 *fill*         0x000000002000063e        0x2 
 .bss.stored_records
                0x0000000020000640        0x4 KTMP/app.o
                0x0000000020000640                stored_records
 .bss.temp_create.10
                0x0000000020000644        0x4 KTMP/app.o
 .bss.__pi_uart
                0x0000000020000648        0x8 KTMP/main.o
                0x0000000020000648                __pi_uart
 .bss.setdel    0x0000000020000650        0x2 KTMP/main.o
 *fill*         0x0000000020000652        0x2 
 .bss.system_event_count
                0x0000000020000654        0x4 KTMP/main.o
                0x0000000020000654                system_event_count
 .bss.urates    0x0000000020000658        0x2 KTMP/main.o
 *fill*         0x000000002000065a        0x2 
 .bss.__PCB     0x000000002000065c        0x4 KTMP/kernel.o
                0x000000002000065c                __PCB
 .bss.__pi_curr
                0x0000000020000660        0x4 KTMP/kernel.o
                0x0000000020000660                __pi_curr
 .bss.__pi_mintk
                0x0000000020000664        0x2 KTMP/kernel.o
                0x0000000020000664                __pi_mintk
 .bss.__pi_new  0x0000000020000666        0x2 KTMP/kernel.o
                0x0000000020000666                __pi_new
 .bss.__pi_old  0x0000000020000668        0x2 KTMP/kernel.o
                0x0000000020000668                __pi_old
 *fill*         0x000000002000066a        0x2 
 .bss.__pi_systat
                0x000000002000066c        0x8 KTMP/kernel.o
                0x000000002000066c                __pi_systat
 .bss.__pi_utims
                0x0000000020000674       0x10 KTMP/kernel.o
                0x0000000020000674                __pi_utims
 .bss.entropy   0x0000000020000684        0x4 KTMP/kernel.o
                0x0000000020000684                entropy
 .bss.ioreq     0x0000000020000688        0x4 KTMP/kernel.o
 .bss.mcfree    0x000000002000068c        0x4 KTMP/kernel.o
 .bss.mevent    0x0000000020000690        0x2 KTMP/kernel.o
 *fill*         0x0000000020000692        0x2 
 .bss.mnfree    0x0000000020000694        0x4 KTMP/kernel.o
 .bss.mpools    0x0000000020000698        0x4 KTMP/kernel.o
 .bss.descriptors
                0x000000002000069c       0x20 KTMP/tcv.o
 .bss.oqueues   0x00000000200006bc        0xc KTMP/tcv.o
 .bss.physical  0x00000000200006c8        0xc KTMP/tcv.o
 .bss.physinfo  0x00000000200006d4        0xc KTMP/tcv.o
 .bss.plugins   0x00000000200006e0        0xc KTMP/tcv.o
 .bss.dopen     0x00000000200006ec        0x1 KTMP/storage_mx25r8035.o
 .bss.dstat     0x00000000200006ed        0x1 KTMP/storage_mx25r8035.o
 .bss.bckf_timer
                0x00000000200006ee        0x2 KTMP/rfprop.o
 .bss.channel   0x00000000200006f0        0x1 KTMP/rfprop.o
 *fill*         0x00000000200006f1        0x3 
 .bss.drvprcs   0x00000000200006f4        0x4 KTMP/rfprop.o
 .bss.dstate    0x00000000200006f8        0x1 KTMP/rfprop.o
 *fill*         0x00000000200006f9        0x3 
 .bss.paylen    0x00000000200006fc        0x4 KTMP/rfprop.o
 .bss.physid    0x0000000020000700        0x2 KTMP/rfprop.o
 *fill*         0x0000000020000702        0x2 
 .bss.qevent    0x0000000020000704        0x4 KTMP/rfprop.o
 .bss.rbuffl    0x0000000020000708        0x1 KTMP/rfprop.o
 *fill*         0x0000000020000709        0x3 
 .bss.rfTrim    0x000000002000070c       0x10 KTMP/rfprop.o
 .bss.rxstat    0x000000002000071c        0xc KTMP/rfprop.o
 .bss.statid    0x0000000020000728        0x2 KTMP/rfprop.o
 .bss.txtries   0x000000002000072a        0x1 KTMP/rfprop.o
 *fill*         0x000000002000072b        0x1 
 .bss.ndsc_null
                0x000000002000072c        0x4 KTMP/plug_null.o
 .bss.len.0     0x0000000020000730        0x4 KTMP/__outserial.o
 .bss.ptr.1     0x0000000020000734        0x4 KTMP/__outserial.o
 .bss.__inpline
                0x0000000020000738        0x4 KTMP/__inserial.o
                0x0000000020000738                __inpline
 .bss.len.0     0x000000002000073c        0x4 KTMP/__inserial.o
 .bss.ptr.1     0x0000000020000740        0x4 KTMP/__inserial.o
 .bss.oscHfGlobals
                0x0000000020000744       0x14 /home/weavers5/Desktop/OLSONET/PICOS/PicOS/CC13XX/CC13XXWARE/driverlib/bin/gcc/driverlib.lib(osc.o)
 .bss.powerQualGlobals
                0x0000000020000758        0x8 /home/weavers5/Desktop/OLSONET/PICOS/PicOS/CC13XX/CC13XXWARE/driverlib/bin/gcc/driverlib.lib(sys_ctrl.o)
 *(COMMON)
                0x0000000020000760                . = ALIGN (0x4)
                0x0000000020000760                _ebss = .
                0x0000000020000760                __bss_end__ = .

.ccfg           0x000000000001ffa8       0x58
 *(.ccfg)
 .ccfg          0x000000000001ffa8       0x58 KTMP/ccfg.o
                0x000000000001ffa8                __ccfg

.rel.dyn        0x0000000000020000        0x0
 .rel.iplt      0x0000000000020000        0x0 KTMP/app.o

._user_heap_stack
                0x0000000020000760      0x100
                0x0000000020000760                . = ALIGN (0x4)
                0x0000000020000760                . = (. + _Min_Heap_Size)
                0x0000000020000860                . = (. + _Min_Stack_Size)
 *fill*         0x0000000020000760      0x100 
                0x0000000020000860                . = ALIGN (0x4)

.gpram
LOAD KTMP/app.o
LOAD KTMP/main.o
LOAD KTMP/kernel.o
LOAD KTMP/tcv.o
LOAD KTMP/startup_gcc.o
LOAD KTMP/ccfg.o
LOAD KTMP/sensors.o
LOAD KTMP/analog_sensor.o
LOAD KTMP/pin_sensor.o
LOAD KTMP/pins_sys.o
LOAD KTMP/buttons.o
LOAD KTMP/storage_mx25r8035.o
LOAD KTMP/ser_out.o
LOAD KTMP/ser_outb.o
LOAD KTMP/ser_in.o
LOAD KTMP/ser_select.o
LOAD KTMP/form.o
LOAD KTMP/scan.o
LOAD KTMP/ser_outf.o
LOAD KTMP/ser_inf.o
LOAD KTMP/rfprop.o
LOAD KTMP/plug_null.o
LOAD KTMP/__outserial.o
LOAD KTMP/__inserial.o
LOAD KTMP/vform.o
LOAD KTMP/vscan.o
LOAD KTMP/smartrf_settings_lp_hr.o
LOAD /home/weavers5/Desktop/OLSONET/PICOS/PicOS/CC13XX/CC13XXWARE/driverlib/bin/gcc/driverlib.lib
START GROUP
LOAD /usr/lib/gcc/arm-none-eabi/10.3.1/thumb/nofp/libgcc.a
LOAD /usr/lib/gcc/arm-none-eabi/10.3.1/../../../arm-none-eabi/lib/thumb/nofp/libg.a
LOAD /usr/lib/gcc/arm-none-eabi/10.3.1/../../../arm-none-eabi/lib/thumb/nofp/libc.a
END GROUP
START GROUP
LOAD /usr/lib/gcc/arm-none-eabi/10.3.1/thumb/nofp/libgcc.a
LOAD /usr/lib/gcc/arm-none-eabi/10.3.1/../../../arm-none-eabi/lib/thumb/nofp/libc.a
LOAD /usr/lib/gcc/arm-none-eabi/10.3.1/../../../arm-none-eabi/lib/thumb/nofp/libnosys.a
END GROUP
OUTPUT(Image elf32-littlearm)
LOAD linker stubs

.debug_info     0x0000000000000000     0xcbb3
 .debug_info    0x0000000000000000      0xc09 KTMP/app.o
 .debug_info    0x0000000000000c09     0x1459 KTMP/main.o
 .debug_info    0x0000000000002062     0x114b KTMP/kernel.o
 .debug_info    0x00000000000031ad      0xfa7 KTMP/tcv.o
 .debug_info    0x0000000000004154      0x154 KTMP/startup_gcc.o
 .debug_info    0x00000000000042a8      0x1cd KTMP/ccfg.o
 .debug_info    0x0000000000004475      0x244 KTMP/pin_sensor.o
 .debug_info    0x00000000000046b9      0x1fe KTMP/buttons.o
 .debug_info    0x00000000000048b7      0x779 KTMP/storage_mx25r8035.o
 .debug_info    0x0000000000005030      0x120 KTMP/ser_out.o
 .debug_info    0x0000000000005150      0x10f KTMP/ser_in.o
 .debug_info    0x000000000000525f      0x14e KTMP/ser_outf.o
 .debug_info    0x00000000000053ad      0x14e KTMP/ser_inf.o
 .debug_info    0x00000000000054fb     0x1a29 KTMP/rfprop.o
 .debug_info    0x0000000000006f24      0x3c8 KTMP/plug_null.o
 .debug_info    0x00000000000072ec      0x217 KTMP/__outserial.o
 .debug_info    0x0000000000007503      0x22b KTMP/__inserial.o
 .debug_info    0x000000000000772e      0x31d KTMP/vform.o
 .debug_info    0x0000000000007a4b      0x29d KTMP/vscan.o
 .debug_info    0x0000000000007ce8     0x1407 KTMP/smartrf_settings_lp_hr.o
 .debug_info    0x00000000000090ef      0x18e /home/weavers5/Desktop/OLSONET/PICOS/PicOS/CC13XX/CC13XXWARE/driverlib/bin/gcc/driverlib.lib(adi.o)
 .debug_info    0x000000000000927d       0xd9 /home/weavers5/Desktop/OLSONET/PICOS/PicOS/CC13XX/CC13XXWARE/driverlib/bin/gcc/driverlib.lib(aon_batmon.o)
 .debug_info    0x0000000000009356      0x147 /home/weavers5/Desktop/OLSONET/PICOS/PicOS/CC13XX/CC13XXWARE/driverlib/bin/gcc/driverlib.lib(aon_rtc.o)
 .debug_info    0x000000000000949d      0x13a /home/weavers5/Desktop/OLSONET/PICOS/PicOS/CC13XX/CC13XXWARE/driverlib/bin/gcc/driverlib.lib(cpu.o)
 .debug_info    0x00000000000095d7      0x8c3 /home/weavers5/Desktop/OLSONET/PICOS/PicOS/CC13XX/CC13XXWARE/driverlib/bin/gcc/driverlib.lib(osc.o)
 .debug_info    0x0000000000009e9a      0xab8 /home/weavers5/Desktop/OLSONET/PICOS/PicOS/CC13XX/CC13XXWARE/driverlib/bin/gcc/driverlib.lib(rfc.o)
 .debug_info    0x000000000000a952      0x20b /home/weavers5/Desktop/OLSONET/PICOS/PicOS/CC13XX/CC13XXWARE/driverlib/bin/gcc/driverlib.lib(setup.o)
 .debug_info    0x000000000000ab5d      0xb1b /home/weavers5/Desktop/OLSONET/PICOS/PicOS/CC13XX/CC13XXWARE/driverlib/bin/gcc/driverlib.lib(setup_rom.o)
 .debug_info    0x000000000000b678      0x927 /home/weavers5/Desktop/OLSONET/PICOS/PicOS/CC13XX/CC13XXWARE/driverlib/bin/gcc/driverlib.lib(sys_ctrl.o)
 .debug_info    0x000000000000bf9f      0x3d0 /home/weavers5/Desktop/OLSONET/PICOS/PicOS/CC13XX/CC13XXWARE/driverlib/bin/gcc/driverlib.lib(chipinfo.o)
 .debug_info    0x000000000000c36f      0x5ab /home/weavers5/Desktop/OLSONET/PICOS/PicOS/CC13XX/CC13XXWARE/driverlib/bin/gcc/driverlib.lib(ddi.o)
 .debug_info    0x000000000000c91a      0x15c /usr/lib/gcc/arm-none-eabi/10.3.1/../../../arm-none-eabi/lib/thumb/nofp/libg.a(lib_a-memcpy-stub.o)
 .debug_info    0x000000000000ca76      0x13d /usr/lib/gcc/arm-none-eabi/10.3.1/../../../arm-none-eabi/lib/thumb/nofp/libg.a(lib_a-memset.o)

.debug_abbrev   0x0000000000000000     0x3614
 .debug_abbrev  0x0000000000000000      0x233 KTMP/app.o
 .debug_abbrev  0x0000000000000233      0x55b KTMP/main.o
 .debug_abbrev  0x000000000000078e      0x480 KTMP/kernel.o
 .debug_abbrev  0x0000000000000c0e      0x375 KTMP/tcv.o
 .debug_abbrev  0x0000000000000f83       0xc3 KTMP/startup_gcc.o
 .debug_abbrev  0x0000000000001046       0x7e KTMP/ccfg.o
 .debug_abbrev  0x00000000000010c4      0x178 KTMP/pin_sensor.o
 .debug_abbrev  0x000000000000123c      0x13c KTMP/buttons.o
 .debug_abbrev  0x0000000000001378      0x2db KTMP/storage_mx25r8035.o
 .debug_abbrev  0x0000000000001653       0x97 KTMP/ser_out.o
 .debug_abbrev  0x00000000000016ea       0x90 KTMP/ser_in.o
 .debug_abbrev  0x000000000000177a       0xe1 KTMP/ser_outf.o
 .debug_abbrev  0x000000000000185b       0xe3 KTMP/ser_inf.o
 .debug_abbrev  0x000000000000193e      0x39f KTMP/rfprop.o
 .debug_abbrev  0x0000000000001cdd      0x145 KTMP/plug_null.o
 .debug_abbrev  0x0000000000001e22      0x11e KTMP/__outserial.o
 .debug_abbrev  0x0000000000001f40      0x11b KTMP/__inserial.o
 .debug_abbrev  0x000000000000205b      0x168 KTMP/vform.o
 .debug_abbrev  0x00000000000021c3       0xf1 KTMP/vscan.o
 .debug_abbrev  0x00000000000022b4      0x134 KTMP/smartrf_settings_lp_hr.o
 .debug_abbrev  0x00000000000023e8       0xec /home/weavers5/Desktop/OLSONET/PICOS/PicOS/CC13XX/CC13XXWARE/driverlib/bin/gcc/driverlib.lib(adi.o)
 .debug_abbrev  0x00000000000024d4       0x6f /home/weavers5/Desktop/OLSONET/PICOS/PicOS/CC13XX/CC13XXWARE/driverlib/bin/gcc/driverlib.lib(aon_batmon.o)
 .debug_abbrev  0x0000000000002543       0xaa /home/weavers5/Desktop/OLSONET/PICOS/PicOS/CC13XX/CC13XXWARE/driverlib/bin/gcc/driverlib.lib(aon_rtc.o)
 .debug_abbrev  0x00000000000025ed       0xb0 /home/weavers5/Desktop/OLSONET/PICOS/PicOS/CC13XX/CC13XXWARE/driverlib/bin/gcc/driverlib.lib(cpu.o)
 .debug_abbrev  0x000000000000269d      0x25d /home/weavers5/Desktop/OLSONET/PICOS/PicOS/CC13XX/CC13XXWARE/driverlib/bin/gcc/driverlib.lib(osc.o)
 .debug_abbrev  0x00000000000028fa      0x220 /home/weavers5/Desktop/OLSONET/PICOS/PicOS/CC13XX/CC13XXWARE/driverlib/bin/gcc/driverlib.lib(rfc.o)
 .debug_abbrev  0x0000000000002b1a      0x142 /home/weavers5/Desktop/OLSONET/PICOS/PicOS/CC13XX/CC13XXWARE/driverlib/bin/gcc/driverlib.lib(setup.o)
 .debug_abbrev  0x0000000000002c5c      0x261 /home/weavers5/Desktop/OLSONET/PICOS/PicOS/CC13XX/CC13XXWARE/driverlib/bin/gcc/driverlib.lib(setup_rom.o)
 .debug_abbrev  0x0000000000002ebd      0x2ba /home/weavers5/Desktop/OLSONET/PICOS/PicOS/CC13XX/CC13XXWARE/driverlib/bin/gcc/driverlib.lib(sys_ctrl.o)
 .debug_abbrev  0x0000000000003177      0x1ce /home/weavers5/Desktop/OLSONET/PICOS/PicOS/CC13XX/CC13XXWARE/driverlib/bin/gcc/driverlib.lib(chipinfo.o)
 .debug_abbrev  0x0000000000003345      0x154 /home/weavers5/Desktop/OLSONET/PICOS/PicOS/CC13XX/CC13XXWARE/driverlib/bin/gcc/driverlib.lib(ddi.o)
 .debug_abbrev  0x0000000000003499       0xc7 /usr/lib/gcc/arm-none-eabi/10.3.1/../../../arm-none-eabi/lib/thumb/nofp/libg.a(lib_a-memcpy-stub.o)
 .debug_abbrev  0x0000000000003560       0xb4 /usr/lib/gcc/arm-none-eabi/10.3.1/../../../arm-none-eabi/lib/thumb/nofp/libg.a(lib_a-memset.o)

.debug_loc      0x0000000000000000     0x5a5b
 .debug_loc     0x0000000000000000      0x114 KTMP/app.o
 .debug_loc     0x0000000000000114      0x46b KTMP/main.o
 .debug_loc     0x000000000000057f      0xb7d KTMP/kernel.o
 .debug_loc     0x00000000000010fc      0xeb1 KTMP/tcv.o
 .debug_loc     0x0000000000001fad       0x80 KTMP/pin_sensor.o
 .debug_loc     0x000000000000202d       0x70 KTMP/buttons.o
 .debug_loc     0x000000000000209d      0x234 KTMP/storage_mx25r8035.o
 .debug_loc     0x00000000000022d1       0xba KTMP/ser_out.o
 .debug_loc     0x000000000000238b      0x112 KTMP/ser_in.o
 .debug_loc     0x000000000000249d       0x86 KTMP/ser_outf.o
 .debug_loc     0x0000000000002523       0x68 KTMP/ser_inf.o
 .debug_loc     0x000000000000258b      0x4a7 KTMP/rfprop.o
 .debug_loc     0x0000000000002a32      0x108 KTMP/plug_null.o
 .debug_loc     0x0000000000002b3a       0x66 KTMP/__outserial.o
 .debug_loc     0x0000000000002ba0       0x86 KTMP/__inserial.o
 .debug_loc     0x0000000000002c26      0x3ac KTMP/vform.o
 .debug_loc     0x0000000000002fd2      0x3f0 KTMP/vscan.o
 .debug_loc     0x00000000000033c2      0x115 /home/weavers5/Desktop/OLSONET/PICOS/PicOS/CC13XX/CC13XXWARE/driverlib/bin/gcc/driverlib.lib(adi.o)
 .debug_loc     0x00000000000034d7       0x4e /home/weavers5/Desktop/OLSONET/PICOS/PicOS/CC13XX/CC13XXWARE/driverlib/bin/gcc/driverlib.lib(aon_batmon.o)
 .debug_loc     0x0000000000003525       0x26 /home/weavers5/Desktop/OLSONET/PICOS/PicOS/CC13XX/CC13XXWARE/driverlib/bin/gcc/driverlib.lib(aon_rtc.o)
 .debug_loc     0x000000000000354b      0x3b9 /home/weavers5/Desktop/OLSONET/PICOS/PicOS/CC13XX/CC13XXWARE/driverlib/bin/gcc/driverlib.lib(osc.o)
 .debug_loc     0x0000000000003904      0x29c /home/weavers5/Desktop/OLSONET/PICOS/PicOS/CC13XX/CC13XXWARE/driverlib/bin/gcc/driverlib.lib(rfc.o)
 .debug_loc     0x0000000000003ba0       0xbc /home/weavers5/Desktop/OLSONET/PICOS/PicOS/CC13XX/CC13XXWARE/driverlib/bin/gcc/driverlib.lib(setup.o)
 .debug_loc     0x0000000000003c5c      0x9e8 /home/weavers5/Desktop/OLSONET/PICOS/PicOS/CC13XX/CC13XXWARE/driverlib/bin/gcc/driverlib.lib(setup_rom.o)
 .debug_loc     0x0000000000004644      0x44d /home/weavers5/Desktop/OLSONET/PICOS/PicOS/CC13XX/CC13XXWARE/driverlib/bin/gcc/driverlib.lib(sys_ctrl.o)
 .debug_loc     0x0000000000004a91      0x11f /home/weavers5/Desktop/OLSONET/PICOS/PicOS/CC13XX/CC13XXWARE/driverlib/bin/gcc/driverlib.lib(chipinfo.o)
 .debug_loc     0x0000000000004bb0      0x79c /home/weavers5/Desktop/OLSONET/PICOS/PicOS/CC13XX/CC13XXWARE/driverlib/bin/gcc/driverlib.lib(ddi.o)
 .debug_loc     0x000000000000534c      0x46c /usr/lib/gcc/arm-none-eabi/10.3.1/../../../arm-none-eabi/lib/thumb/nofp/libg.a(lib_a-memcpy-stub.o)
 .debug_loc     0x00000000000057b8      0x2a3 /usr/lib/gcc/arm-none-eabi/10.3.1/../../../arm-none-eabi/lib/thumb/nofp/libg.a(lib_a-memset.o)

.debug_aranges  0x0000000000000000      0xa00
 .debug_aranges
                0x0000000000000000       0x48 KTMP/app.o
 .debug_aranges
                0x0000000000000048       0xe8 KTMP/main.o
 .debug_aranges
                0x0000000000000130      0x158 KTMP/kernel.o
 .debug_aranges
                0x0000000000000288      0x108 KTMP/tcv.o
 .debug_aranges
                0x0000000000000390       0x38 KTMP/startup_gcc.o
 .debug_aranges
                0x00000000000003c8       0x18 KTMP/ccfg.o
 .debug_aranges
                0x00000000000003e0       0x28 KTMP/pin_sensor.o
 .debug_aranges
                0x0000000000000408       0x28 KTMP/buttons.o
 .debug_aranges
                0x0000000000000430       0x90 KTMP/storage_mx25r8035.o
 .debug_aranges
                0x00000000000004c0       0x20 KTMP/ser_out.o
 .debug_aranges
                0x00000000000004e0       0x20 KTMP/ser_in.o
 .debug_aranges
                0x0000000000000500       0x20 KTMP/ser_outf.o
 .debug_aranges
                0x0000000000000520       0x20 KTMP/ser_inf.o
 .debug_aranges
                0x0000000000000540       0x70 KTMP/rfprop.o
 .debug_aranges
                0x00000000000005b0       0x48 KTMP/plug_null.o
 .debug_aranges
                0x00000000000005f8       0x20 KTMP/__outserial.o
 .debug_aranges
                0x0000000000000618       0x20 KTMP/__inserial.o
 .debug_aranges
                0x0000000000000638       0x30 KTMP/vform.o
 .debug_aranges
                0x0000000000000668       0x20 KTMP/vscan.o
 .debug_aranges
                0x0000000000000688       0x18 KTMP/smartrf_settings_lp_hr.o
 .debug_aranges
                0x00000000000006a0       0x28 /home/weavers5/Desktop/OLSONET/PICOS/PicOS/CC13XX/CC13XXWARE/driverlib/bin/gcc/driverlib.lib(adi.o)
 .debug_aranges
                0x00000000000006c8       0x20 /home/weavers5/Desktop/OLSONET/PICOS/PicOS/CC13XX/CC13XXWARE/driverlib/bin/gcc/driverlib.lib(aon_batmon.o)
 .debug_aranges
                0x00000000000006e8       0x28 /home/weavers5/Desktop/OLSONET/PICOS/PicOS/CC13XX/CC13XXWARE/driverlib/bin/gcc/driverlib.lib(aon_rtc.o)
 .debug_aranges
                0x0000000000000710       0x40 /home/weavers5/Desktop/OLSONET/PICOS/PicOS/CC13XX/CC13XXWARE/driverlib/bin/gcc/driverlib.lib(cpu.o)
 .debug_aranges
                0x0000000000000750       0x68 /home/weavers5/Desktop/OLSONET/PICOS/PicOS/CC13XX/CC13XXWARE/driverlib/bin/gcc/driverlib.lib(osc.o)
 .debug_aranges
                0x00000000000007b8       0x58 /home/weavers5/Desktop/OLSONET/PICOS/PicOS/CC13XX/CC13XXWARE/driverlib/bin/gcc/driverlib.lib(rfc.o)
 .debug_aranges
                0x0000000000000810       0x28 /home/weavers5/Desktop/OLSONET/PICOS/PicOS/CC13XX/CC13XXWARE/driverlib/bin/gcc/driverlib.lib(setup.o)
 .debug_aranges
                0x0000000000000838       0xb8 /home/weavers5/Desktop/OLSONET/PICOS/PicOS/CC13XX/CC13XXWARE/driverlib/bin/gcc/driverlib.lib(setup_rom.o)
 .debug_aranges
                0x00000000000008f0       0x40 /home/weavers5/Desktop/OLSONET/PICOS/PicOS/CC13XX/CC13XXWARE/driverlib/bin/gcc/driverlib.lib(sys_ctrl.o)
 .debug_aranges
                0x0000000000000930       0x48 /home/weavers5/Desktop/OLSONET/PICOS/PicOS/CC13XX/CC13XXWARE/driverlib/bin/gcc/driverlib.lib(chipinfo.o)
 .debug_aranges
                0x0000000000000978       0x48 /home/weavers5/Desktop/OLSONET/PICOS/PicOS/CC13XX/CC13XXWARE/driverlib/bin/gcc/driverlib.lib(ddi.o)
 .debug_aranges
                0x00000000000009c0       0x20 /usr/lib/gcc/arm-none-eabi/10.3.1/../../../arm-none-eabi/lib/thumb/nofp/libg.a(lib_a-memcpy-stub.o)
 .debug_aranges
                0x00000000000009e0       0x20 /usr/lib/gcc/arm-none-eabi/10.3.1/../../../arm-none-eabi/lib/thumb/nofp/libg.a(lib_a-memset.o)

.debug_ranges   0x0000000000000000     0x1210
 .debug_ranges  0x0000000000000000      0x110 KTMP/app.o
 .debug_ranges  0x0000000000000110      0x498 KTMP/main.o
 .debug_ranges  0x00000000000005a8      0x1e0 KTMP/kernel.o
 .debug_ranges  0x0000000000000788      0x128 KTMP/tcv.o
 .debug_ranges  0x00000000000008b0       0x28 KTMP/startup_gcc.o
 .debug_ranges  0x00000000000008d8       0x40 KTMP/pin_sensor.o
 .debug_ranges  0x0000000000000918       0x78 KTMP/buttons.o
 .debug_ranges  0x0000000000000990      0x1e8 KTMP/storage_mx25r8035.o
 .debug_ranges  0x0000000000000b78       0x10 KTMP/ser_out.o
 .debug_ranges  0x0000000000000b88       0x10 KTMP/ser_in.o
 .debug_ranges  0x0000000000000b98       0x10 KTMP/ser_outf.o
 .debug_ranges  0x0000000000000ba8       0x10 KTMP/ser_inf.o
 .debug_ranges  0x0000000000000bb8      0x180 KTMP/rfprop.o
 .debug_ranges  0x0000000000000d38       0x38 KTMP/plug_null.o
 .debug_ranges  0x0000000000000d70       0x28 KTMP/__outserial.o
 .debug_ranges  0x0000000000000d98       0x30 KTMP/__inserial.o
 .debug_ranges  0x0000000000000dc8       0x98 KTMP/vform.o
 .debug_ranges  0x0000000000000e60       0x98 KTMP/vscan.o
 .debug_ranges  0x0000000000000ef8       0x18 /home/weavers5/Desktop/OLSONET/PICOS/PicOS/CC13XX/CC13XXWARE/driverlib/bin/gcc/driverlib.lib(adi.o)
 .debug_ranges  0x0000000000000f10       0x10 /home/weavers5/Desktop/OLSONET/PICOS/PicOS/CC13XX/CC13XXWARE/driverlib/bin/gcc/driverlib.lib(aon_batmon.o)
 .debug_ranges  0x0000000000000f20       0x18 /home/weavers5/Desktop/OLSONET/PICOS/PicOS/CC13XX/CC13XXWARE/driverlib/bin/gcc/driverlib.lib(aon_rtc.o)
 .debug_ranges  0x0000000000000f38       0x30 /home/weavers5/Desktop/OLSONET/PICOS/PicOS/CC13XX/CC13XXWARE/driverlib/bin/gcc/driverlib.lib(cpu.o)
 .debug_ranges  0x0000000000000f68       0x70 /home/weavers5/Desktop/OLSONET/PICOS/PicOS/CC13XX/CC13XXWARE/driverlib/bin/gcc/driverlib.lib(osc.o)
 .debug_ranges  0x0000000000000fd8       0x48 /home/weavers5/Desktop/OLSONET/PICOS/PicOS/CC13XX/CC13XXWARE/driverlib/bin/gcc/driverlib.lib(rfc.o)
 .debug_ranges  0x0000000000001020       0x18 /home/weavers5/Desktop/OLSONET/PICOS/PicOS/CC13XX/CC13XXWARE/driverlib/bin/gcc/driverlib.lib(setup.o)
 .debug_ranges  0x0000000000001038       0xd8 /home/weavers5/Desktop/OLSONET/PICOS/PicOS/CC13XX/CC13XXWARE/driverlib/bin/gcc/driverlib.lib(setup_rom.o)
 .debug_ranges  0x0000000000001110       0x60 /home/weavers5/Desktop/OLSONET/PICOS/PicOS/CC13XX/CC13XXWARE/driverlib/bin/gcc/driverlib.lib(sys_ctrl.o)
 .debug_ranges  0x0000000000001170       0x68 /home/weavers5/Desktop/OLSONET/PICOS/PicOS/CC13XX/CC13XXWARE/driverlib/bin/gcc/driverlib.lib(chipinfo.o)
 .debug_ranges  0x00000000000011d8       0x38 /home/weavers5/Desktop/OLSONET/PICOS/PicOS/CC13XX/CC13XXWARE/driverlib/bin/gcc/driverlib.lib(ddi.o)

.debug_line     0x0000000000000000     0x8aeb
 .debug_line    0x0000000000000000      0xe19 KTMP/app.o
 .debug_line    0x0000000000000e19     0x1503 KTMP/main.o
 .debug_line    0x000000000000231c      0xed6 KTMP/kernel.o
 .debug_line    0x00000000000031f2      0xc3e KTMP/tcv.o
 .debug_line    0x0000000000003e30      0x117 KTMP/startup_gcc.o
 .debug_line    0x0000000000003f47       0xeb KTMP/ccfg.o
 .debug_line    0x0000000000004032      0x21c KTMP/pin_sensor.o
 .debug_line    0x000000000000424e      0x2bf KTMP/buttons.o
 .debug_line    0x000000000000450d      0x898 KTMP/storage_mx25r8035.o
 .debug_line    0x0000000000004da5      0x159 KTMP/ser_out.o
 .debug_line    0x0000000000004efe      0x16d KTMP/ser_in.o
 .debug_line    0x000000000000506b      0x14a KTMP/ser_outf.o
 .debug_line    0x00000000000051b5      0x15b KTMP/ser_inf.o
 .debug_line    0x0000000000005310      0xbc2 KTMP/rfprop.o
 .debug_line    0x0000000000005ed2      0x257 KTMP/plug_null.o
 .debug_line    0x0000000000006129      0x183 KTMP/__outserial.o
 .debug_line    0x00000000000062ac      0x22d KTMP/__inserial.o
 .debug_line    0x00000000000064d9      0x39a KTMP/vform.o
 .debug_line    0x0000000000006873      0x272 KTMP/vscan.o
 .debug_line    0x0000000000006ae5      0x1ac KTMP/smartrf_settings_lp_hr.o
 .debug_line    0x0000000000006c91      0x1a0 /home/weavers5/Desktop/OLSONET/PICOS/PicOS/CC13XX/CC13XXWARE/driverlib/bin/gcc/driverlib.lib(adi.o)
 .debug_line    0x0000000000006e31      0x16b /home/weavers5/Desktop/OLSONET/PICOS/PicOS/CC13XX/CC13XXWARE/driverlib/bin/gcc/driverlib.lib(aon_batmon.o)
 .debug_line    0x0000000000006f9c      0x1ad /home/weavers5/Desktop/OLSONET/PICOS/PicOS/CC13XX/CC13XXWARE/driverlib/bin/gcc/driverlib.lib(aon_rtc.o)
 .debug_line    0x0000000000007149      0x1a0 /home/weavers5/Desktop/OLSONET/PICOS/PicOS/CC13XX/CC13XXWARE/driverlib/bin/gcc/driverlib.lib(cpu.o)
 .debug_line    0x00000000000072e9      0x2da /home/weavers5/Desktop/OLSONET/PICOS/PicOS/CC13XX/CC13XXWARE/driverlib/bin/gcc/driverlib.lib(osc.o)
 .debug_line    0x00000000000075c3      0x3ab /home/weavers5/Desktop/OLSONET/PICOS/PicOS/CC13XX/CC13XXWARE/driverlib/bin/gcc/driverlib.lib(rfc.o)
 .debug_line    0x000000000000796e      0x1ed /home/weavers5/Desktop/OLSONET/PICOS/PicOS/CC13XX/CC13XXWARE/driverlib/bin/gcc/driverlib.lib(setup.o)
 .debug_line    0x0000000000007b5b      0x45b /home/weavers5/Desktop/OLSONET/PICOS/PicOS/CC13XX/CC13XXWARE/driverlib/bin/gcc/driverlib.lib(setup_rom.o)
 .debug_line    0x0000000000007fb6      0x369 /home/weavers5/Desktop/OLSONET/PICOS/PicOS/CC13XX/CC13XXWARE/driverlib/bin/gcc/driverlib.lib(sys_ctrl.o)
 .debug_line    0x000000000000831f      0x22f /home/weavers5/Desktop/OLSONET/PICOS/PicOS/CC13XX/CC13XXWARE/driverlib/bin/gcc/driverlib.lib(chipinfo.o)
 .debug_line    0x000000000000854e      0x222 /home/weavers5/Desktop/OLSONET/PICOS/PicOS/CC13XX/CC13XXWARE/driverlib/bin/gcc/driverlib.lib(ddi.o)
 .debug_line    0x0000000000008770      0x1ad /usr/lib/gcc/arm-none-eabi/10.3.1/../../../arm-none-eabi/lib/thumb/nofp/libg.a(lib_a-memcpy-stub.o)
 .debug_line    0x000000000000891d      0x1ce /usr/lib/gcc/arm-none-eabi/10.3.1/../../../arm-none-eabi/lib/thumb/nofp/libg.a(lib_a-memset.o)

.debug_str      0x0000000000000000     0x4098
 .debug_str     0x0000000000000000      0xa06 KTMP/app.o
                                        0xab7 (size before relaxing)
 .debug_str     0x0000000000000a06      0x682 KTMP/main.o
                                        0x886 (size before relaxing)
 .debug_str     0x0000000000001088      0x265 KTMP/kernel.o
                                        0x5a0 (size before relaxing)
 .debug_str     0x00000000000012ed      0x269 KTMP/tcv.o
                                        0x4cd (size before relaxing)
 .debug_str     0x0000000000001556       0xae KTMP/startup_gcc.o
                                        0x240 (size before relaxing)
 .debug_str     0x0000000000001604      0x1d8 KTMP/ccfg.o
                                        0x369 (size before relaxing)
 .debug_str     0x00000000000017dc       0x78 KTMP/pin_sensor.o
                                        0x277 (size before relaxing)
 .debug_str     0x0000000000001854       0x78 KTMP/buttons.o
                                        0x24f (size before relaxing)
 .debug_str     0x00000000000018cc      0x113 KTMP/storage_mx25r8035.o
                                        0x332 (size before relaxing)
 .debug_str     0x00000000000019df       0x4a KTMP/ser_out.o
                                        0x1fc (size before relaxing)
 .debug_str     0x0000000000001a29       0x52 KTMP/ser_in.o
                                        0x1fc (size before relaxing)
 .debug_str     0x0000000000001a7b       0x4c KTMP/ser_outf.o
                                        0x21c (size before relaxing)
 .debug_str     0x0000000000001ac7       0x4a KTMP/ser_inf.o
                                        0x224 (size before relaxing)
 .debug_str     0x0000000000001b11      0x880 KTMP/rfprop.o
                                        0xb54 (size before relaxing)
 .debug_str     0x0000000000002391       0x70 KTMP/plug_null.o
                                        0x2a1 (size before relaxing)
 .debug_str     0x0000000000002401       0x63 KTMP/__outserial.o
                                        0x274 (size before relaxing)
 .debug_str     0x0000000000002464       0x50 KTMP/__inserial.o
                                        0x279 (size before relaxing)
 .debug_str     0x00000000000024b4       0x5e KTMP/vform.o
                                        0x24a (size before relaxing)
 .debug_str     0x0000000000002512       0x61 KTMP/vscan.o
                                        0x23c (size before relaxing)
 .debug_str     0x0000000000002573       0x60 KTMP/smartrf_settings_lp_hr.o
                                        0x620 (size before relaxing)
 .debug_str     0x00000000000025d3      0x1be /home/weavers5/Desktop/OLSONET/PICOS/PicOS/CC13XX/CC13XXWARE/driverlib/bin/gcc/driverlib.lib(adi.o)
                                        0x259 (size before relaxing)
 .debug_str     0x0000000000002791       0x7e /home/weavers5/Desktop/OLSONET/PICOS/PicOS/CC13XX/CC13XXWARE/driverlib/bin/gcc/driverlib.lib(aon_batmon.o)
                                        0x221 (size before relaxing)
 .debug_str     0x000000000000280f       0xce /home/weavers5/Desktop/OLSONET/PICOS/PicOS/CC13XX/CC13XXWARE/driverlib/bin/gcc/driverlib.lib(aon_rtc.o)
                                        0x27f (size before relaxing)
 .debug_str     0x00000000000028dd       0x61 /home/weavers5/Desktop/OLSONET/PICOS/PicOS/CC13XX/CC13XXWARE/driverlib/bin/gcc/driverlib.lib(cpu.o)
                                        0x227 (size before relaxing)
 .debug_str     0x000000000000293e      0x5d2 /home/weavers5/Desktop/OLSONET/PICOS/PicOS/CC13XX/CC13XXWARE/driverlib/bin/gcc/driverlib.lib(osc.o)
                                        0x822 (size before relaxing)
 .debug_str     0x0000000000002f10      0x1c9 /home/weavers5/Desktop/OLSONET/PICOS/PicOS/CC13XX/CC13XXWARE/driverlib/bin/gcc/driverlib.lib(rfc.o)
                                        0x603 (size before relaxing)
 .debug_str     0x00000000000030d9      0x203 /home/weavers5/Desktop/OLSONET/PICOS/PicOS/CC13XX/CC13XXWARE/driverlib/bin/gcc/driverlib.lib(setup.o)
                                        0x3ab (size before relaxing)
 .debug_str     0x00000000000032dc      0x4b8 /home/weavers5/Desktop/OLSONET/PICOS/PicOS/CC13XX/CC13XXWARE/driverlib/bin/gcc/driverlib.lib(setup_rom.o)
                                        0x792 (size before relaxing)
 .debug_str     0x0000000000003794      0x26f /home/weavers5/Desktop/OLSONET/PICOS/PicOS/CC13XX/CC13XXWARE/driverlib/bin/gcc/driverlib.lib(sys_ctrl.o)
                                        0x7e2 (size before relaxing)
 .debug_str     0x0000000000003a03      0x3c3 /home/weavers5/Desktop/OLSONET/PICOS/PicOS/CC13XX/CC13XXWARE/driverlib/bin/gcc/driverlib.lib(chipinfo.o)
                                        0x5ae (size before relaxing)
 .debug_str     0x0000000000003dc6       0xf2 /home/weavers5/Desktop/OLSONET/PICOS/PicOS/CC13XX/CC13XXWARE/driverlib/bin/gcc/driverlib.lib(ddi.o)
                                        0x316 (size before relaxing)
 .debug_str     0x0000000000003eb8      0x147 /usr/lib/gcc/arm-none-eabi/10.3.1/../../../arm-none-eabi/lib/thumb/nofp/libg.a(lib_a-memcpy-stub.o)
                                        0x1de (size before relaxing)
 .debug_str     0x0000000000003fff       0x99 /usr/lib/gcc/arm-none-eabi/10.3.1/../../../arm-none-eabi/lib/thumb/nofp/libg.a(lib_a-memset.o)
                                        0x1b9 (size before relaxing)

.comment        0x0000000000000000       0xa3
 .comment       0x0000000000000000       0x33 KTMP/app.o
                                         0x34 (size before relaxing)
 .comment       0x0000000000000033       0x34 KTMP/main.o
 .comment       0x0000000000000033       0x34 KTMP/kernel.o
 .comment       0x0000000000000033       0x34 KTMP/tcv.o
 .comment       0x0000000000000033       0x34 KTMP/startup_gcc.o
 .comment       0x0000000000000033       0x34 KTMP/ccfg.o
 .comment       0x0000000000000033       0x34 KTMP/pin_sensor.o
 .comment       0x0000000000000033       0x34 KTMP/buttons.o
 .comment       0x0000000000000033       0x34 KTMP/storage_mx25r8035.o
 .comment       0x0000000000000033       0x34 KTMP/ser_out.o
 .comment       0x0000000000000033       0x34 KTMP/ser_in.o
 .comment       0x0000000000000033       0x34 KTMP/ser_outf.o
 .comment       0x0000000000000033       0x34 KTMP/ser_inf.o
 .comment       0x0000000000000033       0x34 KTMP/rfprop.o
 .comment       0x0000000000000033       0x34 KTMP/plug_null.o
 .comment       0x0000000000000033       0x34 KTMP/__outserial.o
 .comment       0x0000000000000033       0x34 KTMP/__inserial.o
 .comment       0x0000000000000033       0x34 KTMP/vform.o
 .comment       0x0000000000000033       0x34 KTMP/vscan.o
 .comment       0x0000000000000033       0x34 KTMP/smartrf_settings_lp_hr.o
 .comment       0x0000000000000033       0x70 /home/weavers5/Desktop/OLSONET/PICOS/PicOS/CC13XX/CC13XXWARE/driverlib/bin/gcc/driverlib.lib(adi.o)
                                         0x71 (size before relaxing)
 .comment       0x00000000000000a3       0x71 /home/weavers5/Desktop/OLSONET/PICOS/PicOS/CC13XX/CC13XXWARE/driverlib/bin/gcc/driverlib.lib(aon_batmon.o)
 .comment       0x00000000000000a3       0x71 /home/weavers5/Desktop/OLSONET/PICOS/PicOS/CC13XX/CC13XXWARE/driverlib/bin/gcc/driverlib.lib(aon_rtc.o)
 .comment       0x00000000000000a3       0x71 /home/weavers5/Desktop/OLSONET/PICOS/PicOS/CC13XX/CC13XXWARE/driverlib/bin/gcc/driverlib.lib(cpu.o)
 .comment       0x00000000000000a3       0x71 /home/weavers5/Desktop/OLSONET/PICOS/PicOS/CC13XX/CC13XXWARE/driverlib/bin/gcc/driverlib.lib(osc.o)
 .comment       0x00000000000000a3       0x71 /home/weavers5/Desktop/OLSONET/PICOS/PicOS/CC13XX/CC13XXWARE/driverlib/bin/gcc/driverlib.lib(rfc.o)
 .comment       0x00000000000000a3       0x71 /home/weavers5/Desktop/OLSONET/PICOS/PicOS/CC13XX/CC13XXWARE/driverlib/bin/gcc/driverlib.lib(setup.o)
 .comment       0x00000000000000a3       0x71 /home/weavers5/Desktop/OLSONET/PICOS/PicOS/CC13XX/CC13XXWARE/driverlib/bin/gcc/driverlib.lib(setup_rom.o)
 .comment       0x00000000000000a3       0x71 /home/weavers5/Desktop/OLSONET/PICOS/PicOS/CC13XX/CC13XXWARE/driverlib/bin/gcc/driverlib.lib(sys_ctrl.o)
 .comment       0x00000000000000a3       0x71 /home/weavers5/Desktop/OLSONET/PICOS/PicOS/CC13XX/CC13XXWARE/driverlib/bin/gcc/driverlib.lib(chipinfo.o)
 .comment       0x00000000000000a3       0x71 /home/weavers5/Desktop/OLSONET/PICOS/PicOS/CC13XX/CC13XXWARE/driverlib/bin/gcc/driverlib.lib(ddi.o)
 .comment       0x00000000000000a3       0x34 /usr/lib/gcc/arm-none-eabi/10.3.1/../../../arm-none-eabi/lib/thumb/nofp/libg.a(lib_a-memcpy-stub.o)
 .comment       0x00000000000000a3       0x34 /usr/lib/gcc/arm-none-eabi/10.3.1/../../../arm-none-eabi/lib/thumb/nofp/libg.a(lib_a-memset.o)

.ARM.attributes
                0x0000000000000000       0x2f
 .ARM.attributes
                0x0000000000000000       0x2d KTMP/app.o
 .ARM.attributes
                0x000000000000002d       0x2d KTMP/main.o
 .ARM.attributes
                0x000000000000005a       0x2d KTMP/kernel.o
 .ARM.attributes
                0x0000000000000087       0x2d KTMP/tcv.o
 .ARM.attributes
                0x00000000000000b4       0x2d KTMP/startup_gcc.o
 .ARM.attributes
                0x00000000000000e1       0x33 KTMP/ccfg.o
 .ARM.attributes
                0x0000000000000114       0x2d KTMP/pin_sensor.o
 .ARM.attributes
                0x0000000000000141       0x2d KTMP/buttons.o
 .ARM.attributes
                0x000000000000016e       0x2d KTMP/storage_mx25r8035.o
 .ARM.attributes
                0x000000000000019b       0x2d KTMP/ser_out.o
 .ARM.attributes
                0x00000000000001c8       0x2d KTMP/ser_in.o
 .ARM.attributes
                0x00000000000001f5       0x2d KTMP/ser_outf.o
 .ARM.attributes
                0x0000000000000222       0x2d KTMP/ser_inf.o
 .ARM.attributes
                0x000000000000024f       0x2d KTMP/rfprop.o
 .ARM.attributes
                0x000000000000027c       0x2d KTMP/plug_null.o
 .ARM.attributes
                0x00000000000002a9       0x2d KTMP/__outserial.o
 .ARM.attributes
                0x00000000000002d6       0x2d KTMP/__inserial.o
 .ARM.attributes
                0x0000000000000303       0x2d KTMP/vform.o
 .ARM.attributes
                0x0000000000000330       0x2d KTMP/vscan.o
 .ARM.attributes
                0x000000000000035d       0x33 KTMP/smartrf_settings_lp_hr.o
 .ARM.attributes
                0x0000000000000390       0x33 /home/weavers5/Desktop/OLSONET/PICOS/PicOS/CC13XX/CC13XXWARE/driverlib/bin/gcc/driverlib.lib(adi.o)
 .ARM.attributes
                0x00000000000003c3       0x33 /home/weavers5/Desktop/OLSONET/PICOS/PicOS/CC13XX/CC13XXWARE/driverlib/bin/gcc/driverlib.lib(aon_batmon.o)
 .ARM.attributes
                0x00000000000003f6       0x33 /home/weavers5/Desktop/OLSONET/PICOS/PicOS/CC13XX/CC13XXWARE/driverlib/bin/gcc/driverlib.lib(aon_rtc.o)
 .ARM.attributes
                0x0000000000000429       0x33 /home/weavers5/Desktop/OLSONET/PICOS/PicOS/CC13XX/CC13XXWARE/driverlib/bin/gcc/driverlib.lib(cpu.o)
 .ARM.attributes
                0x000000000000045c       0x33 /home/weavers5/Desktop/OLSONET/PICOS/PicOS/CC13XX/CC13XXWARE/driverlib/bin/gcc/driverlib.lib(osc.o)
 .ARM.attributes
                0x000000000000048f       0x33 /home/weavers5/Desktop/OLSONET/PICOS/PicOS/CC13XX/CC13XXWARE/driverlib/bin/gcc/driverlib.lib(rfc.o)
 .ARM.attributes
                0x00000000000004c2       0x33 /home/weavers5/Desktop/OLSONET/PICOS/PicOS/CC13XX/CC13XXWARE/driverlib/bin/gcc/driverlib.lib(setup.o)
 .ARM.attributes
                0x00000000000004f5       0x33 /home/weavers5/Desktop/OLSONET/PICOS/PicOS/CC13XX/CC13XXWARE/driverlib/bin/gcc/driverlib.lib(setup_rom.o)
 .ARM.attributes
                0x0000000000000528       0x33 /home/weavers5/Desktop/OLSONET/PICOS/PicOS/CC13XX/CC13XXWARE/driverlib/bin/gcc/driverlib.lib(sys_ctrl.o)
 .ARM.attributes
                0x000000000000055b       0x33 /home/weavers5/Desktop/OLSONET/PICOS/PicOS/CC13XX/CC13XXWARE/driverlib/bin/gcc/driverlib.lib(chipinfo.o)
 .ARM.attributes
                0x000000000000058e       0x33 /home/weavers5/Desktop/OLSONET/PICOS/PicOS/CC13XX/CC13XXWARE/driverlib/bin/gcc/driverlib.lib(ddi.o)
 .ARM.attributes
                0x00000000000005c1       0x2a /usr/lib/gcc/arm-none-eabi/10.3.1/../../../arm-none-eabi/lib/thumb/nofp/libg.a(lib_a-memcpy-stub.o)
 .ARM.attributes
                0x00000000000005eb       0x2a /usr/lib/gcc/arm-none-eabi/10.3.1/../../../arm-none-eabi/lib/thumb/nofp/libg.a(lib_a-memset.o)

.debug_frame    0x0000000000000000     0x18b0
 .debug_frame   0x0000000000000000      0x154 KTMP/app.o
 .debug_frame   0x0000000000000154      0x2b0 KTMP/main.o
 .debug_frame   0x0000000000000404      0x3d4 KTMP/kernel.o
 .debug_frame   0x00000000000007d8      0x364 KTMP/tcv.o
 .debug_frame   0x0000000000000b3c       0x58 KTMP/startup_gcc.o
 .debug_frame   0x0000000000000b94       0x3c KTMP/pin_sensor.o
 .debug_frame   0x0000000000000bd0       0x68 KTMP/buttons.o
 .debug_frame   0x0000000000000c38      0x190 KTMP/storage_mx25r8035.o
 .debug_frame   0x0000000000000dc8       0x30 KTMP/ser_out.o
 .debug_frame   0x0000000000000df8       0x30 KTMP/ser_in.o
 .debug_frame   0x0000000000000e28       0x44 KTMP/ser_outf.o
 .debug_frame   0x0000000000000e6c       0x44 KTMP/ser_inf.o
 .debug_frame   0x0000000000000eb0      0x180 KTMP/rfprop.o
 .debug_frame   0x0000000000001030       0x84 KTMP/plug_null.o
 .debug_frame   0x00000000000010b4       0x3c KTMP/__outserial.o
 .debug_frame   0x00000000000010f0       0x48 KTMP/__inserial.o
 .debug_frame   0x0000000000001138       0x6c KTMP/vform.o
 .debug_frame   0x00000000000011a4       0x34 KTMP/vscan.o
 .debug_frame   0x00000000000011d8       0x64 /home/weavers5/Desktop/OLSONET/PICOS/PicOS/CC13XX/CC13XXWARE/driverlib/bin/gcc/driverlib.lib(adi.o)
 .debug_frame   0x000000000000123c       0x20 /home/weavers5/Desktop/OLSONET/PICOS/PicOS/CC13XX/CC13XXWARE/driverlib/bin/gcc/driverlib.lib(aon_batmon.o)
 .debug_frame   0x000000000000125c       0x30 /home/weavers5/Desktop/OLSONET/PICOS/PicOS/CC13XX/CC13XXWARE/driverlib/bin/gcc/driverlib.lib(aon_rtc.o)
 .debug_frame   0x000000000000128c       0x60 /home/weavers5/Desktop/OLSONET/PICOS/PicOS/CC13XX/CC13XXWARE/driverlib/bin/gcc/driverlib.lib(cpu.o)
 .debug_frame   0x00000000000012ec      0x104 /home/weavers5/Desktop/OLSONET/PICOS/PicOS/CC13XX/CC13XXWARE/driverlib/bin/gcc/driverlib.lib(osc.o)
 .debug_frame   0x00000000000013f0       0xb0 /home/weavers5/Desktop/OLSONET/PICOS/PicOS/CC13XX/CC13XXWARE/driverlib/bin/gcc/driverlib.lib(rfc.o)
 .debug_frame   0x00000000000014a0       0x44 /home/weavers5/Desktop/OLSONET/PICOS/PicOS/CC13XX/CC13XXWARE/driverlib/bin/gcc/driverlib.lib(setup.o)
 .debug_frame   0x00000000000014e4      0x194 /home/weavers5/Desktop/OLSONET/PICOS/PicOS/CC13XX/CC13XXWARE/driverlib/bin/gcc/driverlib.lib(setup_rom.o)
 .debug_frame   0x0000000000001678       0x9c /home/weavers5/Desktop/OLSONET/PICOS/PicOS/CC13XX/CC13XXWARE/driverlib/bin/gcc/driverlib.lib(sys_ctrl.o)
 .debug_frame   0x0000000000001714       0x8c /home/weavers5/Desktop/OLSONET/PICOS/PicOS/CC13XX/CC13XXWARE/driverlib/bin/gcc/driverlib.lib(chipinfo.o)
 .debug_frame   0x00000000000017a0       0xac /home/weavers5/Desktop/OLSONET/PICOS/PicOS/CC13XX/CC13XXWARE/driverlib/bin/gcc/driverlib.lib(ddi.o)
 .debug_frame   0x000000000000184c       0x34 /usr/lib/gcc/arm-none-eabi/10.3.1/../../../arm-none-eabi/lib/thumb/nofp/libg.a(lib_a-memcpy-stub.o)
 .debug_frame   0x0000000000001880       0x30 /usr/lib/gcc/arm-none-eabi/10.3.1/../../../arm-none-eabi/lib/thumb/nofp/libg.a(lib_a-memset.o)
